{
  "canonical_certificates_verified": 0,
  "credit": false,
  "gpu_execution": true,
  "inference_wall_ns": 132035951605,
  "measurements": {
    "bytes_from_verifier": 0,
    "bytes_to_verifier": 24490555,
    "channels": [
      {
        "bytes_from_verifier": 0,
        "bytes_to_verifier": 24490555,
        "phase": "public_distribution",
        "slot": null
      }
    ],
    "complete_physical_peak": false,
    "gpu_backend_selected": true,
    "joint_allocations": {
      "denied_allocations": 0,
      "enforced": true,
      "excluded_packed_w_capacity_bytes": 61394690560,
      "host_large_allocation_release": "glibc fixed mmap threshold 128 KiB, max 2 arenas",
      "host_layout_bytes": 61444070491,
      "native_reservation_bytes": 0,
      "operational_margin_required_bytes": 268435456,
      "payload_limit_bytes": 5905580032,
      "peak_plus_runtime_allowance_bytes": 997375625,
      "physical_runtime_allowance_verified": false,
      "runtime_allowance_bytes": 268435456,
      "temporary_live_bytes": 49380656,
      "temporary_payload_peak_bytes": 728940169
    },
    "memory_scope": "joint host allocator/native reservation counter covers both roles and realloc overlap; W packed alone is exempt; RSS/HWM and native phase samples remain diagnostics; physical runtime allowance requires external process/device measurement",
    "phases": [
      {
        "complete": true,
        "end_ns": 255510375793,
        "end_resources": {
          "host_process": [
            "VmHWM:\t60192436 kB",
            "VmRSS:\t60173400 kB"
          ],
          "joint_allocations": {
            "denied_allocations": 0,
            "enforced": true,
            "excluded_packed_w_capacity_bytes": 61394690560,
            "host_large_allocation_release": "glibc fixed mmap threshold 128 KiB, max 2 arenas",
            "host_layout_bytes": 61443894306,
            "native_reservation_bytes": 0,
            "operational_margin_required_bytes": 268435456,
            "payload_limit_bytes": 5905580032,
            "peak_plus_runtime_allowance_bytes": 997375625,
            "physical_runtime_allowance_verified": false,
            "runtime_allowance_bytes": 268435456,
            "temporary_live_bytes": 49204471,
            "temporary_payload_peak_bytes": 728940169
          },
          "native": {
            "reason": "native owner closed or stats unavailable",
            "sample_available": false
          }
        },
        "phase": "command_total",
        "role": "coordinator",
        "slot": null,
        "start_ns": 950416,
        "start_resources": {
          "host_process": [
            "VmHWM:\t    3072 kB",
            "VmRSS:\t    3072 kB"
          ],
          "joint_allocations": {
            "denied_allocations": 0,
            "enforced": false,
            "excluded_packed_w_capacity_bytes": 0,
            "host_large_allocation_release": "glibc fixed mmap threshold 128 KiB, max 2 arenas",
            "host_layout_bytes": 1843,
            "native_reservation_bytes": 0,
            "operational_margin_required_bytes": 268435456,
            "payload_limit_bytes": 5905580032,
            "peak_plus_runtime_allowance_bytes": 268435456,
            "physical_runtime_allowance_verified": false,
            "runtime_allowance_bytes": 268435456,
            "temporary_live_bytes": 2568,
            "temporary_payload_peak_bytes": 0
          },
          "native": null
        },
        "wall_ns": 255509425377
      },
      {
        "complete": true,
        "end_ns": 96628187161,
        "end_resources": {
          "host_process": [
            "VmHWM:\t60072920 kB",
            "VmRSS:\t60072920 kB"
          ],
          "joint_allocations": {
            "denied_allocations": 0,
            "enforced": true,
            "excluded_packed_w_capacity_bytes": 61394690560,
            "host_large_allocation_release": "glibc fixed mmap threshold 128 KiB, max 2 arenas",
            "host_layout_bytes": 61492795321,
            "native_reservation_bytes": 0,
            "operational_margin_required_bytes": 268435456,
            "payload_limit_bytes": 5905580032,
            "peak_plus_runtime_allowance_bytes": 366561607,
            "physical_runtime_allowance_verified": false,
            "runtime_allowance_bytes": 268435456,
            "temporary_live_bytes": 98105486,
            "temporary_payload_peak_bytes": 98126151
          },
          "native": null
        },
        "phase": "global_initialization",
        "role": "coordinator",
        "slot": null,
        "start_ns": 2318230,
        "start_resources": {
          "host_process": [
            "VmHWM:\t    4652 kB",
            "VmRSS:\t    4652 kB"
          ],
          "joint_allocations": {
            "denied_allocations": 0,
            "enforced": false,
            "excluded_packed_w_capacity_bytes": 0,
            "host_large_allocation_release": "glibc fixed mmap threshold 128 KiB, max 2 arenas",
            "host_layout_bytes": 17068,
            "native_reservation_bytes": 0,
            "operational_margin_required_bytes": 268435456,
            "payload_limit_bytes": 5905580032,
            "peak_plus_runtime_allowance_bytes": 268435456,
            "physical_runtime_allowance_verified": false,
            "runtime_allowance_bytes": 268435456,
            "temporary_live_bytes": 17793,
            "temporary_payload_peak_bytes": 0
          },
          "native": null
        },
        "wall_ns": 96625868931
      },
      {
        "complete": true,
        "end_ns": 7536818131,
        "end_resources": {
          "host_process": [
            "VmHWM:\t   81944 kB",
            "VmRSS:\t   81944 kB"
          ],
          "joint_allocations": {
            "denied_allocations": 0,
            "enforced": false,
            "excluded_packed_w_capacity_bytes": 0,
            "host_large_allocation_release": "glibc fixed mmap threshold 128 KiB, max 2 arenas",
            "host_layout_bytes": 82720533,
            "native_reservation_bytes": 0,
            "operational_margin_required_bytes": 268435456,
            "payload_limit_bytes": 5905580032,
            "peak_plus_runtime_allowance_bytes": 268435456,
            "physical_runtime_allowance_verified": false,
            "runtime_allowance_bytes": 268435456,
            "temporary_live_bytes": 82721258,
            "temporary_payload_peak_bytes": 0
          },
          "native": null
        },
        "phase": "read_and_compile_public",
        "role": "prover",
        "slot": null,
        "start_ns": 3018815,
        "start_resources": {
          "host_process": [
            "VmHWM:\t    4660 kB",
            "VmRSS:\t    4660 kB"
          ],
          "joint_allocations": {
            "denied_allocations": 0,
            "enforced": false,
            "excluded_packed_w_capacity_bytes": 0,
            "host_large_allocation_release": "glibc fixed mmap threshold 128 KiB, max 2 arenas",
            "host_layout_bytes": 20194,
            "native_reservation_bytes": 0,
            "operational_margin_required_bytes": 268435456,
            "payload_limit_bytes": 5905580032,
            "peak_plus_runtime_allowance_bytes": 268435456,
            "physical_runtime_allowance_verified": false,
            "runtime_allowance_bytes": 268435456,
            "temporary_live_bytes": 20919,
            "temporary_payload_peak_bytes": 0
          },
          "native": null
        },
        "wall_ns": 7533799316
      },
      {
        "complete": true,
        "end_ns": 7557234489,
        "end_resources": {
          "host_process": [
            "VmHWM:\t  103412 kB",
            "VmRSS:\t   82008 kB"
          ],
          "joint_allocations": {
            "denied_allocations": 0,
            "enforced": false,
            "excluded_packed_w_capacity_bytes": 0,
            "host_large_allocation_release": "glibc fixed mmap threshold 128 KiB, max 2 arenas",
            "host_layout_bytes": 73532912,
            "native_reservation_bytes": 0,
            "operational_margin_required_bytes": 268435456,
            "payload_limit_bytes": 5905580032,
            "peak_plus_runtime_allowance_bytes": 268435456,
            "physical_runtime_allowance_verified": false,
            "runtime_allowance_bytes": 268435456,
            "temporary_live_bytes": 73533637,
            "temporary_payload_peak_bytes": 0
          },
          "native": null
        },
        "phase": "public_distribution",
        "role": "coordinator",
        "slot": null,
        "start_ns": 7538430536,
        "start_resources": {
          "host_process": [
            "VmHWM:\t   81944 kB",
            "VmRSS:\t   81944 kB"
          ],
          "joint_allocations": {
            "denied_allocations": 0,
            "enforced": false,
            "excluded_packed_w_capacity_bytes": 0,
            "host_large_allocation_release": "glibc fixed mmap threshold 128 KiB, max 2 arenas",
            "host_layout_bytes": 82720661,
            "native_reservation_bytes": 0,
            "operational_margin_required_bytes": 268435456,
            "payload_limit_bytes": 5905580032,
            "peak_plus_runtime_allowance_bytes": 268435456,
            "physical_runtime_allowance_verified": false,
            "runtime_allowance_bytes": 268435456,
            "temporary_live_bytes": 82721386,
            "temporary_payload_peak_bytes": 0
          },
          "native": null
        },
        "wall_ns": 18803953
      },
      {
        "complete": true,
        "end_ns": 15037617287,
        "end_resources": {
          "host_process": [
            "VmHWM:\t  130976 kB",
            "VmRSS:\t  108664 kB"
          ],
          "joint_allocations": {
            "denied_allocations": 0,
            "enforced": false,
            "excluded_packed_w_capacity_bytes": 0,
            "host_large_allocation_release": "glibc fixed mmap threshold 128 KiB, max 2 arenas",
            "host_layout_bytes": 98061676,
            "native_reservation_bytes": 0,
            "operational_margin_required_bytes": 268435456,
            "payload_limit_bytes": 5905580032,
            "peak_plus_runtime_allowance_bytes": 268435456,
            "physical_runtime_allowance_verified": false,
            "runtime_allowance_bytes": 268435456,
            "temporary_live_bytes": 98062401,
            "temporary_payload_peak_bytes": 0
          },
          "native": null
        },
        "phase": "compile_received_public",
        "role": "verifier",
        "slot": null,
        "start_ns": 7558544242,
        "start_resources": {
          "host_process": [
            "VmHWM:\t  103412 kB",
            "VmRSS:\t   82008 kB"
          ],
          "joint_allocations": {
            "denied_allocations": 0,
            "enforced": false,
            "excluded_packed_w_capacity_bytes": 0,
            "host_large_allocation_release": "glibc fixed mmap threshold 128 KiB, max 2 arenas",
            "host_layout_bytes": 73532912,
            "native_reservation_bytes": 0,
            "operational_margin_required_bytes": 268435456,
            "payload_limit_bytes": 5905580032,
            "peak_plus_runtime_allowance_bytes": 268435456,
            "physical_runtime_allowance_verified": false,
            "runtime_allowance_bytes": 268435456,
            "temporary_live_bytes": 73533637,
            "temporary_payload_peak_bytes": 0
          },
          "native": null
        },
        "wall_ns": 7479073045
      },
      {
        "complete": true,
        "end_ns": 96626948237,
        "end_resources": {
          "host_process": [
            "VmHWM:\t60072920 kB",
            "VmRSS:\t60072920 kB"
          ],
          "joint_allocations": {
            "denied_allocations": 0,
            "enforced": true,
            "excluded_packed_w_capacity_bytes": 61394690560,
            "host_large_allocation_release": "glibc fixed mmap threshold 128 KiB, max 2 arenas",
            "host_layout_bytes": 61492791461,
            "native_reservation_bytes": 0,
            "operational_margin_required_bytes": 268435456,
            "payload_limit_bytes": 5905580032,
            "peak_plus_runtime_allowance_bytes": 366538680,
            "physical_runtime_allowance_verified": false,
            "runtime_allowance_bytes": 268435456,
            "temporary_live_bytes": 98101626,
            "temporary_payload_peak_bytes": 98103224
          },
          "native": null
        },
        "phase": "load_packed_w",
        "role": "prover",
        "slot": null,
        "start_ns": 15935026079,
        "start_resources": {
          "host_process": [
            "VmHWM:\t  130976 kB",
            "VmRSS:\t  117100 kB"
          ],
          "joint_allocations": {
            "denied_allocations": 0,
            "enforced": false,
            "excluded_packed_w_capacity_bytes": 0,
            "host_large_allocation_release": "glibc fixed mmap threshold 128 KiB, max 2 arenas",
            "host_layout_bytes": 98093824,
            "native_reservation_bytes": 0,
            "operational_margin_required_bytes": 268435456,
            "payload_limit_bytes": 5905580032,
            "peak_plus_runtime_allowance_bytes": 268435456,
            "physical_runtime_allowance_verified": false,
            "runtime_allowance_bytes": 268435456,
            "temporary_live_bytes": 98094549,
            "temporary_payload_peak_bytes": 0
          },
          "native": null
        },
        "wall_ns": 80691922158
      },
      {
        "complete": true,
        "end_ns": 121194081488,
        "end_resources": {
          "host_process": [
            "VmHWM:\t60170928 kB",
            "VmRSS:\t60170928 kB"
          ],
          "joint_allocations": {
            "denied_allocations": 0,
            "enforced": true,
            "excluded_packed_w_capacity_bytes": 61394690560,
            "host_large_allocation_release": "glibc fixed mmap threshold 128 KiB, max 2 arenas",
            "host_layout_bytes": 61492803966,
            "native_reservation_bytes": 42088,
            "operational_margin_required_bytes": 268435456,
            "payload_limit_bytes": 5905580032,
            "peak_plus_runtime_allowance_bytes": 366593273,
            "physical_runtime_allowance_verified": false,
            "runtime_allowance_bytes": 268435456,
            "temporary_live_bytes": 98156219,
            "temporary_payload_peak_bytes": 98157817
          },
          "native": {
            "generation_slot": null,
            "gpu_checkpoint_payload_bytes": 0,
            "gpu_histogram_payload_bytes": 0,
            "gpu_kv_capacity_payload_bytes": 0,
            "gpu_public_table_payload_bytes": 0,
            "host_public_tables_capacity_bytes": 24439558,
            "host_w_capacity_bytes": 61394690560,
            "native_cumulative": {
              "allocations": 0,
              "arena_bytes": 0,
              "cleanup_failed": 0,
              "d2d_bytes": 0,
              "d2h_bytes": 0,
              "fences": 229,
              "h2d_bytes": 61394690560,
              "host_owner_bytes": 42088,
              "launches": 0,
              "live_capacity_bytes": 0,
              "logical_bytes": 0,
              "peak_capacity_bytes": 0,
              "peak_reserved_bytes": 61394690560,
              "releases": 0,
              "stopped": 0,
              "weights_bytes": 61394690560,
              "weights_loaded_bytes": 61394690560,
              "weights_sealed": 1,
              "zeroed_bytes": 0
            },
            "prepared_snapshots": 0,
            "promoted_snapshots": 0,
            "sample_available": true,
            "scope": "named payloads are subsets of arena, not additions; W is outside arena; cumulative traffic and peaks must not be summed across samples; host metadata, protocol scratch and CUDA context require process/device observations"
          }
        },
        "phase": "native_global_residency",
        "role": "prover",
        "slot": null,
        "start_ns": 96629634853,
        "start_resources": {
          "host_process": [
            "VmHWM:\t60072920 kB",
            "VmRSS:\t60072920 kB"
          ],
          "joint_allocations": {
            "denied_allocations": 0,
            "enforced": true,
            "excluded_packed_w_capacity_bytes": 61394690560,
            "host_large_allocation_release": "glibc fixed mmap threshold 128 KiB, max 2 arenas",
            "host_layout_bytes": 61492795508,
            "native_reservation_bytes": 0,
            "operational_margin_required_bytes": 268435456,
            "payload_limit_bytes": 5905580032,
            "peak_plus_runtime_allowance_bytes": 366565493,
            "physical_runtime_allowance_verified": false,
            "runtime_allowance_bytes": 268435456,
            "temporary_live_bytes": 98105673,
            "temporary_payload_peak_bytes": 98130037
          },
          "native": null
        },
        "wall_ns": 24564446635
      },
      {
        "complete": true,
        "end_ns": 254231802071,
        "end_resources": {
          "host_process": [
            "VmHWM:\t60192436 kB",
            "VmRSS:\t60173336 kB"
          ],
          "joint_allocations": {
            "denied_allocations": 0,
            "enforced": true,
            "excluded_packed_w_capacity_bytes": 61394690560,
            "host_large_allocation_release": "glibc fixed mmap threshold 128 KiB, max 2 arenas",
            "host_layout_bytes": 61492907987,
            "native_reservation_bytes": 591319912,
            "operational_margin_required_bytes": 268435456,
            "payload_limit_bytes": 5905580032,
            "peak_plus_runtime_allowance_bytes": 997375625,
            "physical_runtime_allowance_verified": false,
            "runtime_allowance_bytes": 268435456,
            "temporary_live_bytes": 689538064,
            "temporary_payload_peak_bytes": 728940169
          },
          "native": {
            "generation_slot": 0,
            "gpu_checkpoint_payload_bytes": 98380800,
            "gpu_histogram_payload_bytes": 63437880,
            "gpu_kv_capacity_payload_bytes": 405504000,
            "gpu_public_table_payload_bytes": 23954072,
            "host_public_tables_capacity_bytes": 24439558,
            "host_w_capacity_bytes": 61394690560,
            "native_cumulative": {
              "allocations": 1238589,
              "arena_bytes": 591277824,
              "cleanup_failed": 0,
              "d2d_bytes": 235161600,
              "d2h_bytes": 1613692,
              "fences": 1247908,
              "h2d_bytes": 61418645112,
              "host_owner_bytes": 42088,
              "launches": 403423,
              "live_capacity_bytes": 591277824,
              "logical_bytes": 591276752,
              "peak_capacity_bytes": 630011904,
              "peak_reserved_bytes": 62024702464,
              "releases": 1238286,
              "stopped": 0,
              "weights_bytes": 61394690560,
              "weights_loaded_bytes": 61394690560,
              "weights_sealed": 1,
              "zeroed_bytes": 65051372
            },
            "prepared_snapshots": 1,
            "promoted_snapshots": 0,
            "sample_available": true,
            "scope": "named payloads are subsets of arena, not additions; W is outside arena; cumulative traffic and peaks must not be summed across samples; host metadata, protocol scratch and CUDA context require process/device observations"
          }
        },
        "phase": "preparation_including_inference",
        "role": "prover",
        "slot": 0,
        "start_ns": 121196201617,
        "start_resources": {
          "host_process": [
            "VmHWM:\t60170968 kB",
            "VmRSS:\t60170968 kB"
          ],
          "joint_allocations": {
            "denied_allocations": 0,
            "enforced": true,
            "excluded_packed_w_capacity_bytes": 61394690560,
            "host_large_allocation_release": "glibc fixed mmap threshold 128 KiB, max 2 arenas",
            "host_layout_bytes": 61492809296,
            "native_reservation_bytes": 42088,
            "operational_margin_required_bytes": 268435456,
            "payload_limit_bytes": 5905580032,
            "peak_plus_runtime_allowance_bytes": 366632210,
            "physical_runtime_allowance_verified": false,
            "runtime_allowance_bytes": 268435456,
            "temporary_live_bytes": 98161549,
            "temporary_payload_peak_bytes": 98196754
          },
          "native": {
            "generation_slot": null,
            "gpu_checkpoint_payload_bytes": 0,
            "gpu_histogram_payload_bytes": 0,
            "gpu_kv_capacity_payload_bytes": 0,
            "gpu_public_table_payload_bytes": 0,
            "host_public_tables_capacity_bytes": 24439558,
            "host_w_capacity_bytes": 61394690560,
            "native_cumulative": {
              "allocations": 0,
              "arena_bytes": 0,
              "cleanup_failed": 0,
              "d2d_bytes": 0,
              "d2h_bytes": 0,
              "fences": 229,
              "h2d_bytes": 61394690560,
              "host_owner_bytes": 42088,
              "launches": 0,
              "live_capacity_bytes": 0,
              "logical_bytes": 0,
              "peak_capacity_bytes": 0,
              "peak_reserved_bytes": 61394690560,
              "releases": 0,
              "stopped": 0,
              "weights_bytes": 61394690560,
              "weights_loaded_bytes": 61394690560,
              "weights_sealed": 1,
              "zeroed_bytes": 0
            },
            "prepared_snapshots": 0,
            "promoted_snapshots": 0,
            "sample_available": true,
            "scope": "named payloads are subsets of arena, not additions; W is outside arena; cumulative traffic and peaks must not be summed across samples; host metadata, protocol scratch and CUDA context require process/device observations"
          }
        },
        "wall_ns": 133035600454
      }
    ],
    "process_memory": [
      "VmHWM:\t60192436 kB",
      "VmRSS:\t60173400 kB"
    ],
    "resource_samples": [
      {
        "elapsed_ns": 15036711341,
        "phase": "public_table_owners",
        "simultaneous": {
          "host_process": [
            "VmHWM:\t  130976 kB",
            "VmRSS:\t  108664 kB"
          ],
          "joint_allocations": {
            "denied_allocations": 0,
            "enforced": false,
            "excluded_packed_w_capacity_bytes": 0,
            "host_large_allocation_release": "glibc fixed mmap threshold 128 KiB, max 2 arenas",
            "host_layout_bytes": 98055239,
            "native_reservation_bytes": 0,
            "operational_margin_required_bytes": 268435456,
            "payload_limit_bytes": 5905580032,
            "peak_plus_runtime_allowance_bytes": 268435456,
            "physical_runtime_allowance_verified": false,
            "runtime_allowance_bytes": 268435456,
            "temporary_live_bytes": 98055964,
            "temporary_payload_peak_bytes": 0
          },
          "native": null
        },
        "slot": null,
        "values": {
          "prover_capacity_bytes": 24439558,
          "verifier_capacity_bytes": 24439558
        }
      },
      {
        "elapsed_ns": 254241617222,
        "phase": "before_native_cleanup",
        "simultaneous": {
          "host_process": [
            "VmHWM:\t60192436 kB",
            "VmRSS:\t60173336 kB"
          ],
          "joint_allocations": {
            "denied_allocations": 0,
            "enforced": true,
            "excluded_packed_w_capacity_bytes": 61394690560,
            "host_large_allocation_release": "glibc fixed mmap threshold 128 KiB, max 2 arenas",
            "host_layout_bytes": 61443870381,
            "native_reservation_bytes": 591319912,
            "operational_margin_required_bytes": 268435456,
            "payload_limit_bytes": 5905580032,
            "peak_plus_runtime_allowance_bytes": 997375625,
            "physical_runtime_allowance_verified": false,
            "runtime_allowance_bytes": 268435456,
            "temporary_live_bytes": 640500458,
            "temporary_payload_peak_bytes": 728940169
          },
          "native": {
            "generation_slot": 0,
            "gpu_checkpoint_payload_bytes": 98380800,
            "gpu_histogram_payload_bytes": 63437880,
            "gpu_kv_capacity_payload_bytes": 405504000,
            "gpu_public_table_payload_bytes": 23954072,
            "host_public_tables_capacity_bytes": 24439558,
            "host_w_capacity_bytes": 61394690560,
            "native_cumulative": {
              "allocations": 1238589,
              "arena_bytes": 591277824,
              "cleanup_failed": 0,
              "d2d_bytes": 235161600,
              "d2h_bytes": 1613692,
              "fences": 1247908,
              "h2d_bytes": 61418645112,
              "host_owner_bytes": 42088,
              "launches": 403423,
              "live_capacity_bytes": 591277824,
              "logical_bytes": 591276752,
              "peak_capacity_bytes": 630011904,
              "peak_reserved_bytes": 62024702464,
              "releases": 1238286,
              "stopped": 0,
              "weights_bytes": 61394690560,
              "weights_loaded_bytes": 61394690560,
              "weights_sealed": 1,
              "zeroed_bytes": 65051372
            },
            "prepared_snapshots": 1,
            "promoted_snapshots": 0,
            "sample_available": true,
            "scope": "named payloads are subsets of arena, not additions; W is outside arena; cumulative traffic and peaks must not be summed across samples; host metadata, protocol scratch and CUDA context require process/device observations"
          }
        },
        "slot": null,
        "values": null
      },
      {
        "elapsed_ns": 255509542560,
        "phase": "native_cleanup",
        "simultaneous": {
          "host_process": [
            "VmHWM:\t60192436 kB",
            "VmRSS:\t60173400 kB"
          ],
          "joint_allocations": {
            "denied_allocations": 0,
            "enforced": true,
            "excluded_packed_w_capacity_bytes": 61394690560,
            "host_large_allocation_release": "glibc fixed mmap threshold 128 KiB, max 2 arenas",
            "host_layout_bytes": 61443885910,
            "native_reservation_bytes": 0,
            "operational_margin_required_bytes": 268435456,
            "payload_limit_bytes": 5905580032,
            "peak_plus_runtime_allowance_bytes": 997375625,
            "physical_runtime_allowance_verified": false,
            "runtime_allowance_bytes": 268435456,
            "temporary_live_bytes": 49196075,
            "temporary_payload_peak_bytes": 728940169
          },
          "native": {
            "reason": "native owner closed or stats unavailable",
            "sample_available": false
          }
        },
        "slot": null,
        "values": {
          "final_stats": {
            "allocations": 1238589,
            "arena_bytes": 0,
            "cleanup_failed": 0,
            "d2d_bytes": 235161600,
            "d2h_bytes": 1613692,
            "fences": 1247909,
            "h2d_bytes": 61418645112,
            "host_owner_bytes": 42088,
            "launches": 403423,
            "live_capacity_bytes": 0,
            "logical_bytes": 0,
            "peak_capacity_bytes": 630011904,
            "peak_reserved_bytes": 62024702464,
            "releases": 1238286,
            "stopped": 0,
            "weights_bytes": 0,
            "weights_loaded_bytes": 61394690560,
            "weights_sealed": 1,
            "zeroed_bytes": 65051372
          },
          "success": true
        }
      }
    ],
    "response_charges": [
      {
        "includes_initial_distribution_installation_and_setup": true,
        "observed_bytes_both_directions": 24490555,
        "observed_bytes_from_verifier": 0,
        "observed_bytes_to_verifier": 24490555,
        "response_channel_registered": false,
        "slot": 0
      },
      {
        "includes_initial_distribution_installation_and_setup": false,
        "observed_bytes_both_directions": 0,
        "observed_bytes_from_verifier": 0,
        "observed_bytes_to_verifier": 0,
        "response_channel_registered": false,
        "slot": 1
      },
      {
        "includes_initial_distribution_installation_and_setup": false,
        "observed_bytes_both_directions": 0,
        "observed_bytes_from_verifier": 0,
        "observed_bytes_to_verifier": 0,
        "response_channel_registered": false,
        "slot": 2
      }
    ],
    "timing_scope": "nested wall intervals; roles overlap, do not sum",
    "total_wall_ns": 255511266033,
    "traffic_scope": "actual application bytes at verifier boundary, including public distribution; excludes OS framing and executable provisioning"
  },
  "native_cleanup": {
    "allocations": 1238589,
    "arena_bytes": 0,
    "cleanup_failed": 0,
    "d2d_bytes": 235161600,
    "d2h_bytes": 1613692,
    "fences": 1247909,
    "h2d_bytes": 61418645112,
    "host_owner_bytes": 42088,
    "launches": 403423,
    "live_capacity_bytes": 0,
    "logical_bytes": 0,
    "peak_capacity_bytes": 630011904,
    "peak_reserved_bytes": 62024702464,
    "releases": 1238286,
    "stopped": 0,
    "weights_bytes": 0,
    "weights_loaded_bytes": 61394690560,
    "weights_sealed": 1,
    "zeroed_bytes": 65051372
  },
  "native_cumulative": {
    "allocations": 1238589,
    "arena_bytes": 591277824,
    "cleanup_failed": 0,
    "d2d_bytes": 235161600,
    "d2h_bytes": 1613692,
    "fences": 1247908,
    "h2d_bytes": 61418645112,
    "host_owner_bytes": 42088,
    "launches": 403423,
    "live_capacity_bytes": 591277824,
    "logical_bytes": 591276752,
    "peak_capacity_bytes": 630011904,
    "peak_reserved_bytes": 62024702464,
    "releases": 1238286,
    "stopped": 0,
    "weights_bytes": 61394690560,
    "weights_loaded_bytes": 61394690560,
    "weights_sealed": 1,
    "zeroed_bytes": 65051372
  },
  "old_tokens": 0,
  "packed_blake3": "0c864df612e2e2137caaee9d1bd354d8df3d3e1b99781e03835b4efa726c4d74",
  "preparation_including_inference_wall_ns": 133035600202,
  "readiness": false,
  "scope": "O=0 inference component; no commitment, PCG, proof, verification or continuation",
  "tokens": [
    2,
    1509,
    691,
    506,
    1791,
    529,
    2782,
    236764,
    625,
    691,
    506,
    14588,
    529,
    2782,
    236764,
    625,
    691,
    506,
    3911,
    529,
    23069,
    236764,
    625,
    691,
    506,
    3911,
    529,
    59940,
    1788,
    236764,
    625,
    691,
    506,
    29280,
    529,
    12750,
    236764,
    625,
    691,
    506,
    29280,
    529,
    10187,
    575,
    665,
    236764,
    625,
    691,
    506,
    3409,
    529,
    10847,
    236764,
    625,
    691,
    506,
    3409,
    529,
    106819,
    236764,
    625,
    691,
    506,
    6247,
    529,
    4614,
    236764,
    625,
    691,
    506,
    7208,
    529,
    53560,
    236764,
    692,
    1053,
    4326,
    1680,
    775,
    236764,
    692,
    1053,
    5017,
    1680,
    775,
    236764,
    692,
    964,
    784,
    1771,
    1982,
    531,
    35318,
    236764,
    692,
    964,
    784,
    1771,
    1982,
    506,
    1032,
    1595,
    236761,
    108,
    45558,
    100087,
    236764,
    562,
    60623,
    529,
    8512,
    46273,
    108,
    818,
    2787,
    14993,
    563,
    496,
    4011,
    6492,
    529,
    506,
    1873,
    1883,
    529,
    506,
    1902,
    236761,
    669,
    1902,
    563,
    528,
    496,
    1883,
    529,
    13130,
    236761,
    669,
    1902,
    563,
    528,
    496,
    1883,
    529,
    13130,
    236761,
    669,
    1902,
    563,
    528
  ]
}
