1, NVIDIA A100-SXM4-80GB, GPU-3286abe4-e484-485e-3a7c-68bc527f6059, 0 MiB, 0 %
   Compiling volta-pcs v0.0.0 (/local/volta-zk-x4c-603d5a7-run/rust/volta-pcs)
    Finished `release` profile [optimized] target(s) in 33.08s
     Running unittests src/lib.rs (/local/x4c-target-603d5a7/release/deps/volta_pcs-73ebb3a71e064193)

running 2 tests
test x4::x4c_v4::tests::cuda_host_and_resident_direct_fold_match_cpu_at_registered_lengths ... ok
test x4::x4c_v4::tests::cuda_one_slot_n4_root_and_retained_levels_match_cpu ... ok

test result: ok. 2 passed; 0 failed; 0 ignored; 0 measured; 92 filtered out; finished in 1.72s

     Running tests/cuda.rs (/local/x4c-target-603d5a7/release/deps/cuda-2c89726fe69c056d)

running 0 tests

test result: ok. 0 passed; 0 failed; 0 ignored; 0 measured; 5 filtered out; finished in 0.00s

     Running tests/p35.rs (/local/x4c-target-603d5a7/release/deps/p35-777a29d9e84d5fc7)

running 0 tests

test result: ok. 0 passed; 0 failed; 0 ignored; 0 measured; 15 filtered out; finished in 0.00s

     Running tests/p4_layer.rs (/local/x4c-target-603d5a7/release/deps/p4_layer-58e442b5b1808461)

running 0 tests

test result: ok. 0 passed; 0 failed; 0 ignored; 0 measured; 2 filtered out; finished in 0.00s

    Finished `release` profile [optimized] target(s) in 0.04s
     Running unittests src/lib.rs (/local/x4c-target-603d5a7/release/deps/volta_pcs-73ebb3a71e064193)

running 1 test
test x4::x4c_v4::tests::canonical_batched_gather_matches_ordinary_opening_byte_for_byte ... ok

test result: ok. 1 passed; 0 failed; 0 ignored; 0 measured; 93 filtered out; finished in 0.00s

     Running tests/cuda.rs (/local/x4c-target-603d5a7/release/deps/cuda-2c89726fe69c056d)

running 0 tests

test result: ok. 0 passed; 0 failed; 0 ignored; 0 measured; 5 filtered out; finished in 0.00s

     Running tests/p35.rs (/local/x4c-target-603d5a7/release/deps/p35-777a29d9e84d5fc7)

running 0 tests

test result: ok. 0 passed; 0 failed; 0 ignored; 0 measured; 15 filtered out; finished in 0.00s

     Running tests/p4_layer.rs (/local/x4c-target-603d5a7/release/deps/p4_layer-58e442b5b1808461)

running 0 tests

test result: ok. 0 passed; 0 failed; 0 ignored; 0 measured; 2 filtered out; finished in 0.00s

eligible_real_cuda=true
1, NVIDIA A100-SXM4-80GB, GPU-3286abe4-e484-485e-3a7c-68bc527f6059, 0 MiB, 6 %
