ptxas info    : 0 bytes gmem
ptxas info    : Compiling entry function 'c71_argmax_slack_kernel' for 'sm_90'
ptxas info    : Function properties for c71_argmax_slack_kernel
    0 bytes stack frame, 0 bytes spill stores, 0 bytes spill loads
ptxas info    : Used 20 registers, used 0 barriers
ptxas info    : Compile time = 8.452 ms
ptxas info    : Compiling entry function 'c71_argmax_kernel' for 'sm_90'
ptxas info    : Function properties for c71_argmax_kernel
    0 bytes stack frame, 0 bytes spill stores, 0 bytes spill loads
ptxas info    : Used 17 registers, used 1 barriers, 2048 bytes smem
ptxas info    : Compile time = 5.044 ms
ptxas info    : Compiling entry function 'c71_rope_kernel' for 'sm_90'
ptxas info    : Function properties for c71_rope_kernel
    0 bytes stack frame, 0 bytes spill stores, 0 bytes spill loads
ptxas info    : Used 30 registers, used 0 barriers
ptxas info    : Compile time = 5.761 ms
ptxas info    : Compiling entry function 'c71_histogram_seal_kernel' for 'sm_90'
ptxas info    : Function properties for c71_histogram_seal_kernel
    0 bytes stack frame, 0 bytes spill stores, 0 bytes spill loads
ptxas info    : Used 8 registers, used 0 barriers
ptxas info    : Compile time = 0.666 ms
ptxas info    : Compiling entry function 'c71_lookup_kernel' for 'sm_90'
ptxas info    : Function properties for c71_lookup_kernel
    0 bytes stack frame, 0 bytes spill stores, 0 bytes spill loads
ptxas info    : Used 20 registers, used 0 barriers
ptxas info    : Compile time = 1.640 ms
ptxas info    : Compiling entry function 'c71_softmax_kernel' for 'sm_90'
ptxas info    : Function properties for c71_softmax_kernel
    0 bytes stack frame, 0 bytes spill stores, 0 bytes spill loads
ptxas info    : Used 30 registers, used 1 barriers, 3072 bytes smem
ptxas info    : Compile time = 12.491 ms
ptxas info    : Compiling entry function 'c71_pv_kernel' for 'sm_90'
ptxas info    : Function properties for c71_pv_kernel
    0 bytes stack frame, 0 bytes spill stores, 0 bytes spill loads
ptxas info    : Used 27 registers, used 0 barriers
ptxas info    : Compile time = 6.618 ms
ptxas info    : Compiling entry function 'c71_qk_kernel' for 'sm_90'
ptxas info    : Function properties for c71_qk_kernel
    0 bytes stack frame, 0 bytes spill stores, 0 bytes spill loads
ptxas info    : Used 32 registers, used 0 barriers
ptxas info    : Compile time = 9.050 ms
ptxas info    : Compiling entry function 'c71_rms_kernel' for 'sm_90'
ptxas info    : Function properties for c71_rms_kernel
    0 bytes stack frame, 0 bytes spill stores, 0 bytes spill loads
ptxas info    : Used 37 registers, used 1 barriers, 2048 bytes smem
ptxas info    : Compile time = 11.401 ms
ptxas info    : Compiling entry function 'c71_byte_scatter_kernel' for 'sm_90'
ptxas info    : Function properties for c71_byte_scatter_kernel
    0 bytes stack frame, 0 bytes spill stores, 0 bytes spill loads
ptxas info    : Used 32 registers, used 0 barriers
ptxas info    : Compile time = 10.392 ms
ptxas info    : Compiling entry function 'c71_dense_pointwise_kernel' for 'sm_90'
ptxas info    : Function properties for c71_dense_pointwise_kernel
    0 bytes stack frame, 0 bytes spill stores, 0 bytes spill loads
ptxas info    : Used 18 registers, used 0 barriers
ptxas info    : Compile time = 2.006 ms
ptxas info    : Compiling entry function 'c71_dense_rne' for 'sm_90'
ptxas info    : Function properties for c71_dense_rne
    0 bytes stack frame, 0 bytes spill stores, 0 bytes spill loads
ptxas info    : Used 16 registers, used 0 barriers
ptxas info    : Compile time = 1.877 ms
ptxas info    : Compiling entry function 'c71_dense_i16_mma' for 'sm_90'
ptxas info    : Function properties for c71_dense_i16_mma
    0 bytes stack frame, 0 bytes spill stores, 0 bytes spill loads
ptxas info    : Used 56 registers, used 0 barriers
ptxas info    : Compile time = 15.179 ms
ptxas info    : 0 bytes gmem
ptxas info    : Compiling entry function 'c71_range_h_coefficients' for 'sm_90'
ptxas info    : Function properties for c71_range_h_coefficients
    0 bytes stack frame, 0 bytes spill stores, 0 bytes spill loads
ptxas info    : Used 79 registers, used 0 barriers
ptxas info    : Compile time = 105.999 ms
ptxas info    : Compiling entry function 'c71_range_reduce' for 'sm_90'
ptxas info    : Function properties for c71_range_reduce
    0 bytes stack frame, 0 bytes spill stores, 0 bytes spill loads
ptxas info    : Used 39 registers, used 1 barriers, 24576 bytes smem
ptxas info    : Compile time = 5.659 ms
ptxas info    : Compiling entry function 'c71_range_coefficients' for 'sm_90'
ptxas info    : Function properties for c71_range_coefficients
    216 bytes stack frame, 0 bytes spill stores, 0 bytes spill loads
ptxas info    : Used 104 registers, used 1 barriers, 216 bytes cumulative stack size, 24576 bytes smem
ptxas info    : Compile time = 143.141 ms
ptxas info    : Compiling entry function 'c71_range_child_fold' for 'sm_90'
ptxas info    : Function properties for c71_range_child_fold
    0 bytes stack frame, 0 bytes spill stores, 0 bytes spill loads
ptxas info    : Used 54 registers, used 0 barriers
ptxas info    : Compile time = 32.993 ms
ptxas info    : Compiling entry function 'c71_range_h_fold' for 'sm_90'
ptxas info    : Function properties for c71_range_h_fold
    0 bytes stack frame, 0 bytes spill stores, 0 bytes spill loads
ptxas info    : Used 40 registers, used 0 barriers
ptxas info    : Compile time = 21.901 ms
ptxas info    : Compiling entry function 'c71_range_h_sum' for 'sm_90'
ptxas info    : Function properties for c71_range_h_sum
    0 bytes stack frame, 0 bytes spill stores, 0 bytes spill loads
ptxas info    : Used 32 registers, used 0 barriers
ptxas info    : Compile time = 5.574 ms
ptxas info    : Compiling entry function 'c71_range_groups_i16' for 'sm_90'
ptxas info    : Function properties for c71_range_groups_i16
    0 bytes stack frame, 0 bytes spill stores, 0 bytes spill loads
ptxas info    : Used 101 registers, used 1 barriers
ptxas info    : Compile time = 154.968 ms
ptxas info    : Compiling entry function 'c71_range_groups_u8' for 'sm_90'
ptxas info    : Function properties for c71_range_groups_u8
    0 bytes stack frame, 0 bytes spill stores, 0 bytes spill loads
ptxas info    : Used 101 registers, used 1 barriers
ptxas info    : Compile time = 153.646 ms
ptxas info    : Compiling entry function 'c71_range_canopy' for 'sm_90'
ptxas info    : Function properties for c71_range_canopy
    0 bytes stack frame, 0 bytes spill stores, 0 bytes spill loads
ptxas info    : Used 70 registers, used 0 barriers
ptxas info    : Compile time = 20.188 ms
ptxas info    : Compiling entry function 'c71_range_roots_i16' for 'sm_90'
ptxas info    : Function properties for c71_range_roots_i16
    0 bytes stack frame, 0 bytes spill stores, 0 bytes spill loads
ptxas info    : Used 66 registers, used 1 barriers
ptxas info    : Compile time = 31.571 ms
ptxas info    : Compiling entry function 'c71_range_roots_u8' for 'sm_90'
ptxas info    : Function properties for c71_range_roots_u8
    0 bytes stack frame, 0 bytes spill stores, 0 bytes spill loads
ptxas info    : Used 66 registers, used 1 barriers
ptxas info    : Compile time = 30.989 ms
