{
  "schema": "c71-residual-source-profile-v1",
  "source_git_sha": "abd2de09efb418d8ddcb1e79f2647c40d13f3654",
  "classification": "source arithmetic and proposed procedure; no newly measured GPU/complete canonical results",
  "credit": false,
  "gpu_execution": false,
  "joint_admitted": false,
  "provenance": {
    "rust/volta-pcs/src/c71_matrix/b12.rs": {
      "sha256": "bc9bf6fe1843844cb32fb6ca2a790409c6a35139fc3221caef851c7b66a2f62d",
      "anchors": [
        "round.num_queries = 512",
        "result.inner.final_queries = 512"
      ]
    },
    "rust/volta-pcs/src/c71_matrix/b12/replay_tree.rs": {
      "sha256": "8b036b35eb1c6050102348ca12d4214a256474e754f5281af2f67e290bcf6a32",
      "anchors": [
        "const CANONICAL_QUERY_ROWS: usize = 1 << 20",
        "needed.dedup()",
        "needed.chunks(batch_cap / self.cut)",
        "subtree * self.cut..(subtree + 1) * self.cut",
        "(self.row)(&batch_indices)"
      ]
    },
    "rust/volta-pcs/src/c71_matrix/b12/replay.rs": {
      "sha256": "2c3f9e1e870d08b2ad5ed40a9b501f81b667caebacb9eef7e0a11247cfffc94d",
      "anchors": [
        "indices.len().next_power_of_two()",
        "let source_rows=if split {active} else {n+pad_rows}",
        "let blocks=(n+pad_rows).div_ceil(cap)",
        "for limb in 0..3",
        "native_d2d_bytes",
        "native_launches",
        "native_fences"
      ]
    },
    "cuda/c71_pcs_query.cu": {
      "sha256": "25affc4693862e1d17a8677455a5c0626951f433ed50c4421079cf7655e5769a",
      "anchors": [
        "if(degree<=8)",
        "reverse_high<<<",
        "multiply_factor<<<",
        "reverse_quotient<<<",
        "subtract_product<<<"
      ]
    },
    "cuda/c71_fft.cuh": {
      "sha256": "eaf940675c107b51ede85b060d3c1c211acd3dea422ee1588c7fe67542291496",
      "anchors": [
        "launch_five_pass",
        "launch_odd",
        "launch_natural",
        "parity_scatter_kernel<<<",
        "cudaMemcpyDeviceToDevice",
        "std::min(32767u"
      ]
    },
    "rust/volta-pcs/src/c71_matrix/range/windowed.rs": {
      "sha256": "f88626f236e93d44df0cde5e2c49e6c6344a7878117186922ff10652c4dc03a2",
      "anchors": [
        "const WINDOWS:",
        "const W_WINDOWS:",
        "Alphabet::Symmetric(_) => (11, 1usize << 27"
      ]
    },
    "rust/volta-pcs/src/c71_matrix/range/windowed/native.rs": {
      "sha256": "83997eb607dc2f8c34c8b29dba972e7d5c666daa3e3919119d47fdfc6491ae77",
      "anchors": [
        "self.work.source_passes += 1",
        "self.work.requested_bytes +=",
        "BEFORE the GKR caller"
      ]
    },
    "rust/volta-pcg/src/c71_bootstrap.rs": {
      "sha256": "a4e15c83d18399c4d41d6b8d8a292031645fc5739f0c1c78901a3e58589fb3ee",
      "anchors": [
        "let cipher = Aes256::new_from_slice",
        "cipher.encrypt_blocks(&mut blocks)",
        "work.aes_key_schedules += 1",
        "work.aes_block_encryptions += 4"
      ]
    },
    "rust/volta-pcg/src/c71_seed6/real.rs": {
      "sha256": "8938a74c9dd0b0c542505d1412fb6a2c05201d96f6102073d7729adb738cd3f8",
      "anchors": [
        "factor * 384 * rows * height",
        "factor * 384 * rows * height * 4"
      ]
    },
    "rust/volta-pcs/src/c71_matrix/gemma/native/canonical_runner.rs": {
      "sha256": "cac8e4551f68ca39a2fa26fe957e13fcc9ba2cb37f70599d25c0ec50b655c909",
      "anchors": [
        "installation_w_commitment",
        "seed6_setup",
        "wait_and_decode_response",
        "verify_journal_and_completion"
      ]
    },
    "rust/volta-pcs/src/c71_matrix/gemma/native/canonical_state.rs": {
      "sha256": "d8224505935f53594af65ca8d41d290b76f4070b3065095613f529017e25a694",
      "anchors": [
        "preparation_including_inference",
        "commitment_a",
        "proof_body",
        "exchange_and_completion"
      ]
    },
    "rust/volta-pcs/src/c71_matrix/gemma/native/canonical_prove.rs": {
      "sha256": "86503ec103d773719359e3d934ddb379540c38bf8cc9d86934fc1dd334b7fa5f",
      "anchors": [
        "rms.prove_rms(s, &self.recipes.rms, &read, fs, rows)"
      ]
    },
    "rust/volta-pcs/src/c71_matrix/gemma/rms/caller.rs": {
      "sha256": "c49173646169f7bcddee82008d1383b0d96f339a85136ab53d186267aa844863",
      "anchors": [
        "gkr::prove(&gs, |i| frames.frame(i).unwrap(), fs, &mut rows)",
        "CompactFrames::build",
        "report[\"rms_parameters\"]"
      ]
    },
    "rust/volta-pcs/src/c71_matrix/rms/gkr.rs": {
      "sha256": "a2b8b06468b12016a2f821cd633fca7ac07b5021affe24916fbbaab55ef8d90c",
      "anchors": [
        "prove_impl(s, &get_frame, fs, correlations, true, None)",
        "prove_sourcewise(s, get_frame, fs, correlations)",
        "byte_function::prove_sourcewise(",
        "source_cell_round::<true>",
        "if !present[program_index]"
      ]
    },
    "rust/volta-pcs/src/c71_matrix/byte_function.rs": {
      "sha256": "762ee5f81befdb4a107c877faed9cfdeba9a83ae16d9e33570dfb926ef795dbb",
      "anchors": [
        "prove_sourcewise_impl(s, original, get_byte, fs, correlations, false, &[], 0)",
        "range::prove_tree_sourcewise_custom("
      ]
    },
    "cuda/c71_range_runtime.cpp": {
      "sha256": "39344025e2dc006c57ce7d5325130c78759bbe2c86702123fcd116dfe4968bf2",
      "anchors": [
        "if(fence(c)) return -1;",
        "if(c71_range_release(c,x) || (y && c71_range_release(c,y))) return -1;",
        "return c71_range_release(c,id);",
        "c->stats.h2d_bytes+=bytes;"
      ]
    }
  },
  "reused_records": [
    {
      "path": "benchmarks/results/c71-cuda-experiment-2026-10-07-868a3e8.json",
      "sha256": "6b386e7e79753977b9d460259036d9be95dc91d8a9cdd102d4c2d5a64535a0d1",
      "source_git_sha": "868a3e8147cf1b9083457093b3350e295e6e14c1",
      "git_dirty": false,
      "status": "INCOMPLETE",
      "scope": "reused immutable evidence; not a new run or current canonical phase measurement"
    },
    {
      "path": "benchmarks/results/c71-crypto-preparation-local-2026-10-08-04ab8ed1c4ce.json",
      "sha256": "d5ec1032ef5b0fa8ca6ac4d1e5db2b78a279615a4a7609b9ce06af8f79d27598",
      "source_git_sha": "04ab8ed1c4ce9c64d0ada7527eccfba14635134b",
      "git_dirty": false,
      "status": "PASS_LOCAL_STAGE_1",
      "scope": "reused immutable evidence; not a new run or current canonical phase measurement"
    },
    {
      "path": "benchmarks/results/c71-crypto-linear-local-2026-10-09-31280382f681.json",
      "sha256": "2e198bc471aeb8bb813027af53ea19ecef9f4e96a4e00a003ad819c93d330f81",
      "source_git_sha": "31280382f6814a929f7651cd2c31fdd73e668952",
      "git_dirty": false,
      "status": "PASS_LOCAL_RESIDENT_ORIGINAL_LINEAR_OWNER_CALLER_AND_REDUCED_FULL_WIRE",
      "scope": "reused immutable evidence; not a new run or current canonical phase measurement"
    },
    {
      "path": "benchmarks/results/c71-crypto-residual-query-local-2026-10-09-9a5da712a258.json",
      "sha256": "e0d62f50441718de69db471e549456b11cf90c2687f90f84ea947aafcbd6b32c",
      "source_git_sha": "9a5da712a2583be520fe342dfaa278c9651d60fc",
      "git_dirty": false,
      "status": "PASS_LOCAL_RESIDENT_S1_QUERY_E_OWNER_CALLER_AND_REDUCED_FULL_WHIR_WIRE",
      "scope": "reused immutable evidence; not a new run or current canonical phase measurement",
      "finite_full_WHIR_tests": [
        {
          "filter": "c71_b12_native_residual_query_full_whir_w_wire_fs_rng_and_original_mac",
          "wall_s": 51.833768042735755,
          "max_rss_bytes": 325767168,
          "exit_code": 0,
          "scope": "D10 whole parity fixture, RustO0 and fakeCUDA; includes CPUreference/verification"
        },
        {
          "filter": "c71_b12_native_residual_query_full_whir_a_wire_fs_rng_and_original_mac",
          "wall_s": 53.88488924596459,
          "max_rss_bytes": 325861376,
          "exit_code": 0,
          "scope": "D10 whole parity fixture, RustO0 and fakeCUDA; includes CPUreference/verification"
        }
      ]
    }
  ],
  "pinned_input_counts_provenance": "active specs and canonical getter metadata, bytes not sampled from private sources",
  "W_installation": {
    "equivalent_live_scans": 128,
    "logical_live_i16_bytes": 61394690560,
    "logical_read_bytes": 7858520391680,
    "minimum_XOF_prescan_and_replay_bytes": 274877906944
  },
  "responses": [
    {
      "old_tokens": 0,
      "A_live_bytes": 13154672538,
      "full_A_scans_lower_bound": 581,
      "lower_bound_scope": "initial commitment512 + singleton/S1/OOD/retention35 + linear34; excludes partial range/query/CPU-GKR requests",
      "QK_plus_PV_causal_integer_products_per_full_A_scan": 12988416000,
      "QK_plus_PV_products_at_full_scan_lower_bound": 7546269696000,
      "initial_query_per_q2p20_batch": {
        "q_eff": 1048576,
        "main_root_blocks": 12644,
        "main_remainder_kernel_launches": 417252,
        "main_low_loader_launches": 12644,
        "main_odd_fft_packing_D2D_bytes": 848524476416,
        "pad_split_columns": 30,
        "pad_extra_root_remainders": 30,
        "pad_note": "when pads<=q native has no pad-Horner block; only shift+one remainder; CPU direct pad initialization",
        "child_level_launches": 68608,
        "final_matrix_D2H_bytes": 1073741824,
        "public_query_arrays": {
          "spectra_bytes": 704643072,
          "twiddle_bytes": 67110400,
          "spectrum_DFT_calls": 4194302,
          "spectrum_DFT_cells": 88080384,
          "product_tree_merges": 1048575,
          "Newton_polynomial_products": 4194260,
          "Newton_DFT_calls": 12582780,
          "Newton_DFT_cells": 465567780,
          "product_tree_DFT_calls": 3145725,
          "product_tree_DFT_cells": 125829120,
          "total_public_factor_DFT_calls": 19922807,
          "total_public_factor_DFT_cells": 679477284,
          "spectrum_upload_fences": 42,
          "public_arrays_release_fences": 84,
          "twiddle_generation_GPU_launches": 42,
          "excluded": "DFT internal butterflies/cache, points/shift exponentiation, CPU staging/copies/allocator, packets/private pad/flag"
        },
        "excluded": "pad shift/add/load, original-window producer/gather, allocations/releases/fences, all kernel HBM loads/stores, CPU Merkle"
      }
    },
    {
      "old_tokens": 150,
      "A_live_bytes": 14334320538,
      "full_A_scans_lower_bound": 581,
      "lower_bound_scope": "initial commitment512 + singleton/S1/OOD/retention35 + linear34; excludes partial range/query/CPU-GKR requests",
      "QK_plus_PV_causal_integer_products_per_full_A_scan": 38793216000,
      "QK_plus_PV_products_at_full_scan_lower_bound": 22538858496000,
      "initial_query_per_q2p20_batch": {
        "q_eff": 1048576,
        "main_root_blocks": 13777,
        "main_remainder_kernel_launches": 454641,
        "main_low_loader_launches": 13777,
        "main_odd_fft_packing_D2D_bytes": 924558819328,
        "pad_split_columns": 22,
        "pad_extra_root_remainders": 22,
        "pad_note": "when pads<=q native has no pad-Horner block; only shift+one remainder; CPU direct pad initialization",
        "child_level_launches": 68608,
        "final_matrix_D2H_bytes": 1073741824,
        "public_query_arrays": {
          "spectra_bytes": 704643072,
          "twiddle_bytes": 67110400,
          "spectrum_DFT_calls": 4194302,
          "spectrum_DFT_cells": 88080384,
          "product_tree_merges": 1048575,
          "Newton_polynomial_products": 4194260,
          "Newton_DFT_calls": 12582780,
          "Newton_DFT_cells": 465567780,
          "product_tree_DFT_calls": 3145725,
          "product_tree_DFT_cells": 125829120,
          "total_public_factor_DFT_calls": 19922807,
          "total_public_factor_DFT_cells": 679477284,
          "spectrum_upload_fences": 42,
          "public_arrays_release_fences": 84,
          "twiddle_generation_GPU_launches": 42,
          "excluded": "DFT internal butterflies/cache, points/shift exponentiation, CPU staging/copies/allocator, packets/private pad/flag"
        },
        "excluded": "pad shift/add/load, original-window producer/gather, allocations/releases/fences, all kernel HBM loads/stores, CPU Merkle"
      }
    },
    {
      "old_tokens": 300,
      "A_live_bytes": 15513968538,
      "full_A_scans_lower_bound": 581,
      "lower_bound_scope": "initial commitment512 + singleton/S1/OOD/retention35 + linear34; excludes partial range/query/CPU-GKR requests",
      "QK_plus_PV_causal_integer_products_per_full_A_scan": 64598016000,
      "QK_plus_PV_products_at_full_scan_lower_bound": 37531447296000,
      "initial_query_per_q2p20_batch": {
        "q_eff": 1048576,
        "main_root_blocks": 14911,
        "main_remainder_kernel_launches": 492063,
        "main_low_loader_launches": 14911,
        "main_odd_fft_packing_D2D_bytes": 1000660271104,
        "pad_split_columns": 13,
        "pad_extra_root_remainders": 13,
        "pad_note": "when pads<=q native has no pad-Horner block; only shift+one remainder; CPU direct pad initialization",
        "child_level_launches": 68608,
        "final_matrix_D2H_bytes": 1073741824,
        "public_query_arrays": {
          "spectra_bytes": 704643072,
          "twiddle_bytes": 67110400,
          "spectrum_DFT_calls": 4194302,
          "spectrum_DFT_cells": 88080384,
          "product_tree_merges": 1048575,
          "Newton_polynomial_products": 4194260,
          "Newton_DFT_calls": 12582780,
          "Newton_DFT_cells": 465567780,
          "product_tree_DFT_calls": 3145725,
          "product_tree_DFT_cells": 125829120,
          "total_public_factor_DFT_calls": 19922807,
          "total_public_factor_DFT_cells": 679477284,
          "spectrum_upload_fences": 42,
          "public_arrays_release_fences": 84,
          "twiddle_generation_GPU_launches": 42,
          "excluded": "DFT internal butterflies/cache, points/shift exponentiation, CPU staging/copies/allocator, packets/private pad/flag"
        },
        "excluded": "pad shift/add/load, original-window producer/gather, allocations/releases/fences, all kernel HBM loads/stores, CPU Merkle"
      }
    }
  ],
  "nonrange_GKR_admitted_RMS": {
    "status": "quantified partial source work on admitted Gamma; no instruction/time lower bound",
    "Gamma_admission_verified_by_ledger_digest": true,
    "ledger": "artifact/c7.1-pod/ledger-20261007T150200Z/ledger-attention.json",
    "ledger_sha256": "478ef250fdb61db673b4d4efa86b3d3ce274081ca1e00653703bc6d8b0d74d7d",
    "admission": "artifact/c7.1-pod/gamma-admission-20261007T155133Z/admission.json",
    "admission_sha256": "a6d6abe28da2d50629e1e6790d7af76ab58002f0f21aab8b917dab16b0676259",
    "recipes": "artifact/c7.1-pod/ledger-20261007T150200Z/recipes-attention.json",
    "recipes_sha256": "2397d8ca1a2ad65c2df36057e3232e4c51f844a5e044b7cab8a95ed99ac7dc6d",
    "recipe_digest": "d96b9350cfe9e47acda8cebaf02b895de66d55c525fa2c4463f20022dc3c1014",
    "historical_ledger_flags_preserved": {
      "calibrated": false,
      "complete_work": false,
      "complete_physical_peak": false,
      "credit": false
    },
    "selected_route": "canonical_prove -> caller.prove_rms -> gkr.prove -> prove_sourcewise -> prove_impl(true,None); no pattern histogram; canonical byte endpoint sourcewise",
    "selected_boolean_first_round_masks": true,
    "selected_packed_replay": true,
    "packed_replay_scope": "64 original cells per packet, one disjoint live mask per present program; mixed packets may have no 64x sharing. Historical scalar gate counts are not selected packed counts",
    "frame_callback_scope": "CompactFrames cache reads/replay; not additional complete A reconstructions",
    "contexts": [
      {
        "old_tokens": 0,
        "programs": 159,
        "depth": 99,
        "live_cells": 347937024,
        "padded_cells": 536870912,
        "cell_sumcheck_rounds": 2871,
        "cell_phase": {
          "boolean_fold_masks_active": 1251968571852288,
          "cell_first_logical_frame_callbacks": 998927195904,
          "cell_first_scalar_boolean_replay_gates": 48463257729999360,
          "field_fold_additions_active_boolean_rows": 1252967499188011,
          "field_fold_multiplications_active_boolean_rows": 998927335723,
          "field_fold_subtractions_terminal": 139819,
          "field_value_source_scalars": 1251968571852288,
          "prefix_weight_multiplications": 21578989436928,
          "prefix_weight_subtractions": 10789494718464,
          "structural_selector_assigned_terms": 998927195904,
          "structural_selector_callbacks": 1541356388352
        },
        "gate_iterations_after_public_support_pruning": {
          "all": 218471570851765,
          "and": 54771736018896,
          "copy": 111712208119301,
          "xor": 51987626713568
        },
        "coefficient_core_Fp3": {
          "Fp3_mul": 972294988954860,
          "Fp3_add": 911955034325308,
          "Fp3_sub": 429465359276200,
          "Fp3_neg": 51987626713568
        },
        "coefficient_core_Fp3_scope": "immutable historical baseline; selected route is separate",
        "selected_coefficient_core_Fp3": {
          "Fp3_mul": 844006203160300,
          "Fp3_add": 977664055908156,
          "Fp3_sub": 429835392402088,
          "Fp3_neg": 45116549162464
        },
        "selected_boolean_first_round_products_saved": 128288785794560,
        "selected_boolean_first_round_scope": "exact source-operation count on public structural support; no timing or instruction credit",
        "byte_endpoint_children_source_work": {
          "cubic_additions": 39427799777136,
          "cubic_multiplications": 59141699665704,
          "cubic_subtractions": 10952166604760,
          "equality_additions": 4380866641612,
          "equality_multiplications": 346363342617732,
          "equality_subtractions": 175372104629672,
          "fold_additions": 350744209260544,
          "fold_multiplications": 350744209260544,
          "fold_subtractions": 0,
          "getter_calls": 87686052315136,
          "getter_scalar_values": 350744209260544,
          "prefix_terms": 87686052315136
        },
        "compact_frames_named_payload_and_metadata_bytes": 2023511878,
        "missing": [
          "index/terminal/authentication work",
          "full proof and allocator capacity",
          "original frame getter work",
          "measured fused kernel service rate"
        ]
      },
      {
        "old_tokens": 150,
        "programs": 159,
        "depth": 99,
        "live_cells": 347937024,
        "padded_cells": 536870912,
        "cell_sumcheck_rounds": 2871,
        "cell_phase": {
          "boolean_fold_masks_active": 1251968571852288,
          "cell_first_logical_frame_callbacks": 998927195904,
          "cell_first_scalar_boolean_replay_gates": 48463257729999360,
          "field_fold_additions_active_boolean_rows": 1252967499188011,
          "field_fold_multiplications_active_boolean_rows": 998927335723,
          "field_fold_subtractions_terminal": 139819,
          "field_value_source_scalars": 1251968571852288,
          "prefix_weight_multiplications": 21578989436928,
          "prefix_weight_subtractions": 10789494718464,
          "structural_selector_assigned_terms": 998927195904,
          "structural_selector_callbacks": 1541356388352
        },
        "gate_iterations_after_public_support_pruning": {
          "all": 218471570851765,
          "and": 54771736018896,
          "copy": 111712208119301,
          "xor": 51987626713568
        },
        "coefficient_core_Fp3": {
          "Fp3_mul": 972294988954860,
          "Fp3_add": 911955034325308,
          "Fp3_sub": 429465359276200,
          "Fp3_neg": 51987626713568
        },
        "coefficient_core_Fp3_scope": "immutable historical baseline; selected route is separate",
        "selected_coefficient_core_Fp3": {
          "Fp3_mul": 844006203160300,
          "Fp3_add": 977664055908156,
          "Fp3_sub": 429835392402088,
          "Fp3_neg": 45116549162464
        },
        "selected_boolean_first_round_products_saved": 128288785794560,
        "selected_boolean_first_round_scope": "exact source-operation count on public structural support; no timing or instruction credit",
        "byte_endpoint_children_source_work": {
          "cubic_additions": 39427799777136,
          "cubic_multiplications": 59141699665704,
          "cubic_subtractions": 10952166604760,
          "equality_additions": 4380866641612,
          "equality_multiplications": 346363342617732,
          "equality_subtractions": 175372104629672,
          "fold_additions": 350744209260544,
          "fold_multiplications": 350744209260544,
          "fold_subtractions": 0,
          "getter_calls": 87686052315136,
          "getter_scalar_values": 350744209260544,
          "prefix_terms": 87686052315136
        },
        "compact_frames_named_payload_and_metadata_bytes": 2023511878,
        "missing": [
          "index/terminal/authentication work",
          "full proof and allocator capacity",
          "original frame getter work",
          "measured fused kernel service rate"
        ]
      },
      {
        "old_tokens": 300,
        "programs": 159,
        "depth": 99,
        "live_cells": 347937024,
        "padded_cells": 536870912,
        "cell_sumcheck_rounds": 2871,
        "cell_phase": {
          "boolean_fold_masks_active": 1251968571852288,
          "cell_first_logical_frame_callbacks": 998927195904,
          "cell_first_scalar_boolean_replay_gates": 48463257729999360,
          "field_fold_additions_active_boolean_rows": 1252967499188011,
          "field_fold_multiplications_active_boolean_rows": 998927335723,
          "field_fold_subtractions_terminal": 139819,
          "field_value_source_scalars": 1251968571852288,
          "prefix_weight_multiplications": 21578989436928,
          "prefix_weight_subtractions": 10789494718464,
          "structural_selector_assigned_terms": 998927195904,
          "structural_selector_callbacks": 1541356388352
        },
        "gate_iterations_after_public_support_pruning": {
          "all": 218471570851765,
          "and": 54771736018896,
          "copy": 111712208119301,
          "xor": 51987626713568
        },
        "coefficient_core_Fp3": {
          "Fp3_mul": 972294988954860,
          "Fp3_add": 911955034325308,
          "Fp3_sub": 429465359276200,
          "Fp3_neg": 51987626713568
        },
        "coefficient_core_Fp3_scope": "immutable historical baseline; selected route is separate",
        "selected_coefficient_core_Fp3": {
          "Fp3_mul": 844006203160300,
          "Fp3_add": 977664055908156,
          "Fp3_sub": 429835392402088,
          "Fp3_neg": 45116549162464
        },
        "selected_boolean_first_round_products_saved": 128288785794560,
        "selected_boolean_first_round_scope": "exact source-operation count on public structural support; no timing or instruction credit",
        "byte_endpoint_children_source_work": {
          "cubic_additions": 39427799777136,
          "cubic_multiplications": 59141699665704,
          "cubic_subtractions": 10952166604760,
          "equality_additions": 4380866641612,
          "equality_multiplications": 346363342617732,
          "equality_subtractions": 175372104629672,
          "fold_additions": 350744209260544,
          "fold_multiplications": 350744209260544,
          "fold_subtractions": 0,
          "getter_calls": 87686052315136,
          "getter_scalar_values": 350744209260544,
          "prefix_terms": 87686052315136
        },
        "compact_frames_named_payload_and_metadata_bytes": 2023511878,
        "missing": [
          "index/terminal/authentication work",
          "full proof and allocator capacity",
          "original frame getter work",
          "measured fused kernel service rate"
        ]
      }
    ],
    "excluded_other_nonrange_families": [
      "RMS statistic/P0",
      "RNE/tableRNE",
      "gate/Rope/QK/PV claims",
      "EXP30 maximum/lookup/ratio pattern branch",
      "GELU/softcap lookup",
      "index/terminal/MAC/FS/codec/verifier"
    ],
    "target_status": "structural dominant CPU work remains open; H100 profiling alone does not close or accelerate this route",
    "minimum_native_candidate": "reuse common owner, MAC-u3=2 arithmetic/reduction and bounded CompactFrames chunks; add RMS Boolean replay+four-coefficient consumer and byte-LUT consumer, preserving index/MAC/FS order and joint cap. No existing drop-in kernel; no candidate selected or performance inferred",
    "new_campaign_requirement": "time and count selected RMS cell/byte consumers separately with current Gamma, exact coefficient/wire/MAC parity, both-role CPU profiles and complete scratch/caches; remaining named families need their own counters before complete work/time claim"
  },
  "opening": {
    "protocol_queries": 512,
    "distinct_leaves": true,
    "unique_subtrees": "U = len(set(index//4096))",
    "batch_formula": "at most256 subtrees/batch; q_eff=nextpow2(4096*subtrees_in_this_batch)",
    "maximum_512_subtree_batches": [
      {
        "subtrees": 256,
        "rows": 1048576,
        "q_eff": 1048576
      },
      {
        "subtrees": 256,
        "rows": 1048576,
        "q_eff": 1048576
      }
    ],
    "small_tail_257_subtrees": [
      {
        "subtrees": 256,
        "rows": 1048576,
        "q_eff": 1048576
      },
      {
        "subtrees": 1,
        "rows": 4096,
        "q_eff": 4096
      }
    ],
    "CPU_Merkle_compressions_per_256_subtree_batch": {
      "initial": 20971008,
      "extension": 5242368
    },
    "caution": "q512 direct evaluation is not sufficient: Merkle regeneration requires all4096 rows/subtree; costs below are per batch and no claimU512 is measured"
  },
  "initial_W_query_per_q2p20_batch": {
    "q_eff": 1048576,
    "main_root_blocks": 29390,
    "main_remainder_kernel_launches": 969870,
    "main_low_loader_launches": 29390,
    "main_odd_fft_packing_D2D_bytes": 1972329512960,
    "pad_split_columns": 14,
    "pad_extra_root_remainders": 14,
    "pad_note": "when pads<=q native has no pad-Horner block; only shift+one remainder; CPU direct pad initialization",
    "child_level_launches": 68608,
    "final_matrix_D2H_bytes": 1073741824,
    "public_query_arrays": {
      "spectra_bytes": 704643072,
      "twiddle_bytes": 67110400,
      "spectrum_DFT_calls": 4194302,
      "spectrum_DFT_cells": 88080384,
      "product_tree_merges": 1048575,
      "Newton_polynomial_products": 4194260,
      "Newton_DFT_calls": 12582780,
      "Newton_DFT_cells": 465567780,
      "product_tree_DFT_calls": 3145725,
      "product_tree_DFT_cells": 125829120,
      "total_public_factor_DFT_calls": 19922807,
      "total_public_factor_DFT_cells": 679477284,
      "spectrum_upload_fences": 42,
      "public_arrays_release_fences": 84,
      "twiddle_generation_GPU_launches": 42,
      "excluded": "DFT internal butterflies/cache, points/shift exponentiation, CPU staging/copies/allocator, packets/private pad/flag"
    },
    "excluded": "pad shift/add/load, original-window producer/gather, allocations/releases/fences, all kernel HBM loads/stores, CPU Merkle",
    "execution": "resident original W with shared GPU remainder route"
  },
  "S1_query_per_q2p20_batch": {
    "W": {
      "blocks_per_E_column": 65,
      "source_loads_three_limbs": 260,
      "root_remainder_calls": 768,
      "first_block_D2D_bytes": 100663296,
      "root_remainder_kernel_launches": 25344,
      "odd_fft_packing_D2D_bytes": 51539607552,
      "child_level_launches": 6432,
      "final_matrix_D2H_bytes": 100663312,
      "minimum_query_begin_and_finish_fences": 8,
      "host_publication_payload_bytes": 150994944,
      "named_device_arrays_bytes": 864028160,
      "excluded": "EQ/pads metadata and flag; all producers/kernels HBM, release fences, factor construction CPU"
    },
    "A": {
      "blocks_per_E_column": 33,
      "source_loads_three_limbs": 132,
      "root_remainder_calls": 384,
      "first_block_D2D_bytes": 100663296,
      "root_remainder_kernel_launches": 12672,
      "odd_fft_packing_D2D_bytes": 25769803776,
      "child_level_launches": 6432,
      "final_matrix_D2H_bytes": 100663312,
      "minimum_query_begin_and_finish_fences": 8,
      "host_publication_payload_bytes": 150994944,
      "named_device_arrays_bytes": 864028160,
      "excluded": "EQ/pads metadata and flag; all producers/kernels HBM, release fences, factor construction CPU"
    }
  },
  "range": {
    "W": {
      "virtual_full_source_passes": 29,
      "virtual_window_requests": 7424,
      "logical_requested_bytes": 1992864825344,
      "coefficient_rounds": 595,
      "coefficient_D2H_bytes": 57120,
      "coefficient_dependency_fences": 595,
      "terminal_D2H_bytes": 3360,
      "root_D2H_bytes": 48,
      "H_coefficient_rounds": 55,
      "coefficient_scratch_release_fences": 865,
      "coefficient_API_total_fences": 1460,
      "root_and_terminal_download_fences": 36,
      "canopy_and_retained_children_release_fences": 36,
      "Gram_bucket_fold_and_final_release_fences": 72,
      "source_window_release_fences": 29,
      "W_signed_upload_fences": 7424,
      "known_consumer_success_path_fences": 9057,
      "excluded": "resident A producer/byte-seal flags/fences, numeric staging, allocation/close, kernel HBM and partial A replay costs"
    },
    "A": {
      "virtual_full_source_passes": 26,
      "virtual_window_requests": 416,
      "logical_requested_bytes": 446676598784,
      "coefficient_rounds": 561,
      "coefficient_D2H_bytes": 53856,
      "coefficient_dependency_fences": 561,
      "terminal_D2H_bytes": 3264,
      "root_D2H_bytes": 48,
      "H_coefficient_rounds": 45,
      "coefficient_scratch_release_fences": 816,
      "coefficient_API_total_fences": 1377,
      "root_and_terminal_download_fences": 35,
      "canopy_and_retained_children_release_fences": 35,
      "Gram_bucket_fold_and_final_release_fences": 60,
      "source_window_release_fences": 416,
      "W_signed_upload_fences": 0,
      "known_consumer_success_path_fences": 1923,
      "excluded": "resident A producer/byte-seal flags/fences, numeric staging, allocation/close, kernel HBM and partial A replay costs"
    }
  },
  "real_AES_setup": {
    "main": {
      "seed_rows": 17553,
      "blinded_rows": 17559,
      "height": 15,
      "both_roles_AES_field_outputs": 20227968,
      "both_roles_AES256_key_schedules": 303419520,
      "both_roles_AES256_block_encryptions": 1213678080,
      "both_roles_wire_bytes": 54911851,
      "excluded": "MR19 group operations, SHAKE samplers, compression/seal, Dory/cGGM/equality expansion, transport/journal"
    },
    "opposite_equality": {
      "seed_rows": 2025,
      "blinded_rows": 2031,
      "height": 11,
      "both_roles_AES_field_outputs": 2339712,
      "both_roles_AES256_key_schedules": 25736832,
      "both_roles_AES256_block_encryptions": 102947328,
      "both_roles_wire_bytes": 6464491,
      "excluded": "MR19 group operations, SHAKE samplers, compression/seal, Dory/cGGM/equality expansion, transport/journal"
    },
    "note": "exact current AES-COPE path work; not old SHAKE candidate cGGM credited as AES"
  },
  "wire_body_bounds_bytes": {
    "O0": [
      47841180,
      65053244
    ],
    "O150": [
      54868318,
      78945726
    ],
    "O300": [
      61797384,
      92723304
    ]
  },
  "phase_measurement_status": {
    "installation": null,
    "setup": null,
    "inference": null,
    "proof": null,
    "verification": null
  },
  "phase_note": "canonical diagnostic stopped during old W commitment; reduced test wall includes oracles, fake driver/compiler and often verifier, so cannot fill canonical phase times",
  "target_obstacle": "response wire lower bounds exceed40MB after first response; cannot claim that target under unchanged protocol",
  "local_plan": [
    {
      "filter": "c71_b12_query_factors_balanced_product_and_newton_match_direct_oracle",
      "component": "public products/Newton q1..1024",
      "phase": "proof",
      "timing_scope": "whole parity test, not isolated production factor time"
    },
    {
      "filter": "c71_b12_query_small_remainders_exact_fp3_and_cost",
      "component": "direct tiny vs former four FFT, same binary128Ki/cap iterations",
      "phase": "proof",
      "timing_scope": "C71_QUERY_SMALL_REMAINDERS internal timing marker, finite CPU only"
    },
    {
      "filter": "c71_b12_windowed_native_shared_resident_transcript_original_mac",
      "component": "range D10 live731, original MAC and owner stats",
      "phase": "proof",
      "timing_scope": "simulated driver algebra/lifecycle; no CUDA timing"
    },
    {
      "filter": "c71_seed6_native_full_o0_proof_promotes_same_receipt_after_role_journals",
      "component": "real AESSeed6 reduced setup/proof/verify/journal",
      "phase": "setup+proof+verification",
      "timing_scope": "whole reduced2role test; isolated phase markers unavailable, report incomplete"
    },
    {
      "filter": "c71_b12_native_canonical_wire_body_geometry",
      "component": "pinned metadata body lower/upper, no valid certificate",
      "phase": "proof+verification codec",
      "timing_scope": "syntactic fixture only"
    }
  ],
  "hardware_matrix": [
    {
      "component": "W initial commitment",
      "compare": "ordinary exacti128 vs Tensor limb16 on same32coset/8column owner",
      "shapes": "reduced ragged signed endpoints,pads,then pinned mapping boundedband",
      "accept": "exact values/root/salts/transcript + joint memory, equivalent128scans; same process/source/compiler; no selection from host parity alone"
    },
    {
      "component": "QK/PV",
      "compare": "scalar exact vs MMA exact with causal prefix/common block+scalar tail",
      "shapes": "O0/150/300 rows150,heads32,width256/512; also inference1row and partial replay selectedtargets",
      "accept": "all rawi48/RNE bytes, INT16MIN invalid endpoints, nofuturecolumns, same reconstructedAcount; time entire producer scans separately"
    },
    {
      "component": "initial and extension query",
      "compare": "current natural oddFFT packing vs bounded optimized FFT/kernelfusion candidate only after actualprofile",
      "shapes": "512WHIR leaves expanded4096subtrees; qeff4096,512Ki,1Mi and secondbatch; W/A initial+S1",
      "accept": "exact rows/order/duplicates/pads/root/MAC+sameU/cut/batches; accountfactorCPU and1GiB initialD2H/batch, D2D and actualkernelHBM separately"
    },
    {
      "component": "synchronization/CUDA Graph",
      "compare": "only repeated public-shape within fixed consumer round or remainder block",
      "gate": "profile launch CPUtime and fences; no Graph crosses FS challenge, outputflag, NoPeek coin phase or terminalcleanup; capture/workspace charged"
    },
    {
      "component": "TMA/fusion",
      "compare": "only if kernel profile shows memory/reload costs in W limbtiles or QK/PV sharedtile",
      "gate": "exactinteger equivalence + shared/register/spill/TMA descriptor accounting; no protocol/work reduction claimed"
    },
    {
      "component": "CPU residual",
      "compare": "publicfactors, realAESsetup+PCG consume, nonrangeGKR/MAC, codec, verifier, journal each timed separately",
      "gate": "fresh one-use correlations/journals; \u0393 reuse identity verified; CPUworkcounter profilesnotfakeGPUclaim"
    }
  ]
}
