
running 8 tests
test c71_matrix::b12::tests::c71_b12_private_coins_advance_discards_prefetch_preserves_stream_and_cap ... 
thread 'c71_matrix::b12::tests::c71_b12_private_coins_advance_discards_prefetch_preserves_stream_and_cap' (30) panicked at volta-pcs/src/c71_matrix/b12.rs:144:14:
B12 private coin stream exhausted; burn the attempt
note: run with `RUST_BACKTRACE=1` environment variable to display a backtrace

thread 'c71_matrix::b12::tests::c71_b12_private_coins_advance_discards_prefetch_preserves_stream_and_cap' (30) panicked at volta-pcs/src/c71_matrix/b12.rs:144:14:
B12 private coin stream exhausted; burn the attempt
ok
test c71_matrix::b12::tests::c71_b12_private_coins_buffered_component_benchmark ... C71_XOF_COMPONENT {"buffer_bytes":4096,"buffered_seconds":0.016196876,"credit":false,"samples_per_mode":262144,"scope":"local sequential Goldilocks sampler; not H100 or whole PCS","speedup":2.3925787911199667,"unbuffered_seconds":0.038752302}
ok
test c71_matrix::b12::tests::c71_b12_private_coins_buffered_seek_snapshot_and_boundaries ... 
thread 'c71_matrix::b12::tests::c71_b12_private_coins_buffered_seek_snapshot_and_boundaries' (32) panicked at volta-pcs/src/c71_matrix/b12.rs:144:14:
B12 private coin stream exhausted; burn the attempt
ok
test c71_matrix::b12::tests::c71_b12_private_coins_device_xof_exact_live_seed_seek_salts_and_offsets ... C71_PCS_SALTS_HOST {"vector_cases":56,"byte_checks":7168,"stream_cases":11,"forced_mask_checks":32768,"leaves":66308,"chunk_calls":541,"physical_blocks":66734,"fixture_scratch_bytes":1280,"max_shape_scratch_bytes":10520320,"host_prescan_seconds":0.097478301,"host_replay_seconds":0.143702328,"gpu_execution":false,"credit":false}
C71_PCS_SALTS_REFERENCE {"credit":false,"cuda_compilation":false,"gpu_execution":false,"live_mmcs_cases":3,"reference":"pinned Rust blake3 OutputReader and Goldilocks StandardUniform","rng_state_bytes":176,"stdin_blake3":"74580b1dc7829ebd1b2dba166eb9218551b771d98b5fff3124253e0f24112cdc","stdin_bytes":2662620}
ok
test c71_matrix::b12::tests::c71_b12_private_coins_replay_stream_and_fail_closed ... 
thread 'c71_matrix::b12::tests::c71_b12_private_coins_replay_stream_and_fail_closed' (40) panicked at volta-pcs/src/c71_matrix/b12.rs:144:14:
B12 private coin stream exhausted; burn the attempt
ok
test c71_matrix::b12::tests::c71_b12_private_coins_salts4_component_benchmark ... C71_XOF_SALTS4_COMPONENT {"accepted_salts_per_mode":262144,"credit":false,"gpu_execution":false,"leaf_pairs_checked":65536,"parity_candidate_bytes":2097152,"repetitions":3,"same_binary":true,"schedules":[{"ordinary_seconds":[0.018749896,0.018630937,0.018617562],"salts4_seconds":[0.021920004,0.021861212,0.021892712],"strided":false},{"ordinary_seconds":[0.04563323,0.045503187,0.045255936],"salts4_seconds":[0.030309902,0.029746356,0.029711856],"strided":true}],"scope":"local sequential and strided sampler; not H100 or whole PCS","stack_batch_bytes":32,"strided_cosets":4096,"strided_rows":2048}
ok
test c71_matrix::b12::tests::c71_b12_private_coins_salts4_forced_rejection_and_exhaustion ... 
thread 'c71_matrix::b12::tests::c71_b12_private_coins_salts4_forced_rejection_and_exhaustion' (42) panicked at volta-pcs/src/c71_matrix/b12.rs:144:14:
B12 private coin stream exhausted; burn the attempt

thread 'c71_matrix::b12::tests::c71_b12_private_coins_salts4_forced_rejection_and_exhaustion' (42) panicked at volta-pcs/src/c71_matrix/b12.rs:144:14:
B12 private coin stream exhausted; burn the attempt

thread 'c71_matrix::b12::tests::c71_b12_private_coins_salts4_forced_rejection_and_exhaustion' (42) panicked at volta-pcs/src/c71_matrix/b12.rs:144:14:
B12 private coin stream exhausted; burn the attempt

thread 'c71_matrix::b12::tests::c71_b12_private_coins_salts4_forced_rejection_and_exhaustion' (42) panicked at volta-pcs/src/c71_matrix/b12.rs:144:14:
B12 private coin stream exhausted; burn the attempt

thread 'c71_matrix::b12::tests::c71_b12_private_coins_salts4_forced_rejection_and_exhaustion' (42) panicked at volta-pcs/src/c71_matrix/b12.rs:144:14:
B12 private coin stream exhausted; burn the attempt

thread 'c71_matrix::b12::tests::c71_b12_private_coins_salts4_forced_rejection_and_exhaustion' (42) panicked at volta-pcs/src/c71_matrix/b12.rs:144:14:
B12 private coin stream exhausted; burn the attempt

thread 'c71_matrix::b12::tests::c71_b12_private_coins_salts4_forced_rejection_and_exhaustion' (42) panicked at volta-pcs/src/c71_matrix/b12.rs:144:14:
B12 private coin stream exhausted; burn the attempt

thread 'c71_matrix::b12::tests::c71_b12_private_coins_salts4_forced_rejection_and_exhaustion' (42) panicked at volta-pcs/src/c71_matrix/b12.rs:144:14:
B12 private coin stream exhausted; burn the attempt

thread 'c71_matrix::b12::tests::c71_b12_private_coins_salts4_forced_rejection_and_exhaustion' (42) panicked at volta-pcs/src/c71_matrix/b12.rs:144:14:
B12 private coin stream exhausted; burn the attempt

thread 'c71_matrix::b12::tests::c71_b12_private_coins_salts4_forced_rejection_and_exhaustion' (42) panicked at volta-pcs/src/c71_matrix/b12.rs:144:14:
B12 private coin stream exhausted; burn the attempt

thread 'c71_matrix::b12::tests::c71_b12_private_coins_salts4_forced_rejection_and_exhaustion' (42) panicked at volta-pcs/src/c71_matrix/b12.rs:144:14:
B12 private coin stream exhausted; burn the attempt

thread 'c71_matrix::b12::tests::c71_b12_private_coins_salts4_forced_rejection_and_exhaustion' (42) panicked at volta-pcs/src/c71_matrix/b12.rs:144:14:
B12 private coin stream exhausted; burn the attempt

thread 'c71_matrix::b12::tests::c71_b12_private_coins_salts4_forced_rejection_and_exhaustion' (42) panicked at volta-pcs/src/c71_matrix/b12.rs:144:14:
B12 private coin stream exhausted; burn the attempt

thread 'c71_matrix::b12::tests::c71_b12_private_coins_salts4_forced_rejection_and_exhaustion' (42) panicked at volta-pcs/src/c71_matrix/b12.rs:144:14:
B12 private coin stream exhausted; burn the attempt

thread 'c71_matrix::b12::tests::c71_b12_private_coins_salts4_forced_rejection_and_exhaustion' (42) panicked at volta-pcs/src/c71_matrix/b12.rs:144:14:
B12 private coin stream exhausted; burn the attempt

thread 'c71_matrix::b12::tests::c71_b12_private_coins_salts4_forced_rejection_and_exhaustion' (42) panicked at volta-pcs/src/c71_matrix/b12.rs:144:14:
B12 private coin stream exhausted; burn the attempt

thread 'c71_matrix::b12::tests::c71_b12_private_coins_salts4_forced_rejection_and_exhaustion' (42) panicked at volta-pcs/src/c71_matrix/b12.rs:144:14:
B12 private coin stream exhausted; burn the attempt

thread 'c71_matrix::b12::tests::c71_b12_private_coins_salts4_forced_rejection_and_exhaustion' (42) panicked at volta-pcs/src/c71_matrix/b12.rs:144:14:
B12 private coin stream exhausted; burn the attempt

thread 'c71_matrix::b12::tests::c71_b12_private_coins_salts4_forced_rejection_and_exhaustion' (42) panicked at volta-pcs/src/c71_matrix/b12.rs:144:14:
B12 private coin stream exhausted; burn the attempt

thread 'c71_matrix::b12::tests::c71_b12_private_coins_salts4_forced_rejection_and_exhaustion' (42) panicked at volta-pcs/src/c71_matrix/b12.rs:144:14:
B12 private coin stream exhausted; burn the attempt

thread 'c71_matrix::b12::tests::c71_b12_private_coins_salts4_forced_rejection_and_exhaustion' (42) panicked at volta-pcs/src/c71_matrix/b12.rs:144:14:
B12 private coin stream exhausted; burn the attempt

thread 'c71_matrix::b12::tests::c71_b12_private_coins_salts4_forced_rejection_and_exhaustion' (42) panicked at volta-pcs/src/c71_matrix/b12.rs:144:14:
B12 private coin stream exhausted; burn the attempt

thread 'c71_matrix::b12::tests::c71_b12_private_coins_salts4_forced_rejection_and_exhaustion' (42) panicked at volta-pcs/src/c71_matrix/b12.rs:144:14:
B12 private coin stream exhausted; burn the attempt

thread 'c71_matrix::b12::tests::c71_b12_private_coins_salts4_forced_rejection_and_exhaustion' (42) panicked at volta-pcs/src/c71_matrix/b12.rs:144:14:
B12 private coin stream exhausted; burn the attempt

thread 'c71_matrix::b12::tests::c71_b12_private_coins_salts4_forced_rejection_and_exhaustion' (42) panicked at volta-pcs/src/c71_matrix/b12.rs:144:14:
B12 private coin stream exhausted; burn the attempt

thread 'c71_matrix::b12::tests::c71_b12_private_coins_salts4_forced_rejection_and_exhaustion' (42) panicked at volta-pcs/src/c71_matrix/b12.rs:144:14:
B12 private coin stream exhausted; burn the attempt

thread 'c71_matrix::b12::tests::c71_b12_private_coins_salts4_forced_rejection_and_exhaustion' (42) panicked at volta-pcs/src/c71_matrix/b12.rs:144:14:
B12 private coin stream exhausted; burn the attempt

thread 'c71_matrix::b12::tests::c71_b12_private_coins_salts4_forced_rejection_and_exhaustion' (42) panicked at volta-pcs/src/c71_matrix/b12.rs:144:14:
B12 private coin stream exhausted; burn the attempt

thread 'c71_matrix::b12::tests::c71_b12_private_coins_salts4_forced_rejection_and_exhaustion' (42) panicked at volta-pcs/src/c71_matrix/b12.rs:144:14:
B12 private coin stream exhausted; burn the attempt

thread 'c71_matrix::b12::tests::c71_b12_private_coins_salts4_forced_rejection_and_exhaustion' (42) panicked at volta-pcs/src/c71_matrix/b12.rs:144:14:
B12 private coin stream exhausted; burn the attempt

thread 'c71_matrix::b12::tests::c71_b12_private_coins_salts4_forced_rejection_and_exhaustion' (42) panicked at volta-pcs/src/c71_matrix/b12.rs:144:14:
B12 private coin stream exhausted; burn the attempt

thread 'c71_matrix::b12::tests::c71_b12_private_coins_salts4_forced_rejection_and_exhaustion' (42) panicked at volta-pcs/src/c71_matrix/b12.rs:144:14:
B12 private coin stream exhausted; burn the attempt

thread 'c71_matrix::b12::tests::c71_b12_private_coins_salts4_forced_rejection_and_exhaustion' (42) panicked at volta-pcs/src/c71_matrix/b12.rs:144:14:
B12 private coin stream exhausted; burn the attempt

thread 'c71_matrix::b12::tests::c71_b12_private_coins_salts4_forced_rejection_and_exhaustion' (42) panicked at volta-pcs/src/c71_matrix/b12.rs:144:14:
B12 private coin stream exhausted; burn the attempt

thread 'c71_matrix::b12::tests::c71_b12_private_coins_salts4_forced_rejection_and_exhaustion' (42) panicked at volta-pcs/src/c71_matrix/b12.rs:144:14:
B12 private coin stream exhausted; burn the attempt

thread 'c71_matrix::b12::tests::c71_b12_private_coins_salts4_forced_rejection_and_exhaustion' (42) panicked at volta-pcs/src/c71_matrix/b12.rs:144:14:
B12 private coin stream exhausted; burn the attempt

thread 'c71_matrix::b12::tests::c71_b12_private_coins_salts4_forced_rejection_and_exhaustion' (42) panicked at volta-pcs/src/c71_matrix/b12.rs:144:14:
B12 private coin stream exhausted; burn the attempt

thread 'c71_matrix::b12::tests::c71_b12_private_coins_salts4_forced_rejection_and_exhaustion' (42) panicked at volta-pcs/src/c71_matrix/b12.rs:144:14:
B12 private coin stream exhausted; burn the attempt

thread 'c71_matrix::b12::tests::c71_b12_private_coins_salts4_forced_rejection_and_exhaustion' (42) panicked at volta-pcs/src/c71_matrix/b12.rs:144:14:
B12 private coin stream exhausted; burn the attempt

thread 'c71_matrix::b12::tests::c71_b12_private_coins_salts4_forced_rejection_and_exhaustion' (42) panicked at volta-pcs/src/c71_matrix/b12.rs:144:14:
B12 private coin stream exhausted; burn the attempt

thread 'c71_matrix::b12::tests::c71_b12_private_coins_salts4_forced_rejection_and_exhaustion' (42) panicked at volta-pcs/src/c71_matrix/b12.rs:144:14:
B12 private coin stream exhausted; burn the attempt

thread 'c71_matrix::b12::tests::c71_b12_private_coins_salts4_forced_rejection_and_exhaustion' (42) panicked at volta-pcs/src/c71_matrix/b12.rs:144:14:
B12 private coin stream exhausted; burn the attempt

thread 'c71_matrix::b12::tests::c71_b12_private_coins_salts4_forced_rejection_and_exhaustion' (42) panicked at volta-pcs/src/c71_matrix/b12.rs:144:14:
B12 private coin stream exhausted; burn the attempt

thread 'c71_matrix::b12::tests::c71_b12_private_coins_salts4_forced_rejection_and_exhaustion' (42) panicked at volta-pcs/src/c71_matrix/b12.rs:144:14:
B12 private coin stream exhausted; burn the attempt

thread 'c71_matrix::b12::tests::c71_b12_private_coins_salts4_forced_rejection_and_exhaustion' (42) panicked at volta-pcs/src/c71_matrix/b12.rs:144:14:
B12 private coin stream exhausted; burn the attempt

thread 'c71_matrix::b12::tests::c71_b12_private_coins_salts4_forced_rejection_and_exhaustion' (42) panicked at volta-pcs/src/c71_matrix/b12.rs:144:14:
B12 private coin stream exhausted; burn the attempt

thread 'c71_matrix::b12::tests::c71_b12_private_coins_salts4_forced_rejection_and_exhaustion' (42) panicked at volta-pcs/src/c71_matrix/b12.rs:144:14:
B12 private coin stream exhausted; burn the attempt

thread 'c71_matrix::b12::tests::c71_b12_private_coins_salts4_forced_rejection_and_exhaustion' (42) panicked at volta-pcs/src/c71_matrix/b12.rs:144:14:
B12 private coin stream exhausted; burn the attempt

thread 'c71_matrix::b12::tests::c71_b12_private_coins_salts4_forced_rejection_and_exhaustion' (42) panicked at volta-pcs/src/c71_matrix/b12.rs:144:14:
B12 private coin stream exhausted; burn the attempt

thread 'c71_matrix::b12::tests::c71_b12_private_coins_salts4_forced_rejection_and_exhaustion' (42) panicked at volta-pcs/src/c71_matrix/b12.rs:144:14:
B12 private coin stream exhausted; burn the attempt

thread 'c71_matrix::b12::tests::c71_b12_private_coins_salts4_forced_rejection_and_exhaustion' (42) panicked at volta-pcs/src/c71_matrix/b12.rs:144:14:
B12 private coin stream exhausted; burn the attempt

thread 'c71_matrix::b12::tests::c71_b12_private_coins_salts4_forced_rejection_and_exhaustion' (42) panicked at volta-pcs/src/c71_matrix/b12.rs:144:14:
B12 private coin stream exhausted; burn the attempt

thread 'c71_matrix::b12::tests::c71_b12_private_coins_salts4_forced_rejection_and_exhaustion' (42) panicked at volta-pcs/src/c71_matrix/b12.rs:144:14:
B12 private coin stream exhausted; burn the attempt

thread 'c71_matrix::b12::tests::c71_b12_private_coins_salts4_forced_rejection_and_exhaustion' (42) panicked at volta-pcs/src/c71_matrix/b12.rs:144:14:
B12 private coin stream exhausted; burn the attempt

thread 'c71_matrix::b12::tests::c71_b12_private_coins_salts4_forced_rejection_and_exhaustion' (42) panicked at volta-pcs/src/c71_matrix/b12.rs:144:14:
B12 private coin stream exhausted; burn the attempt

thread 'c71_matrix::b12::tests::c71_b12_private_coins_salts4_forced_rejection_and_exhaustion' (42) panicked at volta-pcs/src/c71_matrix/b12.rs:144:14:
B12 private coin stream exhausted; burn the attempt

thread 'c71_matrix::b12::tests::c71_b12_private_coins_salts4_forced_rejection_and_exhaustion' (42) panicked at volta-pcs/src/c71_matrix/b12.rs:144:14:
B12 private coin stream exhausted; burn the attempt

thread 'c71_matrix::b12::tests::c71_b12_private_coins_salts4_forced_rejection_and_exhaustion' (42) panicked at volta-pcs/src/c71_matrix/b12.rs:144:14:
B12 private coin stream exhausted; burn the attempt

thread 'c71_matrix::b12::tests::c71_b12_private_coins_salts4_forced_rejection_and_exhaustion' (42) panicked at volta-pcs/src/c71_matrix/b12.rs:144:14:
B12 private coin stream exhausted; burn the attempt

thread 'c71_matrix::b12::tests::c71_b12_private_coins_salts4_forced_rejection_and_exhaustion' (42) panicked at volta-pcs/src/c71_matrix/b12.rs:144:14:
B12 private coin stream exhausted; burn the attempt

thread 'c71_matrix::b12::tests::c71_b12_private_coins_salts4_forced_rejection_and_exhaustion' (42) panicked at volta-pcs/src/c71_matrix/b12.rs:144:14:
B12 private coin stream exhausted; burn the attempt

thread 'c71_matrix::b12::tests::c71_b12_private_coins_salts4_forced_rejection_and_exhaustion' (42) panicked at volta-pcs/src/c71_matrix/b12.rs:144:14:
B12 private coin stream exhausted; burn the attempt

thread 'c71_matrix::b12::tests::c71_b12_private_coins_salts4_forced_rejection_and_exhaustion' (42) panicked at volta-pcs/src/c71_matrix/b12.rs:144:14:
B12 private coin stream exhausted; burn the attempt

thread 'c71_matrix::b12::tests::c71_b12_private_coins_salts4_forced_rejection_and_exhaustion' (42) panicked at volta-pcs/src/c71_matrix/b12.rs:144:14:
B12 private coin stream exhausted; burn the attempt
ok
test c71_matrix::b12::tests::c71_b12_private_coins_salts4_seek_refill_and_stream_parity ... 
thread 'c71_matrix::b12::tests::c71_b12_private_coins_salts4_seek_refill_and_stream_parity' (43) panicked at volta-pcs/src/c71_matrix/b12.rs:144:14:
B12 private coin stream exhausted; burn the attempt

thread 'c71_matrix::b12::tests::c71_b12_private_coins_salts4_seek_refill_and_stream_parity' (43) panicked at volta-pcs/src/c71_matrix/b12.rs:144:14:
B12 private coin stream exhausted; burn the attempt
ok

test result: ok. 8 passed; 0 failed; 0 ignored; 0 measured; 533 filtered out; finished in 2.02s

