{
  "canonical_certificates_verified": 0,
  "credit": false,
  "gpu_execution": true,
  "inference_wall_ns": 90615329151,
  "measurements": {
    "bytes_from_verifier": 0,
    "bytes_to_verifier": 24490555,
    "channels": [
      {
        "bytes_from_verifier": 0,
        "bytes_to_verifier": 24490555,
        "phase": "public_distribution",
        "slot": null
      }
    ],
    "complete_physical_peak": false,
    "gpu_backend_selected": true,
    "joint_allocations": {
      "denied_allocations": 0,
      "enforced": true,
      "excluded_packed_w_capacity_bytes": 61394690560,
      "host_large_allocation_release": "glibc fixed mmap threshold 128 KiB, max 2 arenas",
      "host_layout_bytes": 61444070491,
      "native_reservation_bytes": 0,
      "operational_margin_required_bytes": 268435456,
      "payload_limit_bytes": 5905580032,
      "peak_plus_runtime_allowance_bytes": 961263441,
      "physical_runtime_allowance_verified": false,
      "runtime_allowance_bytes": 268435456,
      "temporary_live_bytes": 49380656,
      "temporary_payload_peak_bytes": 692827985
    },
    "memory_scope": "joint host allocator/native reservation counter covers both roles and realloc overlap; W packed alone is exempt; RSS/HWM and native phase samples remain diagnostics; physical runtime allowance requires external process/device measurement",
    "phases": [
      {
        "complete": true,
        "end_ns": 199066695410,
        "end_resources": {
          "host_process": [
            "VmHWM:\t60190252 kB",
            "VmRSS:\t60173096 kB"
          ],
          "joint_allocations": {
            "denied_allocations": 0,
            "enforced": true,
            "excluded_packed_w_capacity_bytes": 61394690560,
            "host_large_allocation_release": "glibc fixed mmap threshold 128 KiB, max 2 arenas",
            "host_layout_bytes": 61443894306,
            "native_reservation_bytes": 0,
            "operational_margin_required_bytes": 268435456,
            "payload_limit_bytes": 5905580032,
            "peak_plus_runtime_allowance_bytes": 961263441,
            "physical_runtime_allowance_verified": false,
            "runtime_allowance_bytes": 268435456,
            "temporary_live_bytes": 49204471,
            "temporary_payload_peak_bytes": 692827985
          },
          "native": {
            "reason": "native owner closed or stats unavailable",
            "sample_available": false
          }
        },
        "phase": "command_total",
        "role": "coordinator",
        "slot": null,
        "start_ns": 783147,
        "start_resources": {
          "host_process": [
            "VmHWM:\t    3064 kB",
            "VmRSS:\t    3064 kB"
          ],
          "joint_allocations": {
            "denied_allocations": 0,
            "enforced": false,
            "excluded_packed_w_capacity_bytes": 0,
            "host_large_allocation_release": "glibc fixed mmap threshold 128 KiB, max 2 arenas",
            "host_layout_bytes": 1843,
            "native_reservation_bytes": 0,
            "operational_margin_required_bytes": 268435456,
            "payload_limit_bytes": 5905580032,
            "peak_plus_runtime_allowance_bytes": 268435456,
            "physical_runtime_allowance_verified": false,
            "runtime_allowance_bytes": 268435456,
            "temporary_live_bytes": 2568,
            "temporary_payload_peak_bytes": 0
          },
          "native": null
        },
        "wall_ns": 199065912263
      },
      {
        "complete": true,
        "end_ns": 83122327165,
        "end_resources": {
          "host_process": [
            "VmHWM:\t60072656 kB",
            "VmRSS:\t60072656 kB"
          ],
          "joint_allocations": {
            "denied_allocations": 0,
            "enforced": true,
            "excluded_packed_w_capacity_bytes": 61394690560,
            "host_large_allocation_release": "glibc fixed mmap threshold 128 KiB, max 2 arenas",
            "host_layout_bytes": 61492795321,
            "native_reservation_bytes": 0,
            "operational_margin_required_bytes": 268435456,
            "payload_limit_bytes": 5905580032,
            "peak_plus_runtime_allowance_bytes": 366561607,
            "physical_runtime_allowance_verified": false,
            "runtime_allowance_bytes": 268435456,
            "temporary_live_bytes": 98105486,
            "temporary_payload_peak_bytes": 98126151
          },
          "native": null
        },
        "phase": "global_initialization",
        "role": "coordinator",
        "slot": null,
        "start_ns": 1903130,
        "start_resources": {
          "host_process": [
            "VmHWM:\t    4452 kB",
            "VmRSS:\t    4452 kB"
          ],
          "joint_allocations": {
            "denied_allocations": 0,
            "enforced": false,
            "excluded_packed_w_capacity_bytes": 0,
            "host_large_allocation_release": "glibc fixed mmap threshold 128 KiB, max 2 arenas",
            "host_layout_bytes": 17068,
            "native_reservation_bytes": 0,
            "operational_margin_required_bytes": 268435456,
            "payload_limit_bytes": 5905580032,
            "peak_plus_runtime_allowance_bytes": 268435456,
            "physical_runtime_allowance_verified": false,
            "runtime_allowance_bytes": 268435456,
            "temporary_live_bytes": 17793,
            "temporary_payload_peak_bytes": 0
          },
          "native": null
        },
        "wall_ns": 83120424035
      },
      {
        "complete": true,
        "end_ns": 7468753315,
        "end_resources": {
          "host_process": [
            "VmHWM:\t   81808 kB",
            "VmRSS:\t   81808 kB"
          ],
          "joint_allocations": {
            "denied_allocations": 0,
            "enforced": false,
            "excluded_packed_w_capacity_bytes": 0,
            "host_large_allocation_release": "glibc fixed mmap threshold 128 KiB, max 2 arenas",
            "host_layout_bytes": 82720533,
            "native_reservation_bytes": 0,
            "operational_margin_required_bytes": 268435456,
            "payload_limit_bytes": 5905580032,
            "peak_plus_runtime_allowance_bytes": 268435456,
            "physical_runtime_allowance_verified": false,
            "runtime_allowance_bytes": 268435456,
            "temporary_live_bytes": 82721258,
            "temporary_payload_peak_bytes": 0
          },
          "native": null
        },
        "phase": "read_and_compile_public",
        "role": "prover",
        "slot": null,
        "start_ns": 2518237,
        "start_resources": {
          "host_process": [
            "VmHWM:\t    4460 kB",
            "VmRSS:\t    4460 kB"
          ],
          "joint_allocations": {
            "denied_allocations": 0,
            "enforced": false,
            "excluded_packed_w_capacity_bytes": 0,
            "host_large_allocation_release": "glibc fixed mmap threshold 128 KiB, max 2 arenas",
            "host_layout_bytes": 20194,
            "native_reservation_bytes": 0,
            "operational_margin_required_bytes": 268435456,
            "payload_limit_bytes": 5905580032,
            "peak_plus_runtime_allowance_bytes": 268435456,
            "physical_runtime_allowance_verified": false,
            "runtime_allowance_bytes": 268435456,
            "temporary_live_bytes": 20919,
            "temporary_payload_peak_bytes": 0
          },
          "native": null
        },
        "wall_ns": 7466235078
      },
      {
        "complete": true,
        "end_ns": 7487893862,
        "end_resources": {
          "host_process": [
            "VmHWM:\t  102628 kB",
            "VmRSS:\t   81936 kB"
          ],
          "joint_allocations": {
            "denied_allocations": 0,
            "enforced": false,
            "excluded_packed_w_capacity_bytes": 0,
            "host_large_allocation_release": "glibc fixed mmap threshold 128 KiB, max 2 arenas",
            "host_layout_bytes": 73532912,
            "native_reservation_bytes": 0,
            "operational_margin_required_bytes": 268435456,
            "payload_limit_bytes": 5905580032,
            "peak_plus_runtime_allowance_bytes": 268435456,
            "physical_runtime_allowance_verified": false,
            "runtime_allowance_bytes": 268435456,
            "temporary_live_bytes": 73533637,
            "temporary_payload_peak_bytes": 0
          },
          "native": null
        },
        "phase": "public_distribution",
        "role": "coordinator",
        "slot": null,
        "start_ns": 7470343459,
        "start_resources": {
          "host_process": [
            "VmHWM:\t   81808 kB",
            "VmRSS:\t   81808 kB"
          ],
          "joint_allocations": {
            "denied_allocations": 0,
            "enforced": false,
            "excluded_packed_w_capacity_bytes": 0,
            "host_large_allocation_release": "glibc fixed mmap threshold 128 KiB, max 2 arenas",
            "host_layout_bytes": 82720661,
            "native_reservation_bytes": 0,
            "operational_margin_required_bytes": 268435456,
            "payload_limit_bytes": 5905580032,
            "peak_plus_runtime_allowance_bytes": 268435456,
            "physical_runtime_allowance_verified": false,
            "runtime_allowance_bytes": 268435456,
            "temporary_live_bytes": 82721386,
            "temporary_payload_peak_bytes": 0
          },
          "native": null
        },
        "wall_ns": 17550403
      },
      {
        "complete": true,
        "end_ns": 14918887927,
        "end_resources": {
          "host_process": [
            "VmHWM:\t  130196 kB",
            "VmRSS:\t  108592 kB"
          ],
          "joint_allocations": {
            "denied_allocations": 0,
            "enforced": false,
            "excluded_packed_w_capacity_bytes": 0,
            "host_large_allocation_release": "glibc fixed mmap threshold 128 KiB, max 2 arenas",
            "host_layout_bytes": 98061676,
            "native_reservation_bytes": 0,
            "operational_margin_required_bytes": 268435456,
            "payload_limit_bytes": 5905580032,
            "peak_plus_runtime_allowance_bytes": 268435456,
            "physical_runtime_allowance_verified": false,
            "runtime_allowance_bytes": 268435456,
            "temporary_live_bytes": 98062401,
            "temporary_payload_peak_bytes": 0
          },
          "native": null
        },
        "phase": "compile_received_public",
        "role": "verifier",
        "slot": null,
        "start_ns": 7489249757,
        "start_resources": {
          "host_process": [
            "VmHWM:\t  102628 kB",
            "VmRSS:\t   81936 kB"
          ],
          "joint_allocations": {
            "denied_allocations": 0,
            "enforced": false,
            "excluded_packed_w_capacity_bytes": 0,
            "host_large_allocation_release": "glibc fixed mmap threshold 128 KiB, max 2 arenas",
            "host_layout_bytes": 73532912,
            "native_reservation_bytes": 0,
            "operational_margin_required_bytes": 268435456,
            "payload_limit_bytes": 5905580032,
            "peak_plus_runtime_allowance_bytes": 268435456,
            "physical_runtime_allowance_verified": false,
            "runtime_allowance_bytes": 268435456,
            "temporary_live_bytes": 73533637,
            "temporary_payload_peak_bytes": 0
          },
          "native": null
        },
        "wall_ns": 7429638170
      },
      {
        "complete": true,
        "end_ns": 83121133735,
        "end_resources": {
          "host_process": [
            "VmHWM:\t60072656 kB",
            "VmRSS:\t60072656 kB"
          ],
          "joint_allocations": {
            "denied_allocations": 0,
            "enforced": true,
            "excluded_packed_w_capacity_bytes": 61394690560,
            "host_large_allocation_release": "glibc fixed mmap threshold 128 KiB, max 2 arenas",
            "host_layout_bytes": 61492791461,
            "native_reservation_bytes": 0,
            "operational_margin_required_bytes": 268435456,
            "payload_limit_bytes": 5905580032,
            "peak_plus_runtime_allowance_bytes": 366538680,
            "physical_runtime_allowance_verified": false,
            "runtime_allowance_bytes": 268435456,
            "temporary_live_bytes": 98101626,
            "temporary_payload_peak_bytes": 98103224
          },
          "native": null
        },
        "phase": "load_packed_w",
        "role": "prover",
        "slot": null,
        "start_ns": 15797649474,
        "start_resources": {
          "host_process": [
            "VmHWM:\t  130196 kB",
            "VmRSS:\t  116900 kB"
          ],
          "joint_allocations": {
            "denied_allocations": 0,
            "enforced": false,
            "excluded_packed_w_capacity_bytes": 0,
            "host_large_allocation_release": "glibc fixed mmap threshold 128 KiB, max 2 arenas",
            "host_layout_bytes": 98093824,
            "native_reservation_bytes": 0,
            "operational_margin_required_bytes": 268435456,
            "payload_limit_bytes": 5905580032,
            "peak_plus_runtime_allowance_bytes": 268435456,
            "physical_runtime_allowance_verified": false,
            "runtime_allowance_bytes": 268435456,
            "temporary_live_bytes": 98094549,
            "temporary_payload_peak_bytes": 0
          },
          "native": null
        },
        "wall_ns": 67323484261
      },
      {
        "complete": true,
        "end_ns": 106535914750,
        "end_resources": {
          "host_process": [
            "VmHWM:\t60170712 kB",
            "VmRSS:\t60170712 kB"
          ],
          "joint_allocations": {
            "denied_allocations": 0,
            "enforced": true,
            "excluded_packed_w_capacity_bytes": 61394690560,
            "host_large_allocation_release": "glibc fixed mmap threshold 128 KiB, max 2 arenas",
            "host_layout_bytes": 61492803966,
            "native_reservation_bytes": 42088,
            "operational_margin_required_bytes": 268435456,
            "payload_limit_bytes": 5905580032,
            "peak_plus_runtime_allowance_bytes": 366593273,
            "physical_runtime_allowance_verified": false,
            "runtime_allowance_bytes": 268435456,
            "temporary_live_bytes": 98156219,
            "temporary_payload_peak_bytes": 98157817
          },
          "native": {
            "generation_slot": null,
            "gpu_checkpoint_payload_bytes": 0,
            "gpu_histogram_payload_bytes": 0,
            "gpu_kv_capacity_payload_bytes": 0,
            "gpu_public_table_payload_bytes": 0,
            "host_public_tables_capacity_bytes": 24439558,
            "host_w_capacity_bytes": 61394690560,
            "native_cumulative": {
              "allocations": 0,
              "arena_bytes": 0,
              "cleanup_failed": 0,
              "d2d_bytes": 0,
              "d2h_bytes": 0,
              "fences": 229,
              "h2d_bytes": 61394690560,
              "host_owner_bytes": 42088,
              "launches": 0,
              "live_capacity_bytes": 0,
              "logical_bytes": 0,
              "peak_capacity_bytes": 0,
              "peak_reserved_bytes": 61394690560,
              "releases": 0,
              "stopped": 0,
              "weights_bytes": 61394690560,
              "weights_loaded_bytes": 61394690560,
              "weights_sealed": 1,
              "zeroed_bytes": 0
            },
            "prepared_snapshots": 0,
            "promoted_snapshots": 0,
            "sample_available": true,
            "scope": "named payloads are subsets of arena, not additions; W is outside arena; cumulative traffic and peaks must not be summed across samples; host metadata, protocol scratch and CUDA context require process/device observations"
          }
        },
        "phase": "native_global_residency",
        "role": "prover",
        "slot": null,
        "start_ns": 83123777180,
        "start_resources": {
          "host_process": [
            "VmHWM:\t60072656 kB",
            "VmRSS:\t60072656 kB"
          ],
          "joint_allocations": {
            "denied_allocations": 0,
            "enforced": true,
            "excluded_packed_w_capacity_bytes": 61394690560,
            "host_large_allocation_release": "glibc fixed mmap threshold 128 KiB, max 2 arenas",
            "host_layout_bytes": 61492795508,
            "native_reservation_bytes": 0,
            "operational_margin_required_bytes": 268435456,
            "payload_limit_bytes": 5905580032,
            "peak_plus_runtime_allowance_bytes": 366565493,
            "physical_runtime_allowance_verified": false,
            "runtime_allowance_bytes": 268435456,
            "temporary_live_bytes": 98105673,
            "temporary_payload_peak_bytes": 98130037
          },
          "native": null
        },
        "wall_ns": 23412137570
      },
      {
        "complete": true,
        "end_ns": 198971570629,
        "end_resources": {
          "host_process": [
            "VmHWM:\t60190252 kB",
            "VmRSS:\t60173032 kB"
          ],
          "joint_allocations": {
            "denied_allocations": 0,
            "enforced": true,
            "excluded_packed_w_capacity_bytes": 61394690560,
            "host_large_allocation_release": "glibc fixed mmap threshold 128 KiB, max 2 arenas",
            "host_layout_bytes": 61492907987,
            "native_reservation_bytes": 591319912,
            "operational_margin_required_bytes": 268435456,
            "payload_limit_bytes": 5905580032,
            "peak_plus_runtime_allowance_bytes": 961263441,
            "physical_runtime_allowance_verified": false,
            "runtime_allowance_bytes": 268435456,
            "temporary_live_bytes": 689538064,
            "temporary_payload_peak_bytes": 692827985
          },
          "native": {
            "generation_slot": 0,
            "gpu_checkpoint_payload_bytes": 98380800,
            "gpu_histogram_payload_bytes": 63437880,
            "gpu_kv_capacity_payload_bytes": 405504000,
            "gpu_public_table_payload_bytes": 23954072,
            "host_public_tables_capacity_bytes": 24439558,
            "host_w_capacity_bytes": 61394690560,
            "native_cumulative": {
              "allocations": 3641220,
              "arena_bytes": 591277824,
              "cleanup_failed": 0,
              "d2d_bytes": 235161600,
              "d2h_bytes": 4743280,
              "fences": 3668557,
              "h2d_bytes": 61418645112,
              "host_owner_bytes": 42088,
              "launches": 1185820,
              "live_capacity_bytes": 591277824,
              "logical_bytes": 591276752,
              "peak_capacity_bytes": 593899520,
              "peak_reserved_bytes": 61988590080,
              "releases": 3640917,
              "stopped": 0,
              "weights_bytes": 61394690560,
              "weights_loaded_bytes": 61394690560,
              "weights_sealed": 1,
              "zeroed_bytes": 68180960
            },
            "prepared_snapshots": 1,
            "promoted_snapshots": 0,
            "sample_available": true,
            "scope": "named payloads are subsets of arena, not additions; W is outside arena; cumulative traffic and peaks must not be summed across samples; host metadata, protocol scratch and CUDA context require process/device observations"
          }
        },
        "phase": "preparation_including_inference",
        "role": "prover",
        "slot": 0,
        "start_ns": 106538120931,
        "start_resources": {
          "host_process": [
            "VmHWM:\t60170752 kB",
            "VmRSS:\t60170752 kB"
          ],
          "joint_allocations": {
            "denied_allocations": 0,
            "enforced": true,
            "excluded_packed_w_capacity_bytes": 61394690560,
            "host_large_allocation_release": "glibc fixed mmap threshold 128 KiB, max 2 arenas",
            "host_layout_bytes": 61492809296,
            "native_reservation_bytes": 42088,
            "operational_margin_required_bytes": 268435456,
            "payload_limit_bytes": 5905580032,
            "peak_plus_runtime_allowance_bytes": 366632210,
            "physical_runtime_allowance_verified": false,
            "runtime_allowance_bytes": 268435456,
            "temporary_live_bytes": 98161549,
            "temporary_payload_peak_bytes": 98196754
          },
          "native": {
            "generation_slot": null,
            "gpu_checkpoint_payload_bytes": 0,
            "gpu_histogram_payload_bytes": 0,
            "gpu_kv_capacity_payload_bytes": 0,
            "gpu_public_table_payload_bytes": 0,
            "host_public_tables_capacity_bytes": 24439558,
            "host_w_capacity_bytes": 61394690560,
            "native_cumulative": {
              "allocations": 0,
              "arena_bytes": 0,
              "cleanup_failed": 0,
              "d2d_bytes": 0,
              "d2h_bytes": 0,
              "fences": 229,
              "h2d_bytes": 61394690560,
              "host_owner_bytes": 42088,
              "launches": 0,
              "live_capacity_bytes": 0,
              "logical_bytes": 0,
              "peak_capacity_bytes": 0,
              "peak_reserved_bytes": 61394690560,
              "releases": 0,
              "stopped": 0,
              "weights_bytes": 61394690560,
              "weights_loaded_bytes": 61394690560,
              "weights_sealed": 1,
              "zeroed_bytes": 0
            },
            "prepared_snapshots": 0,
            "promoted_snapshots": 0,
            "sample_available": true,
            "scope": "named payloads are subsets of arena, not additions; W is outside arena; cumulative traffic and peaks must not be summed across samples; host metadata, protocol scratch and CUDA context require process/device observations"
          }
        },
        "wall_ns": 92433449698
      }
    ],
    "process_memory": [
      "VmHWM:\t60190252 kB",
      "VmRSS:\t60173096 kB"
    ],
    "resource_samples": [
      {
        "elapsed_ns": 14917947764,
        "phase": "public_table_owners",
        "simultaneous": {
          "host_process": [
            "VmHWM:\t  130196 kB",
            "VmRSS:\t  108592 kB"
          ],
          "joint_allocations": {
            "denied_allocations": 0,
            "enforced": false,
            "excluded_packed_w_capacity_bytes": 0,
            "host_large_allocation_release": "glibc fixed mmap threshold 128 KiB, max 2 arenas",
            "host_layout_bytes": 98055239,
            "native_reservation_bytes": 0,
            "operational_margin_required_bytes": 268435456,
            "payload_limit_bytes": 5905580032,
            "peak_plus_runtime_allowance_bytes": 268435456,
            "physical_runtime_allowance_verified": false,
            "runtime_allowance_bytes": 268435456,
            "temporary_live_bytes": 98055964,
            "temporary_payload_peak_bytes": 0
          },
          "native": null
        },
        "slot": null,
        "values": {
          "prover_capacity_bytes": 24439558,
          "verifier_capacity_bytes": 24439558
        }
      },
      {
        "elapsed_ns": 198982347052,
        "phase": "before_native_cleanup",
        "simultaneous": {
          "host_process": [
            "VmHWM:\t60190252 kB",
            "VmRSS:\t60173032 kB"
          ],
          "joint_allocations": {
            "denied_allocations": 0,
            "enforced": true,
            "excluded_packed_w_capacity_bytes": 61394690560,
            "host_large_allocation_release": "glibc fixed mmap threshold 128 KiB, max 2 arenas",
            "host_layout_bytes": 61443870381,
            "native_reservation_bytes": 591319912,
            "operational_margin_required_bytes": 268435456,
            "payload_limit_bytes": 5905580032,
            "peak_plus_runtime_allowance_bytes": 961263441,
            "physical_runtime_allowance_verified": false,
            "runtime_allowance_bytes": 268435456,
            "temporary_live_bytes": 640500458,
            "temporary_payload_peak_bytes": 692827985
          },
          "native": {
            "generation_slot": 0,
            "gpu_checkpoint_payload_bytes": 98380800,
            "gpu_histogram_payload_bytes": 63437880,
            "gpu_kv_capacity_payload_bytes": 405504000,
            "gpu_public_table_payload_bytes": 23954072,
            "host_public_tables_capacity_bytes": 24439558,
            "host_w_capacity_bytes": 61394690560,
            "native_cumulative": {
              "allocations": 3641220,
              "arena_bytes": 591277824,
              "cleanup_failed": 0,
              "d2d_bytes": 235161600,
              "d2h_bytes": 4743280,
              "fences": 3668557,
              "h2d_bytes": 61418645112,
              "host_owner_bytes": 42088,
              "launches": 1185820,
              "live_capacity_bytes": 591277824,
              "logical_bytes": 591276752,
              "peak_capacity_bytes": 593899520,
              "peak_reserved_bytes": 61988590080,
              "releases": 3640917,
              "stopped": 0,
              "weights_bytes": 61394690560,
              "weights_loaded_bytes": 61394690560,
              "weights_sealed": 1,
              "zeroed_bytes": 68180960
            },
            "prepared_snapshots": 1,
            "promoted_snapshots": 0,
            "sample_available": true,
            "scope": "named payloads are subsets of arena, not additions; W is outside arena; cumulative traffic and peaks must not be summed across samples; host metadata, protocol scratch and CUDA context require process/device observations"
          }
        },
        "slot": null,
        "values": null
      },
      {
        "elapsed_ns": 199065846630,
        "phase": "native_cleanup",
        "simultaneous": {
          "host_process": [
            "VmHWM:\t60190252 kB",
            "VmRSS:\t60173096 kB"
          ],
          "joint_allocations": {
            "denied_allocations": 0,
            "enforced": true,
            "excluded_packed_w_capacity_bytes": 61394690560,
            "host_large_allocation_release": "glibc fixed mmap threshold 128 KiB, max 2 arenas",
            "host_layout_bytes": 61443885910,
            "native_reservation_bytes": 0,
            "operational_margin_required_bytes": 268435456,
            "payload_limit_bytes": 5905580032,
            "peak_plus_runtime_allowance_bytes": 961263441,
            "physical_runtime_allowance_verified": false,
            "runtime_allowance_bytes": 268435456,
            "temporary_live_bytes": 49196075,
            "temporary_payload_peak_bytes": 692827985
          },
          "native": {
            "reason": "native owner closed or stats unavailable",
            "sample_available": false
          }
        },
        "slot": null,
        "values": {
          "final_stats": {
            "allocations": 3641220,
            "arena_bytes": 0,
            "cleanup_failed": 0,
            "d2d_bytes": 235161600,
            "d2h_bytes": 4743280,
            "fences": 3668558,
            "h2d_bytes": 61418645112,
            "host_owner_bytes": 42088,
            "launches": 1185820,
            "live_capacity_bytes": 0,
            "logical_bytes": 0,
            "peak_capacity_bytes": 593899520,
            "peak_reserved_bytes": 61988590080,
            "releases": 3640917,
            "stopped": 0,
            "weights_bytes": 0,
            "weights_loaded_bytes": 61394690560,
            "weights_sealed": 1,
            "zeroed_bytes": 68180960
          },
          "success": true
        }
      }
    ],
    "response_charges": [
      {
        "includes_initial_distribution_installation_and_setup": true,
        "observed_bytes_both_directions": 24490555,
        "observed_bytes_from_verifier": 0,
        "observed_bytes_to_verifier": 24490555,
        "response_channel_registered": false,
        "slot": 0
      },
      {
        "includes_initial_distribution_installation_and_setup": false,
        "observed_bytes_both_directions": 0,
        "observed_bytes_from_verifier": 0,
        "observed_bytes_to_verifier": 0,
        "response_channel_registered": false,
        "slot": 1
      },
      {
        "includes_initial_distribution_installation_and_setup": false,
        "observed_bytes_both_directions": 0,
        "observed_bytes_from_verifier": 0,
        "observed_bytes_to_verifier": 0,
        "response_channel_registered": false,
        "slot": 2
      }
    ],
    "timing_scope": "nested wall intervals; roles overlap, do not sum",
    "total_wall_ns": 199067624440,
    "traffic_scope": "actual application bytes at verifier boundary, including public distribution; excludes OS framing and executable provisioning"
  },
  "native_cleanup": {
    "allocations": 3641220,
    "arena_bytes": 0,
    "cleanup_failed": 0,
    "d2d_bytes": 235161600,
    "d2h_bytes": 4743280,
    "fences": 3668558,
    "h2d_bytes": 61418645112,
    "host_owner_bytes": 42088,
    "launches": 1185820,
    "live_capacity_bytes": 0,
    "logical_bytes": 0,
    "peak_capacity_bytes": 593899520,
    "peak_reserved_bytes": 61988590080,
    "releases": 3640917,
    "stopped": 0,
    "weights_bytes": 0,
    "weights_loaded_bytes": 61394690560,
    "weights_sealed": 1,
    "zeroed_bytes": 68180960
  },
  "native_cumulative": {
    "allocations": 3641220,
    "arena_bytes": 591277824,
    "cleanup_failed": 0,
    "d2d_bytes": 235161600,
    "d2h_bytes": 4743280,
    "fences": 3668557,
    "h2d_bytes": 61418645112,
    "host_owner_bytes": 42088,
    "launches": 1185820,
    "live_capacity_bytes": 591277824,
    "logical_bytes": 591276752,
    "peak_capacity_bytes": 593899520,
    "peak_reserved_bytes": 61988590080,
    "releases": 3640917,
    "stopped": 0,
    "weights_bytes": 61394690560,
    "weights_loaded_bytes": 61394690560,
    "weights_sealed": 1,
    "zeroed_bytes": 68180960
  },
  "old_tokens": 0,
  "packed_blake3": "0c864df612e2e2137caaee9d1bd354d8df3d3e1b99781e03835b4efa726c4d74",
  "preparation_including_inference_wall_ns": 92433448548,
  "readiness": false,
  "scope": "O=0 inference component; no commitment, PCG, proof, verification or continuation",
  "tokens": [
    2,
    1509,
    691,
    506,
    1791,
    529,
    2782,
    236764,
    625,
    691,
    506,
    14588,
    529,
    2782,
    236764,
    625,
    691,
    506,
    3911,
    529,
    23069,
    236764,
    625,
    691,
    506,
    3911,
    529,
    59940,
    1788,
    236764,
    625,
    691,
    506,
    29280,
    529,
    12750,
    236764,
    625,
    691,
    506,
    29280,
    529,
    10187,
    575,
    665,
    236764,
    625,
    691,
    506,
    3409,
    529,
    10847,
    236764,
    625,
    691,
    506,
    3409,
    529,
    106819,
    236764,
    625,
    691,
    506,
    6247,
    529,
    4614,
    236764,
    625,
    691,
    506,
    7208,
    529,
    53560,
    236764,
    692,
    1053,
    4326,
    1680,
    775,
    236764,
    692,
    1053,
    5017,
    1680,
    775,
    236764,
    692,
    964,
    784,
    1771,
    1982,
    531,
    35318,
    236764,
    692,
    964,
    784,
    1771,
    1982,
    506,
    1032,
    1595,
    236761,
    108,
    45558,
    100087,
    236764,
    562,
    60623,
    529,
    8512,
    46273,
    108,
    818,
    2787,
    14993,
    563,
    496,
    4011,
    6492,
    529,
    506,
    1873,
    1883,
    529,
    506,
    1902,
    236761,
    669,
    1902,
    563,
    528,
    496,
    1883,
    529,
    13130,
    236761,
    669,
    1902,
    563,
    528,
    496,
    1883,
    529,
    13130,
    236761,
    669,
    1902,
    563,
    528
  ]
}
