
running 1 test
test c71_matrix::b12::replay_tree::tests::c71_b12_canonical_extension_geometry_tracks_every_native_stage_without_allocation ... C71_PCS_ALLOCATION_GEOMETRY {"columns":12,"coset_rows":8388608,"credit":false,"fft_column_and_twiddle_upper_bytes":201326592,"frontier_capacity_bytes":1610612736,"geometry_only":true,"group":2,"height":536870912,"pending_and_current_coset_capacity_bytes":1610612736,"query_batch_rows":1048576,"query_factor_capacity_bytes":704643072,"query_matrix_capacity_bytes":100663296,"retained_root_and_salt_offset_bytes":9437152,"salt_cursors_capacity_bytes":67108864,"source_scans":32}
C71_PCS_CHAIN_STAGE {"credit":false,"dimension":34,"geometry_only":true,"height":536870912,"retained_capacity_at_commit_bytes":0,"round":0}
C71_PCS_ALLOCATION_GEOMETRY {"columns":12,"coset_rows":2097152,"credit":false,"fft_column_and_twiddle_upper_bytes":50331648,"frontier_capacity_bytes":402653184,"geometry_only":true,"group":2,"height":134217728,"pending_and_current_coset_capacity_bytes":402653184,"query_batch_rows":1048576,"query_factor_capacity_bytes":704643072,"query_matrix_capacity_bytes":100663296,"retained_root_and_salt_offset_bytes":2359264,"salt_cursors_capacity_bytes":16777216,"source_scans":32}
C71_PCS_CHAIN_STAGE {"credit":false,"dimension":34,"geometry_only":true,"height":134217728,"retained_capacity_at_commit_bytes":3221225472,"round":1}
C71_PCS_ALLOCATION_GEOMETRY {"columns":12,"coset_rows":8388608,"credit":false,"fft_column_and_twiddle_upper_bytes":201326592,"frontier_capacity_bytes":536870912,"geometry_only":true,"group":1,"height":33554432,"pending_and_current_coset_capacity_bytes":805306368,"query_batch_rows":1048576,"query_factor_capacity_bytes":704643072,"query_matrix_capacity_bytes":100663296,"retained_root_and_salt_offset_bytes":589792,"salt_cursors_capacity_bytes":67108864,"source_scans":4}
C71_PCS_CHAIN_STAGE {"credit":false,"dimension":34,"geometry_only":true,"height":33554432,"retained_capacity_at_commit_bytes":805306368,"round":2}
C71_PCS_ALLOCATION_GEOMETRY {"columns":12,"coset_rows":8388608,"credit":false,"fft_column_and_twiddle_upper_bytes":201326592,"frontier_capacity_bytes":0,"geometry_only":true,"group":1,"height":8388608,"pending_and_current_coset_capacity_bytes":805306368,"query_batch_rows":1048576,"query_factor_capacity_bytes":704643072,"query_matrix_capacity_bytes":100663296,"retained_root_and_salt_offset_bytes":147424,"salt_cursors_capacity_bytes":67108864,"source_scans":1}
C71_PCS_CHAIN_STAGE {"credit":false,"dimension":34,"geometry_only":true,"height":8388608,"retained_capacity_at_commit_bytes":201326592,"round":3}
C71_PCS_ALLOCATION_GEOMETRY {"columns":12,"coset_rows":2097152,"credit":false,"fft_column_and_twiddle_upper_bytes":50331648,"frontier_capacity_bytes":0,"geometry_only":true,"group":1,"height":2097152,"pending_and_current_coset_capacity_bytes":201326592,"query_batch_rows":1048576,"query_factor_capacity_bytes":704643072,"query_matrix_capacity_bytes":100663296,"retained_root_and_salt_offset_bytes":36832,"salt_cursors_capacity_bytes":16777216,"source_scans":1}
C71_PCS_CHAIN_STAGE {"credit":false,"dimension":34,"geometry_only":true,"height":2097152,"retained_capacity_at_commit_bytes":50331648,"round":4}
C71_PCS_ALLOCATION_GEOMETRY {"columns":12,"coset_rows":524288,"credit":false,"fft_column_and_twiddle_upper_bytes":12582912,"frontier_capacity_bytes":0,"geometry_only":true,"group":1,"height":524288,"pending_and_current_coset_capacity_bytes":50331648,"query_batch_rows":1048576,"query_factor_capacity_bytes":704643072,"query_matrix_capacity_bytes":100663296,"retained_root_and_salt_offset_bytes":9184,"salt_cursors_capacity_bytes":4194304,"source_scans":1}
C71_PCS_CHAIN_STAGE {"credit":false,"dimension":34,"geometry_only":true,"height":524288,"retained_capacity_at_commit_bytes":12582912,"round":5}
C71_PCS_ALLOCATION_GEOMETRY {"columns":12,"coset_rows":256,"credit":false,"fft_column_and_twiddle_upper_bytes":6144,"frontier_capacity_bytes":73728,"geometry_only":true,"group":1,"height":131072,"pending_and_current_coset_capacity_bytes":24576,"query_batch_rows":1024,"query_factor_capacity_bytes":360448,"query_matrix_capacity_bytes":98304,"retained_root_and_salt_offset_bytes":18400,"salt_cursors_capacity_bytes":2048,"source_scans":512}
C71_PCS_CHAIN_STAGE {"credit":false,"dimension":34,"geometry_only":true,"height":131072,"retained_capacity_at_commit_bytes":3145728,"round":6}
C71_PCS_ALLOCATION_GEOMETRY {"columns":12,"coset_rows":256,"credit":false,"fft_column_and_twiddle_upper_bytes":6144,"frontier_capacity_bytes":57344,"geometry_only":true,"group":1,"height":32768,"pending_and_current_coset_capacity_bytes":24576,"query_batch_rows":1024,"query_factor_capacity_bytes":360448,"query_matrix_capacity_bytes":98304,"retained_root_and_salt_offset_bytes":18400,"salt_cursors_capacity_bytes":2048,"source_scans":128}
C71_PCS_CHAIN_STAGE {"credit":false,"dimension":34,"geometry_only":true,"height":32768,"retained_capacity_at_commit_bytes":786432,"round":7}
C71_PCS_ALLOCATION_GEOMETRY {"columns":12,"coset_rows":256,"credit":false,"fft_column_and_twiddle_upper_bytes":6144,"frontier_capacity_bytes":40960,"geometry_only":true,"group":1,"height":8192,"pending_and_current_coset_capacity_bytes":24576,"query_batch_rows":1024,"query_factor_capacity_bytes":360448,"query_matrix_capacity_bytes":98304,"retained_root_and_salt_offset_bytes":18400,"salt_cursors_capacity_bytes":2048,"source_scans":32}
C71_PCS_CHAIN_STAGE {"credit":false,"dimension":34,"geometry_only":true,"height":8192,"retained_capacity_at_commit_bytes":196608,"round":8}
C71_PCS_ALLOCATION_GEOMETRY {"columns":12,"coset_rows":256,"credit":false,"fft_column_and_twiddle_upper_bytes":6144,"frontier_capacity_bytes":40960,"geometry_only":true,"group":1,"height":8192,"pending_and_current_coset_capacity_bytes":24576,"query_batch_rows":1024,"query_factor_capacity_bytes":360448,"query_matrix_capacity_bytes":98304,"retained_root_and_salt_offset_bytes":18400,"salt_cursors_capacity_bytes":2048,"source_scans":32}
C71_PCS_CHAIN_STAGE {"credit":false,"dimension":34,"geometry_only":true,"height":8192,"retained_capacity_at_commit_bytes":49152,"round":9}
C71_PCS_ALLOCATION_GEOMETRY {"columns":12,"coset_rows":256,"credit":false,"fft_column_and_twiddle_upper_bytes":6144,"frontier_capacity_bytes":40960,"geometry_only":true,"group":1,"height":8192,"pending_and_current_coset_capacity_bytes":24576,"query_batch_rows":1024,"query_factor_capacity_bytes":360448,"query_matrix_capacity_bytes":98304,"retained_root_and_salt_offset_bytes":18400,"salt_cursors_capacity_bytes":2048,"source_scans":32}
C71_PCS_CHAIN_STAGE {"credit":false,"dimension":34,"geometry_only":true,"height":8192,"retained_capacity_at_commit_bytes":12288,"round":10}
C71_PCS_ALLOCATION_GEOMETRY {"columns":12,"coset_rows":8388608,"credit":false,"fft_column_and_twiddle_upper_bytes":201326592,"frontier_capacity_bytes":1879048192,"geometry_only":true,"group":2,"height":1073741824,"pending_and_current_coset_capacity_bytes":1610612736,"query_batch_rows":1048576,"query_factor_capacity_bytes":704643072,"query_matrix_capacity_bytes":100663296,"retained_root_and_salt_offset_bytes":18874336,"salt_cursors_capacity_bytes":67108864,"source_scans":64}
C71_PCS_CHAIN_STAGE {"credit":false,"dimension":35,"geometry_only":true,"height":1073741824,"retained_capacity_at_commit_bytes":0,"round":0}
C71_PCS_ALLOCATION_GEOMETRY {"columns":12,"coset_rows":2097152,"credit":false,"fft_column_and_twiddle_upper_bytes":50331648,"frontier_capacity_bytes":469762048,"geometry_only":true,"group":2,"height":268435456,"pending_and_current_coset_capacity_bytes":402653184,"query_batch_rows":1048576,"query_factor_capacity_bytes":704643072,"query_matrix_capacity_bytes":100663296,"retained_root_and_salt_offset_bytes":4718560,"salt_cursors_capacity_bytes":16777216,"source_scans":64}
C71_PCS_CHAIN_STAGE {"credit":false,"dimension":35,"geometry_only":true,"height":268435456,"retained_capacity_at_commit_bytes":0,"round":1}
C71_PCS_ALLOCATION_GEOMETRY {"columns":12,"coset_rows":8388608,"credit":false,"fft_column_and_twiddle_upper_bytes":201326592,"frontier_capacity_bytes":805306368,"geometry_only":true,"group":1,"height":67108864,"pending_and_current_coset_capacity_bytes":805306368,"query_batch_rows":1048576,"query_factor_capacity_bytes":704643072,"query_matrix_capacity_bytes":100663296,"retained_root_and_salt_offset_bytes":1179616,"salt_cursors_capacity_bytes":67108864,"source_scans":8}
C71_PCS_CHAIN_STAGE {"credit":false,"dimension":35,"geometry_only":true,"height":67108864,"retained_capacity_at_commit_bytes":0,"round":2}
C71_PCS_ALLOCATION_GEOMETRY {"columns":12,"coset_rows":8388608,"credit":false,"fft_column_and_twiddle_upper_bytes":201326592,"frontier_capacity_bytes":268435456,"geometry_only":true,"group":1,"height":16777216,"pending_and_current_coset_capacity_bytes":805306368,"query_batch_rows":1048576,"query_factor_capacity_bytes":704643072,"query_matrix_capacity_bytes":100663296,"retained_root_and_salt_offset_bytes":294880,"salt_cursors_capacity_bytes":67108864,"source_scans":2}
C71_PCS_CHAIN_STAGE {"credit":false,"dimension":35,"geometry_only":true,"height":16777216,"retained_capacity_at_commit_bytes":0,"round":3}
C71_PCS_ALLOCATION_GEOMETRY {"columns":12,"coset_rows":4194304,"credit":false,"fft_column_and_twiddle_upper_bytes":100663296,"frontier_capacity_bytes":0,"geometry_only":true,"group":1,"height":4194304,"pending_and_current_coset_capacity_bytes":402653184,"query_batch_rows":1048576,"query_factor_capacity_bytes":704643072,"query_matrix_capacity_bytes":100663296,"retained_root_and_salt_offset_bytes":73696,"salt_cursors_capacity_bytes":33554432,"source_scans":1}
C71_PCS_CHAIN_STAGE {"credit":false,"dimension":35,"geometry_only":true,"height":4194304,"retained_capacity_at_commit_bytes":0,"round":4}
C71_PCS_ALLOCATION_GEOMETRY {"columns":12,"coset_rows":1048576,"credit":false,"fft_column_and_twiddle_upper_bytes":25165824,"frontier_capacity_bytes":0,"geometry_only":true,"group":1,"height":1048576,"pending_and_current_coset_capacity_bytes":100663296,"query_batch_rows":1048576,"query_factor_capacity_bytes":704643072,"query_matrix_capacity_bytes":100663296,"retained_root_and_salt_offset_bytes":18400,"salt_cursors_capacity_bytes":8388608,"source_scans":1}
C71_PCS_CHAIN_STAGE {"credit":false,"dimension":35,"geometry_only":true,"height":1048576,"retained_capacity_at_commit_bytes":0,"round":5}
C71_PCS_ALLOCATION_GEOMETRY {"columns":12,"coset_rows":256,"credit":false,"fft_column_and_twiddle_upper_bytes":6144,"frontier_capacity_bytes":81920,"geometry_only":true,"group":1,"height":262144,"pending_and_current_coset_capacity_bytes":24576,"query_batch_rows":1024,"query_factor_capacity_bytes":360448,"query_matrix_capacity_bytes":98304,"retained_root_and_salt_offset_bytes":18400,"salt_cursors_capacity_bytes":2048,"source_scans":1024}
C71_PCS_CHAIN_STAGE {"credit":false,"dimension":35,"geometry_only":true,"height":262144,"retained_capacity_at_commit_bytes":0,"round":6}
C71_PCS_ALLOCATION_GEOMETRY {"columns":12,"coset_rows":256,"credit":false,"fft_column_and_twiddle_upper_bytes":6144,"frontier_capacity_bytes":65536,"geometry_only":true,"group":1,"height":65536,"pending_and_current_coset_capacity_bytes":24576,"query_batch_rows":1024,"query_factor_capacity_bytes":360448,"query_matrix_capacity_bytes":98304,"retained_root_and_salt_offset_bytes":18400,"salt_cursors_capacity_bytes":2048,"source_scans":256}
C71_PCS_CHAIN_STAGE {"credit":false,"dimension":35,"geometry_only":true,"height":65536,"retained_capacity_at_commit_bytes":0,"round":7}
C71_PCS_ALLOCATION_GEOMETRY {"columns":12,"coset_rows":256,"credit":false,"fft_column_and_twiddle_upper_bytes":6144,"frontier_capacity_bytes":49152,"geometry_only":true,"group":1,"height":16384,"pending_and_current_coset_capacity_bytes":24576,"query_batch_rows":1024,"query_factor_capacity_bytes":360448,"query_matrix_capacity_bytes":98304,"retained_root_and_salt_offset_bytes":18400,"salt_cursors_capacity_bytes":2048,"source_scans":64}
C71_PCS_CHAIN_STAGE {"credit":false,"dimension":35,"geometry_only":true,"height":16384,"retained_capacity_at_commit_bytes":0,"round":8}
C71_PCS_ALLOCATION_GEOMETRY {"columns":12,"coset_rows":256,"credit":false,"fft_column_and_twiddle_upper_bytes":6144,"frontier_capacity_bytes":40960,"geometry_only":true,"group":1,"height":8192,"pending_and_current_coset_capacity_bytes":24576,"query_batch_rows":1024,"query_factor_capacity_bytes":360448,"query_matrix_capacity_bytes":98304,"retained_root_and_salt_offset_bytes":18400,"salt_cursors_capacity_bytes":2048,"source_scans":32}
C71_PCS_CHAIN_STAGE {"credit":false,"dimension":35,"geometry_only":true,"height":8192,"retained_capacity_at_commit_bytes":0,"round":9}
C71_PCS_ALLOCATION_GEOMETRY {"columns":12,"coset_rows":256,"credit":false,"fft_column_and_twiddle_upper_bytes":6144,"frontier_capacity_bytes":40960,"geometry_only":true,"group":1,"height":8192,"pending_and_current_coset_capacity_bytes":24576,"query_batch_rows":1024,"query_factor_capacity_bytes":360448,"query_matrix_capacity_bytes":98304,"retained_root_and_salt_offset_bytes":18400,"salt_cursors_capacity_bytes":2048,"source_scans":32}
C71_PCS_CHAIN_STAGE {"credit":false,"dimension":35,"geometry_only":true,"height":8192,"retained_capacity_at_commit_bytes":0,"round":10}
ok

test result: ok. 1 passed; 0 failed; 0 ignored; 0 measured; 567 filtered out; finished in 0.00s

