
running 1 test
test c71_matrix::linear::tests::c71_b12_native_linear_original_codecs_exact_coefficients_endpoints_and_work ... C71_NATIVE_LINEAR_COMPONENT {"credit":false,"d2h_bytes":124,"domain_log2":10,"gpu_execution":false,"h2d_bytes":1208,"live":256,"owner_host_s":0.00017525,"packet_host_capacity_bytes":1328,"packet_host_peak_bound_bytes":5056,"prefix_bits":0}
C71_NATIVE_LINEAR_COMPONENT {"credit":false,"d2h_bytes":124,"domain_log2":10,"gpu_execution":false,"h2d_bytes":1072,"live":256,"owner_host_s":0.000117,"packet_host_capacity_bytes":1192,"packet_host_peak_bound_bytes":4224,"prefix_bits":1}
C71_NATIVE_LINEAR_COMPONENT {"credit":false,"d2h_bytes":124,"domain_log2":10,"gpu_execution":false,"h2d_bytes":568,"live":256,"owner_host_s":0.000039333,"packet_host_capacity_bytes":688,"packet_host_peak_bound_bytes":2640,"prefix_bits":2}
C71_NATIVE_LINEAR_COMPONENT {"credit":false,"d2h_bytes":124,"domain_log2":10,"gpu_execution":false,"h2d_bytes":6336,"live":256,"owner_host_s":0.000142418,"packet_host_capacity_bytes":6456,"packet_host_peak_bound_bytes":19920,"prefix_bits":9}
C71_NATIVE_LINEAR_COMPONENT {"credit":false,"d2h_bytes":124,"domain_log2":12,"gpu_execution":false,"h2d_bytes":1256,"live":256,"owner_host_s":0.000112375,"packet_host_capacity_bytes":1376,"packet_host_peak_bound_bytes":5152,"prefix_bits":0}
C71_NATIVE_LINEAR_COMPONENT {"credit":false,"d2h_bytes":124,"domain_log2":12,"gpu_execution":false,"h2d_bytes":1120,"live":256,"owner_host_s":0.000117584,"packet_host_capacity_bytes":1240,"packet_host_peak_bound_bytes":4320,"prefix_bits":1}
C71_NATIVE_LINEAR_COMPONENT {"credit":false,"d2h_bytes":124,"domain_log2":12,"gpu_execution":false,"h2d_bytes":616,"live":256,"owner_host_s":0.000039375,"packet_host_capacity_bytes":736,"packet_host_peak_bound_bytes":2736,"prefix_bits":2}
C71_NATIVE_LINEAR_COMPONENT {"credit":false,"d2h_bytes":124,"domain_log2":12,"gpu_execution":false,"h2d_bytes":6480,"live":256,"owner_host_s":0.000149501,"packet_host_capacity_bytes":6600,"packet_host_peak_bound_bytes":20352,"prefix_bits":11}
C71_NATIVE_LINEAR_COMPONENT {"credit":false,"d2h_bytes":124,"domain_log2":10,"gpu_execution":false,"h2d_bytes":1208,"live":256,"owner_host_s":0.000150959,"packet_host_capacity_bytes":1328,"packet_host_peak_bound_bytes":5056,"prefix_bits":0}
C71_NATIVE_LINEAR_COMPONENT {"credit":false,"d2h_bytes":124,"domain_log2":10,"gpu_execution":false,"h2d_bytes":1072,"live":256,"owner_host_s":0.000148917,"packet_host_capacity_bytes":1192,"packet_host_peak_bound_bytes":4224,"prefix_bits":1}
C71_NATIVE_LINEAR_COMPONENT {"credit":false,"d2h_bytes":124,"domain_log2":10,"gpu_execution":false,"h2d_bytes":568,"live":256,"owner_host_s":0.00003575,"packet_host_capacity_bytes":688,"packet_host_peak_bound_bytes":2640,"prefix_bits":2}
C71_NATIVE_LINEAR_COMPONENT {"credit":false,"d2h_bytes":124,"domain_log2":10,"gpu_execution":false,"h2d_bytes":6336,"live":256,"owner_host_s":0.000135501,"packet_host_capacity_bytes":6456,"packet_host_peak_bound_bytes":19920,"prefix_bits":9}
C71_NATIVE_LINEAR_COMPONENT {"credit":false,"d2h_bytes":124,"domain_log2":12,"gpu_execution":false,"h2d_bytes":1256,"live":256,"owner_host_s":0.000172709,"packet_host_capacity_bytes":1376,"packet_host_peak_bound_bytes":5152,"prefix_bits":0}
C71_NATIVE_LINEAR_COMPONENT {"credit":false,"d2h_bytes":124,"domain_log2":12,"gpu_execution":false,"h2d_bytes":1120,"live":256,"owner_host_s":0.000161459,"packet_host_capacity_bytes":1240,"packet_host_peak_bound_bytes":4320,"prefix_bits":1}
C71_NATIVE_LINEAR_COMPONENT {"credit":false,"d2h_bytes":124,"domain_log2":12,"gpu_execution":false,"h2d_bytes":616,"live":256,"owner_host_s":0.0000375,"packet_host_capacity_bytes":736,"packet_host_peak_bound_bytes":2736,"prefix_bits":2}
C71_NATIVE_LINEAR_COMPONENT {"credit":false,"d2h_bytes":124,"domain_log2":12,"gpu_execution":false,"h2d_bytes":6480,"live":256,"owner_host_s":0.000145876,"packet_host_capacity_bytes":6600,"packet_host_peak_bound_bytes":20352,"prefix_bits":11}
C71_NATIVE_LINEAR_PARITY {"GPU_execution":false,"MAC_basis_u3_2":true,"cases":16,"credit":false,"i16_u16_slack_raw_i48_split":true,"overlapping_duplicate_cubes":true,"prefix_zero_one_extension":true,"public_tail_reads":0,"public_zero_tail_case":true,"ragged_sealed_W":true}
ok

test result: ok. 1 passed; 0 failed; 0 ignored; 0 measured; 599 filtered out; finished in 9.99s

