warning: variant `Shape` is never constructed
   --> volta-pcg/src/c71_seed6.rs:123:5
    |
120 | enum Seed6Error {
    |      ---------- variant in this enum
...
123 |     Shape,
    |     ^^^^^
    |
    = note: `Seed6Error` has derived impls for the traits `Debug` and `Clone`, but these are intentionally ignored during dead code analysis
    = note: `#[warn(dead_code)]` (part of `#[warn(unused)]`) on by default

warning: struct `ProverRows` is never constructed
   --> volta-pcg/src/c71_seed6.rs:128:8
    |
128 | struct ProverRows<'a> {
    |        ^^^^^^^^^^

warning: struct `VerifierRows` is never constructed
   --> volta-pcg/src/c71_seed6.rs:136:8
    |
136 | struct VerifierRows<'a> {
    |        ^^^^^^^^^^^^

warning: struct `CompressedRows` is never constructed
   --> volta-pcg/src/c71_seed6.rs:191:8
    |
191 | struct CompressedRows {
    |        ^^^^^^^^^^^^^^

warning: function `buffer_report` is never used
   --> volta-pcg/src/c71_seed6.rs:228:4
    |
228 | fn buffer_report(output: &CompressedRows) -> Seed6Buffers {
    |    ^^^^^^^^^^^^^

warning: struct `Seed6Buffers` is never constructed
   --> volta-pcg/src/c71_seed6.rs:243:8
    |
243 | struct Seed6Buffers {
    |        ^^^^^^^^^^^^

warning: function `prover_accumulators` is never used
   --> volta-pcg/src/c71_seed6.rs:256:4
    |
256 | fn prover_accumulators(rows: ProverRows<'_>) -> Result<ProverCheck, Seed6Error> {
    |    ^^^^^^^^^^^^^^^^^^^

warning: function `verifier_accumulator` is never used
   --> volta-pcg/src/c71_seed6.rs:271:4
    |
271 | fn verifier_accumulator(rows: VerifierRows<'_>) -> Result<VerifierCheck, Seed6Error> {
    |    ^^^^^^^^^^^^^^^^^^^^

warning: function `check_then_compress` is never used
   --> volta-pcg/src/c71_seed6.rs:318:4
    |
318 | fn check_then_compress(
    |    ^^^^^^^^^^^^^^^^^^^

warning: method `heap_bytes` is never used
   --> volta-pcg/src/c71_seed6/equality.rs:156:8
    |
 86 | impl<State> Prepared<State> {
    | --------------------------- method in this implementation
...
156 |     fn heap_bytes(&self) -> usize {
    |        ^^^^^^^^^^

warning: function `check_remaining` is never used
   --> volta-pcg/src/c71_seed6/guard.rs:285:4
    |
285 | fn check_remaining(p: &ProverFinished, v: &GuardAccepted) {
    |    ^^^^^^^^^^^^^^^

warning: fields `work` and `random_candidates` are never read
  --> volta-pcg/src/c71_seed6/cggm.rs:24:5
   |
19 | struct SenderPending {
   |        ------------- fields in this struct
...
24 |     work: Work,
   |     ^^^^
25 |     random_candidates: u64,
   |     ^^^^^^^^^^^^^^^^^

warning: field `work` is never read
  --> volta-pcg/src/c71_seed6/cggm.rs:34:5
   |
28 | struct ReceiverPending {
   |        --------------- field in this struct
...
34 |     work: Work,
   |     ^^^^

warning: field `work` is never read
  --> volta-pcg/src/c71_seed6/cggm.rs:40:5
   |
37 | struct SplitPending<State> {
   |        ------------ field in this struct
...
40 |     work: Work,
   |     ^^^^

warning: method `terms` is never used
  --> volta-pcg/src/c71_seed6/expand.rs:43:8
   |
25 | impl Stream {
   | ----------- method in this implementation
...
43 |     fn terms(&mut self) -> Result<(Vec<EaTerm>, Work), Error> {
   |        ^^^^^

warning: methods `next_row` and `heap_bytes` are never used
   --> volta-pcg/src/c71_seed6/expand.rs:122:19
    |
102 | impl Sender {
    | ----------- methods in this implementation
...
122 |     pub(super) fn next_row(&mut self) -> Result<[u64; 3], Error> {
    |                   ^^^^^^^^
...
217 |     pub(super) fn heap_bytes(&self) -> usize {
    |                   ^^^^^^^^^^

warning: methods `next_row` and `heap_bytes` are never used
   --> volta-pcg/src/c71_seed6/expand.rs:254:19
    |
222 | impl Receiver {
    | ------------- methods in this implementation
...
254 |     pub(super) fn next_row(&mut self) -> Result<[u64; 4], Error> {
    |                   ^^^^^^^^
...
303 |     pub(super) fn heap_bytes(&self) -> usize {
    |                   ^^^^^^^^^^

warning: field `seed6_work` is never read
  --> volta-pcg/src/c71_seed6/real.rs:91:9
   |
86 | pub(super) struct RealProverOutput {
   |                   ---------------- field in this struct
...
91 |     pub seed6_work: Seed6Work,
   |         ^^^^^^^^^^

warning: field `seed6_work` is never read
   --> volta-pcg/src/c71_seed6/real.rs:101:9
    |
 96 | pub(super) struct RealVerifierOutput {
    |                   ------------------ field in this struct
...
101 |     pub seed6_work: Seed6Work,
    |         ^^^^^^^^^^

warning: field `work` is never read
   --> volta-pcg/src/c71_seed6/real.rs:117:9
    |
114 | pub(super) struct ProverReservation {
    |                   ----------------- field in this struct
...
117 |     pub work: ReservationWork,
    |         ^^^^

warning: field `work` is never read
   --> volta-pcg/src/c71_seed6/real.rs:123:9
    |
120 | pub(super) struct VerifierReservation {
    |                   ------------------- field in this struct
...
123 |     pub work: ReservationWork,
    |         ^^^^

warning: `volta-pcg` (lib) generated 21 warnings
warning: function `cache_fold_rows_values` is never used
    --> volta-proto/src/block_proof.rs:2209:4
     |
2209 | fn cache_fold_rows_values(segs: &[CacheSegP], wr: &[Fp2], c0: usize, w: usize) -> Vec<Fp2> {
     |    ^^^^^^^^^^^^^^^^^^^^^^
     |
     = note: `#[warn(dead_code)]` (part of `#[warn(unused)]`) on by default

warning: function `cache_fold_cols_values` is never used
    --> volta-proto/src/block_proof.rs:2264:4
     |
2264 | fn cache_fold_cols_values(segs: &[CacheSegP], wc: &[Fp2], c0: usize, w: usize) -> Vec<Fp2> {
     |    ^^^^^^^^^^^^^^^^^^^^^^

warning: `volta-proto` (lib) generated 2 warnings
   Compiling volta-pcs v0.0.0 (/home/okrame/projects/volta-zk/rust/volta-pcs)
warning: unused import: `volta_mac::CorrelationStream`
    --> volta-pcs/src/c63_authenticated_sketch.rs:2169:9
     |
2169 |     use volta_mac::CorrelationStream;
     |         ^^^^^^^^^^^^^^^^^^^^^^^^^^^^
     |
     = note: `#[warn(unused_imports)]` (part of `#[warn(unused)]`) on by default

warning: unused imports: `C6_PERSISTENT_CACHE_CAPACITY_TOKENS`, `C6_PERSISTENT_CACHE_LAYERS`, `C6_PERSISTENT_CACHE_PADDED_LAYERS`, `C6_PERSISTENT_CACHE_PADDED_WIDTH`, `C6_PERSISTENT_CACHE_SLOT_CAPACITY`, and `C6_PERSISTENT_CACHE_WIDTH`
  --> volta-pcs/src/c6_persistent_cache_blind.rs:32:5
   |
32 |     C6_PERSISTENT_CACHE_CAPACITY_TOKENS, C6_PERSISTENT_CACHE_FOLD_CAPACITY,
   |     ^^^^^^^^^^^^^^^^^^^^^^^^^^^^^^^^^^^
33 |     C6_PERSISTENT_CACHE_LAYERS, C6_PERSISTENT_CACHE_PADDED_LAYERS,
   |     ^^^^^^^^^^^^^^^^^^^^^^^^^^  ^^^^^^^^^^^^^^^^^^^^^^^^^^^^^^^^^
34 |     C6_PERSISTENT_CACHE_PADDED_WIDTH, C6_PERSISTENT_CACHE_SLOT_CAPACITY, C6_PERSISTENT_CACHE_WIDTH,
   |     ^^^^^^^^^^^^^^^^^^^^^^^^^^^^^^^^  ^^^^^^^^^^^^^^^^^^^^^^^^^^^^^^^^^  ^^^^^^^^^^^^^^^^^^^^^^^^^

error[E0283]: type annotations needed
   --> volta-pcs/src/c71_matrix/b12/replay.rs:677:73
    |
677 |                 return Err("native initial base query geometry differs".into());
    |                                                                         ^^^^
    |
    = note: the type must implement `From<&str>`
    = note: required for `&str` to implement `Into<_>`
help: try using a fully qualified path to specify the expected types
    |
677 -                 return Err("native initial base query geometry differs".into());
677 +                 return Err(<&str as Into<T>>::into("native initial base query geometry differs"));
    |

error[E0283]: type annotations needed
   --> volta-pcs/src/c71_matrix/b12/replay.rs:677:73
    |
677 |                 return Err("native initial base query geometry differs".into());
    |                                                                         ^^^^
...
686 |             let before=runtime.stats()?;
    |                                       - type must be known at this point
    |
    = note: multiple `impl`s satisfying `_: From<std::string::String>` found in the following crates: `alloc`, `serde_json`, `std`:
            - impl From<std::string::String> for Box<str>;
            - impl From<std::string::String> for OsString;
            - impl From<std::string::String> for Rc<str>;
            - impl From<std::string::String> for Vec<u8>;
            - impl From<std::string::String> for serde_json::Value;
            - impl From<std::string::String> for std::path::PathBuf;
            - impl From<std::string::String> for std::sync::Arc<str>;
            - impl From<std::string::String> for std::thread::thread::thread_name_string::ThreadNameString;
help: try using a fully qualified path to specify the expected types
    |
677 -                 return Err("native initial base query geometry differs".into());
677 +                 return Err(<&str as Into<T>>::into("native initial base query geometry differs"));
    |

error[E0283]: type annotations needed
   --> volta-pcs/src/c71_matrix/b12/replay.rs:677:73
    |
677 |                 return Err("native initial base query geometry differs".into());
    |                                                                         ^^^^
...
689 |                 "original_byte_windows":true,"resident":true}))?;
    |                                                                - type must be known at this point
    |
    = note: multiple `impl`s satisfying `_: From<std::string::String>` found in the following crates: `alloc`, `serde_json`, `std`:
            - impl From<std::string::String> for Box<str>;
            - impl From<std::string::String> for OsString;
            - impl From<std::string::String> for Rc<str>;
            - impl From<std::string::String> for Vec<u8>;
            - impl From<std::string::String> for serde_json::Value;
            - impl From<std::string::String> for std::path::PathBuf;
            - impl From<std::string::String> for std::sync::Arc<str>;
            - impl From<std::string::String> for std::thread::thread::thread_name_string::ThreadNameString;
help: try using a fully qualified path to specify the expected types
    |
677 -                 return Err("native initial base query geometry differs".into());
677 +                 return Err(<&str as Into<T>>::into("native initial base query geometry differs"));
    |

error[E0283]: type annotations needed
   --> volta-pcs/src/c71_matrix/b12/replay.rs:677:73
    |
677 |                 return Err("native initial base query geometry differs".into());
    |                                                                         ^^^^
...
721 |                 })?;
    |                   - type must be known at this point
    |
    = note: multiple `impl`s satisfying `_: From<std::string::String>` found in the following crates: `alloc`, `serde_json`, `std`:
            - impl From<std::string::String> for Box<str>;
            - impl From<std::string::String> for OsString;
            - impl From<std::string::String> for Rc<str>;
            - impl From<std::string::String> for Vec<u8>;
            - impl From<std::string::String> for serde_json::Value;
            - impl From<std::string::String> for std::path::PathBuf;
            - impl From<std::string::String> for std::sync::Arc<str>;
            - impl From<std::string::String> for std::thread::thread::thread_name_string::ThreadNameString;
help: try using a fully qualified path to specify the expected types
    |
677 -                 return Err("native initial base query geometry differs".into());
677 +                 return Err(<&str as Into<T>>::into("native initial base query geometry differs"));
    |

error[E0283]: type annotations needed
   --> volta-pcs/src/c71_matrix/b12/replay.rs:677:73
    |
677 |                 return Err("native initial base query geometry differs".into());
    |                                                                         ^^^^
...
724 |             let pads=runtime.pcs_words(self.pads.len())?;
    |                                                        - type must be known at this point
    |
    = note: multiple `impl`s satisfying `_: From<std::string::String>` found in the following crates: `alloc`, `serde_json`, `std`:
            - impl From<std::string::String> for Box<str>;
            - impl From<std::string::String> for OsString;
            - impl From<std::string::String> for Rc<str>;
            - impl From<std::string::String> for Vec<u8>;
            - impl From<std::string::String> for serde_json::Value;
            - impl From<std::string::String> for std::path::PathBuf;
            - impl From<std::string::String> for std::sync::Arc<str>;
            - impl From<std::string::String> for std::thread::thread::thread_name_string::ThreadNameString;
help: try using a fully qualified path to specify the expected types
    |
677 -                 return Err("native initial base query geometry differs".into());
677 +                 return Err(<&str as Into<T>>::into("native initial base query geometry differs"));
    |

error[E0283]: type annotations needed
   --> volta-pcs/src/c71_matrix/b12/replay.rs:677:73
    |
677 |                 return Err("native initial base query geometry differs".into());
    |                                                                         ^^^^
...
727 |             runtime.pcs_upload(&pads,0,&pad_words)?;
    |                                                   - type must be known at this point
    |
    = note: multiple `impl`s satisfying `_: From<std::string::String>` found in the following crates: `alloc`, `serde_json`, `std`:
            - impl From<std::string::String> for Box<str>;
            - impl From<std::string::String> for OsString;
            - impl From<std::string::String> for Rc<str>;
            - impl From<std::string::String> for Vec<u8>;
            - impl From<std::string::String> for serde_json::Value;
            - impl From<std::string::String> for std::path::PathBuf;
            - impl From<std::string::String> for std::sync::Arc<str>;
            - impl From<std::string::String> for std::thread::thread::thread_name_string::ThreadNameString;
help: try using a fully qualified path to specify the expected types
    |
677 -                 return Err("native initial base query geometry differs".into());
677 +                 return Err(<&str as Into<T>>::into("native initial base query geometry differs"));
    |

error[E0283]: type annotations needed
   --> volta-pcs/src/c71_matrix/b12/replay.rs:677:73
    |
677 |                 return Err("native initial base query geometry differs".into());
    |                                                                         ^^^^
...
729 |             let work=runtime.pcs_words(2*cap)?;
    |                                              - type must be known at this point
    |
    = note: multiple `impl`s satisfying `_: From<std::string::String>` found in the following crates: `alloc`, `serde_json`, `std`:
            - impl From<std::string::String> for Box<str>;
            - impl From<std::string::String> for OsString;
            - impl From<std::string::String> for Rc<str>;
            - impl From<std::string::String> for Vec<u8>;
            - impl From<std::string::String> for serde_json::Value;
            - impl From<std::string::String> for std::path::PathBuf;
            - impl From<std::string::String> for std::sync::Arc<str>;
            - impl From<std::string::String> for std::thread::thread::thread_name_string::ThreadNameString;
help: try using a fully qualified path to specify the expected types
    |
677 -                 return Err("native initial base query geometry differs".into());
677 +                 return Err(<&str as Into<T>>::into("native initial base query geometry differs"));
    |

error[E0283]: type annotations needed
   --> volta-pcs/src/c71_matrix/b12/replay.rs:677:73
    |
677 |                 return Err("native initial base query geometry differs".into());
    |                                                                         ^^^^
...
730 |             let scratch=runtime.pcs_words(2*cap)?;
    |                                                 - type must be known at this point
    |
    = note: multiple `impl`s satisfying `_: From<std::string::String>` found in the following crates: `alloc`, `serde_json`, `std`:
            - impl From<std::string::String> for Box<str>;
            - impl From<std::string::String> for OsString;
            - impl From<std::string::String> for Rc<str>;
            - impl From<std::string::String> for Vec<u8>;
            - impl From<std::string::String> for serde_json::Value;
            - impl From<std::string::String> for std::path::PathBuf;
            - impl From<std::string::String> for std::sync::Arc<str>;
            - impl From<std::string::String> for std::thread::thread::thread_name_string::ThreadNameString;
help: try using a fully qualified path to specify the expected types
    |
677 -                 return Err("native initial base query geometry differs".into());
677 +                 return Err(<&str as Into<T>>::into("native initial base query geometry differs"));
    |

error[E0283]: type annotations needed
   --> volta-pcs/src/c71_matrix/b12/replay.rs:677:73
    |
677 |                 return Err("native initial base query geometry differs".into());
    |                                                                         ^^^^
...
731 |             let low=runtime.pcs_words(cap)?;
    |                                           - type must be known at this point
    |
    = note: multiple `impl`s satisfying `_: From<std::string::String>` found in the following crates: `alloc`, `serde_json`, `std`:
            - impl From<std::string::String> for Box<str>;
            - impl From<std::string::String> for OsString;
            - impl From<std::string::String> for Rc<str>;
            - impl From<std::string::String> for Vec<u8>;
            - impl From<std::string::String> for serde_json::Value;
            - impl From<std::string::String> for std::path::PathBuf;
            - impl From<std::string::String> for std::sync::Arc<str>;
            - impl From<std::string::String> for std::thread::thread::thread_name_string::ThreadNameString;
help: try using a fully qualified path to specify the expected types
    |
677 -                 return Err("native initial base query geometry differs".into());
677 +                 return Err(<&str as Into<T>>::into("native initial base query geometry differs"));
    |

error[E0283]: type annotations needed
   --> volta-pcs/src/c71_matrix/b12/replay.rs:677:73
    |
677 |                 return Err("native initial base query geometry differs".into());
    |                                                                         ^^^^
...
732 |             let mut remainders=[runtime.pcs_words(cap)?,runtime.pcs_words(cap)?];
    |                                                       - type must be known at this point
    |
    = note: multiple `impl`s satisfying `_: From<std::string::String>` found in the following crates: `alloc`, `serde_json`, `std`:
            - impl From<std::string::String> for Box<str>;
            - impl From<std::string::String> for OsString;
            - impl From<std::string::String> for Rc<str>;
            - impl From<std::string::String> for Vec<u8>;
            - impl From<std::string::String> for serde_json::Value;
            - impl From<std::string::String> for std::path::PathBuf;
            - impl From<std::string::String> for std::sync::Arc<str>;
            - impl From<std::string::String> for std::thread::thread::thread_name_string::ThreadNameString;
help: try using a fully qualified path to specify the expected types
    |
677 -                 return Err("native initial base query geometry differs".into());
677 +                 return Err(<&str as Into<T>>::into("native initial base query geometry differs"));
    |

error[E0283]: type annotations needed
   --> volta-pcs/src/c71_matrix/b12/replay.rs:677:73
    |
677 |                 return Err("native initial base query geometry differs".into());
    |                                                                         ^^^^
...
732 |             let mut remainders=[runtime.pcs_words(cap)?,runtime.pcs_words(cap)?];
    |                                                                               - type must be known at this point
    |
    = note: multiple `impl`s satisfying `_: From<std::string::String>` found in the following crates: `alloc`, `serde_json`, `std`:
            - impl From<std::string::String> for Box<str>;
            - impl From<std::string::String> for OsString;
            - impl From<std::string::String> for Rc<str>;
            - impl From<std::string::String> for Vec<u8>;
            - impl From<std::string::String> for serde_json::Value;
            - impl From<std::string::String> for std::path::PathBuf;
            - impl From<std::string::String> for std::sync::Arc<str>;
            - impl From<std::string::String> for std::thread::thread::thread_name_string::ThreadNameString;
help: try using a fully qualified path to specify the expected types
    |
677 -                 return Err("native initial base query geometry differs".into());
677 +                 return Err(<&str as Into<T>>::into("native initial base query geometry differs"));
    |

error[E0283]: type annotations needed
   --> volta-pcs/src/c71_matrix/b12/replay.rs:677:73
    |
677 |                 return Err("native initial base query geometry differs".into());
    |                                                                         ^^^^
...
733 |             let mut pad=runtime.pcs_words(cap)?;
    |                                               - type must be known at this point
    |
    = note: multiple `impl`s satisfying `_: From<std::string::String>` found in the following crates: `alloc`, `serde_json`, `std`:
            - impl From<std::string::String> for Box<str>;
            - impl From<std::string::String> for OsString;
            - impl From<std::string::String> for Rc<str>;
            - impl From<std::string::String> for Vec<u8>;
            - impl From<std::string::String> for serde_json::Value;
            - impl From<std::string::String> for std::path::PathBuf;
            - impl From<std::string::String> for std::sync::Arc<str>;
            - impl From<std::string::String> for std::thread::thread::thread_name_string::ThreadNameString;
help: try using a fully qualified path to specify the expected types
    |
677 -                 return Err("native initial base query geometry differs".into());
677 +                 return Err(<&str as Into<T>>::into("native initial base query geometry differs"));
    |

error[E0283]: type annotations needed
   --> volta-pcs/src/c71_matrix/b12/replay.rs:677:73
    |
677 |                 return Err("native initial base query geometry differs".into());
    |                                                                         ^^^^
...
753 |                 runtime.pcs_query_low(None,&pads,&remainders[0],block)?;
    |                                                                       - type must be known at this point
    |
    = note: multiple `impl`s satisfying `_: From<std::string::String>` found in the following crates: `alloc`, `serde_json`, `std`:
            - impl From<std::string::String> for Box<str>;
            - impl From<std::string::String> for OsString;
            - impl From<std::string::String> for Rc<str>;
            - impl From<std::string::String> for Vec<u8>;
            - impl From<std::string::String> for serde_json::Value;
            - impl From<std::string::String> for std::path::PathBuf;
            - impl From<std::string::String> for std::sync::Arc<str>;
            - impl From<std::string::String> for std::thread::thread::thread_name_string::ThreadNameString;
help: try using a fully qualified path to specify the expected types
    |
677 -                 return Err("native initial base query geometry differs".into());
677 +                 return Err(<&str as Into<T>>::into("native initial base query geometry differs"));
    |

error[E0283]: type annotations needed
   --> volta-pcs/src/c71_matrix/b12/replay.rs:677:73
    |
677 |                 return Err("native initial base query geometry differs".into());
    |                                                                         ^^^^
...
762 |                             if let Some(previous)=window.take() { runtime.release_buffer(previous)?; }
    |                                                                                                   - type must be known at this point
    |
    = note: multiple `impl`s satisfying `_: From<std::string::String>` found in the following crates: `alloc`, `serde_json`, `std`:
            - impl From<std::string::String> for Box<str>;
            - impl From<std::string::String> for OsString;
            - impl From<std::string::String> for Rc<str>;
            - impl From<std::string::String> for Vec<u8>;
            - impl From<std::string::String> for serde_json::Value;
            - impl From<std::string::String> for std::path::PathBuf;
            - impl From<std::string::String> for std::sync::Arc<str>;
            - impl From<std::string::String> for std::thread::thread::thread_name_string::ThreadNameString;
help: try using a fully qualified path to specify the expected types
    |
677 -                 return Err("native initial base query geometry differs".into());
677 +                 return Err(<&str as Into<T>>::into("native initial base query geometry differs"));
    |

error[E0283]: type annotations needed
   --> volta-pcs/src/c71_matrix/b12/replay.rs:677:73
    |
677 |                 return Err("native initial base query geometry differs".into());
    |                                                                         ^^^^
...
764 |                             window=Some((native.read)(&mut runtime,start,count)?);
    |                                                                                - type must be known at this point
    |
    = note: multiple `impl`s satisfying `_: From<std::string::String>` found in the following crates: `alloc`, `serde_json`, `std`:
            - impl From<std::string::String> for Box<str>;
            - impl From<std::string::String> for OsString;
            - impl From<std::string::String> for Rc<str>;
            - impl From<std::string::String> for Vec<u8>;
            - impl From<std::string::String> for serde_json::Value;
            - impl From<std::string::String> for std::path::PathBuf;
            - impl From<std::string::String> for std::sync::Arc<str>;
            - impl From<std::string::String> for std::thread::thread::thread_name_string::ThreadNameString;
help: try using a fully qualified path to specify the expected types
    |
677 -                 return Err("native initial base query geometry differs".into());
677 +                 return Err(<&str as Into<T>>::into("native initial base query geometry differs"));
    |

error[E0283]: type annotations needed
   --> volta-pcs/src/c71_matrix/b12/replay.rs:677:73
    |
677 |                 return Err("native initial base query geometry differs".into());
    |                                                                         ^^^^
...
771 |                         window_first:window_first as u64,..block })?;
    |                                                                    - type must be known at this point
    |
    = note: multiple `impl`s satisfying `_: From<std::string::String>` found in the following crates: `alloc`, `serde_json`, `std`:
            - impl From<std::string::String> for Box<str>;
            - impl From<std::string::String> for OsString;
            - impl From<std::string::String> for Rc<str>;
            - impl From<std::string::String> for Vec<u8>;
            - impl From<std::string::String> for serde_json::Value;
            - impl From<std::string::String> for std::path::PathBuf;
            - impl From<std::string::String> for std::sync::Arc<str>;
            - impl From<std::string::String> for std::thread::thread::thread_name_string::ThreadNameString;
help: try using a fully qualified path to specify the expected types
    |
677 -                 return Err("native initial base query geometry differs".into());
677 +                 return Err(<&str as Into<T>>::into("native initial base query geometry differs"));
    |

error[E0283]: type annotations needed
   --> volta-pcs/src/c71_matrix/b12/replay.rs:677:73
    |
677 |                 return Err("native initial base query geometry differs".into());
    |                                                                         ^^^^
...
773 |                         &root_level.forward,&root_level.backward,&work,&scratch,&remainders[1-current],cap,false)?;
    |                                                                                                                  - type must be known at this point
    |
    = note: multiple `impl`s satisfying `_: From<std::string::String>` found in the following crates: `alloc`, `serde_json`, `std`:
            - impl From<std::string::String> for Box<str>;
            - impl From<std::string::String> for OsString;
            - impl From<std::string::String> for Rc<str>;
            - impl From<std::string::String> for Vec<u8>;
            - impl From<std::string::String> for serde_json::Value;
            - impl From<std::string::String> for std::path::PathBuf;
            - impl From<std::string::String> for std::sync::Arc<str>;
            - impl From<std::string::String> for std::thread::thread::thread_name_string::ThreadNameString;
help: try using a fully qualified path to specify the expected types
    |
677 -                 return Err("native initial base query geometry differs".into());
677 +                 return Err(<&str as Into<T>>::into("native initial base query geometry differs"));
    |

error[E0283]: type annotations needed
   --> volta-pcs/src/c71_matrix/b12/replay.rs:677:73
    |
677 |                 return Err("native initial base query geometry differs".into());
    |                                                                         ^^^^
...
779 |                             source_rows:pad_rows as u64,pad_only:1,..block })?;
    |                                                                              - type must be known at this point
    |
    = note: multiple `impl`s satisfying `_: From<std::string::String>` found in the following crates: `alloc`, `serde_json`, `std`:
            - impl From<std::string::String> for Box<str>;
            - impl From<std::string::String> for OsString;
            - impl From<std::string::String> for Rc<str>;
            - impl From<std::string::String> for Vec<u8>;
            - impl From<std::string::String> for serde_json::Value;
            - impl From<std::string::String> for std::path::PathBuf;
            - impl From<std::string::String> for std::sync::Arc<str>;
            - impl From<std::string::String> for std::thread::thread::thread_name_string::ThreadNameString;
help: try using a fully qualified path to specify the expected types
    |
677 -                 return Err("native initial base query geometry differs".into());
677 +                 return Err(<&str as Into<T>>::into("native initial base query geometry differs"));
    |

error[E0283]: type annotations needed
   --> volta-pcs/src/c71_matrix/b12/replay.rs:677:73
    |
677 |                 return Err("native initial base query geometry differs".into());
    |                                                                         ^^^^
...
781 |                         runtime.pcs_query_low(None,&pads,&pad,block)?;
    |                                                                     - type must be known at this point
    |
    = note: multiple `impl`s satisfying `_: From<std::string::String>` found in the following crates: `alloc`, `serde_json`, `std`:
            - impl From<std::string::String> for Box<str>;
            - impl From<std::string::String> for OsString;
            - impl From<std::string::String> for Rc<str>;
            - impl From<std::string::String> for Vec<u8>;
            - impl From<std::string::String> for serde_json::Value;
            - impl From<std::string::String> for std::path::PathBuf;
            - impl From<std::string::String> for std::sync::Arc<str>;
            - impl From<std::string::String> for std::thread::thread::thread_name_string::ThreadNameString;
help: try using a fully qualified path to specify the expected types
    |
677 -                 return Err("native initial base query geometry differs".into());
677 +                 return Err(<&str as Into<T>>::into("native initial base query geometry differs"));
    |

error[E0283]: type annotations needed
   --> volta-pcs/src/c71_matrix/b12/replay.rs:677:73
    |
677 |                 return Err("native initial base query geometry differs".into());
    |                                                                         ^^^^
...
784 |                                 first:(b*cap) as u64,source_rows:pad_rows as u64,pad_only:1,..block })?;
    |                                                                                                       - type must be known at this point
    |
    = note: multiple `impl`s satisfying `_: From<std::string::String>` found in the following crates: `alloc`, `serde_json`, `std`:
            - impl From<std::string::String> for Box<str>;
            - impl From<std::string::String> for OsString;
            - impl From<std::string::String> for Rc<str>;
            - impl From<std::string::String> for Vec<u8>;
            - impl From<std::string::String> for serde_json::Value;
            - impl From<std::string::String> for std::path::PathBuf;
            - impl From<std::string::String> for std::sync::Arc<str>;
            - impl From<std::string::String> for std::thread::thread::thread_name_string::ThreadNameString;
help: try using a fully qualified path to specify the expected types
    |
677 -                 return Err("native initial base query geometry differs".into());
677 +                 return Err(<&str as Into<T>>::into("native initial base query geometry differs"));
    |

error[E0283]: type annotations needed
   --> volta-pcs/src/c71_matrix/b12/replay.rs:677:73
    |
677 |                 return Err("native initial base query geometry differs".into());
    |                                                                         ^^^^
...
786 |                                 &root_level.forward,&root_level.backward,&work,&scratch,&remainders[1-current],cap,false)?;
    |                                                                                                                          - type must be known at this point
    |
    = note: multiple `impl`s satisfying `_: From<std::string::String>` found in the following crates: `alloc`, `serde_json`, `std`:
            - impl From<std::string::String> for Box<str>;
            - impl From<std::string::String> for OsString;
            - impl From<std::string::String> for Rc<str>;
            - impl From<std::string::String> for Vec<u8>;
            - impl From<std::string::String> for serde_json::Value;
            - impl From<std::string::String> for std::path::PathBuf;
            - impl From<std::string::String> for std::sync::Arc<str>;
            - impl From<std::string::String> for std::thread::thread::thread_name_string::ThreadNameString;
help: try using a fully qualified path to specify the expected types
    |
677 -                 return Err("native initial base query geometry differs".into());
677 +                 return Err(<&str as Into<T>>::into("native initial base query geometry differs"));
    |

error[E0283]: type annotations needed
   --> volta-pcs/src/c71_matrix/b12/replay.rs:677:73
    |
677 |                 return Err("native initial base query geometry differs".into());
    |                                                                         ^^^^
...
791 |                         &work,&scratch,&low,&pad)?;
    |                                                  - type must be known at this point
    |
    = note: multiple `impl`s satisfying `_: From<std::string::String>` found in the following crates: `alloc`, `serde_json`, `std`:
            - impl From<std::string::String> for Box<str>;
            - impl From<std::string::String> for OsString;
            - impl From<std::string::String> for Rc<str>;
            - impl From<std::string::String> for Vec<u8>;
            - impl From<std::string::String> for serde_json::Value;
            - impl From<std::string::String> for std::path::PathBuf;
            - impl From<std::string::String> for std::sync::Arc<str>;
            - impl From<std::string::String> for std::thread::thread::thread_name_string::ThreadNameString;
help: try using a fully qualified path to specify the expected types
    |
677 -                 return Err("native initial base query geometry differs".into());
677 +                 return Err(<&str as Into<T>>::into("native initial base query geometry differs"));
    |

error[E0283]: type annotations needed
   --> volta-pcs/src/c71_matrix/b12/replay.rs:677:73
    |
677 |                 return Err("native initial base query geometry differs".into());
    |                                                                         ^^^^
...
793 |                         &root_level.forward,&root_level.backward,&work,&scratch,&remainders[1-current],cap,false)?;
    |                                                                                                                  - type must be known at this point
    |
    = note: multiple `impl`s satisfying `_: From<std::string::String>` found in the following crates: `alloc`, `serde_json`, `std`:
            - impl From<std::string::String> for Box<str>;
            - impl From<std::string::String> for OsString;
            - impl From<std::string::String> for Rc<str>;
            - impl From<std::string::String> for Vec<u8>;
            - impl From<std::string::String> for serde_json::Value;
            - impl From<std::string::String> for std::path::PathBuf;
            - impl From<std::string::String> for std::sync::Arc<str>;
            - impl From<std::string::String> for std::thread::thread::thread_name_string::ThreadNameString;
help: try using a fully qualified path to specify the expected types
    |
677 -                 return Err("native initial base query geometry differs".into());
677 +                 return Err(<&str as Into<T>>::into("native initial base query geometry differs"));
    |

error[E0283]: type annotations needed
   --> volta-pcs/src/c71_matrix/b12/replay.rs:677:73
    |
677 |                 return Err("native initial base query geometry differs".into());
    |                                                                         ^^^^
...
794 |                     runtime.pcs_query_add(&remainders[current],&remainders[1-current])?;
    |                                                                                       - type must be known at this point
    |
    = note: multiple `impl`s satisfying `_: From<std::string::String>` found in the following crates: `alloc`, `serde_json`, `std`:
            - impl From<std::string::String> for Box<str>;
            - impl From<std::string::String> for OsString;
            - impl From<std::string::String> for Rc<str>;
            - impl From<std::string::String> for Vec<u8>;
            - impl From<std::string::String> for serde_json::Value;
            - impl From<std::string::String> for std::path::PathBuf;
            - impl From<std::string::String> for std::sync::Arc<str>;
            - impl From<std::string::String> for std::thread::thread::thread_name_string::ThreadNameString;
help: try using a fully qualified path to specify the expected types
    |
677 -                 return Err("native initial base query geometry differs".into());
677 +                 return Err(<&str as Into<T>>::into("native initial base query geometry differs"));
    |

error[E0283]: type annotations needed
   --> volta-pcs/src/c71_matrix/b12/replay.rs:677:73
    |
677 |                 return Err("native initial base query geometry differs".into());
    |                                                                         ^^^^
...
798 |                         &level.forward,&level.backward,&work,&scratch,&remainders[1-current],level.degree,true)?;
    |                                                                                                                - type must be known at this point
    |
    = note: multiple `impl`s satisfying `_: From<std::string::String>` found in the following crates: `alloc`, `serde_json`, `std`:
            - impl From<std::string::String> for Box<str>;
            - impl From<std::string::String> for OsString;
            - impl From<std::string::String> for Rc<str>;
            - impl From<std::string::String> for Vec<u8>;
            - impl From<std::string::String> for serde_json::Value;
            - impl From<std::string::String> for std::path::PathBuf;
            - impl From<std::string::String> for std::sync::Arc<str>;
            - impl From<std::string::String> for std::thread::thread::thread_name_string::ThreadNameString;
help: try using a fully qualified path to specify the expected types
    |
677 -                 return Err("native initial base query geometry differs".into());
677 +                 return Err(<&str as Into<T>>::into("native initial base query geometry differs"));
    |

error[E0283]: type annotations needed
   --> volta-pcs/src/c71_matrix/b12/replay.rs:677:73
    |
677 |                 return Err("native initial base query geometry differs".into());
    |                                                                         ^^^^
...
801 |                 runtime.pcs_download_words(&remainders[current],0,&mut column_words)?;
    |                                                                                     - type must be known at this point
    |
    = note: multiple `impl`s satisfying `_: From<std::string::String>` found in the following crates: `alloc`, `serde_json`, `std`:
            - impl From<std::string::String> for Box<str>;
            - impl From<std::string::String> for OsString;
            - impl From<std::string::String> for Rc<str>;
            - impl From<std::string::String> for Vec<u8>;
            - impl From<std::string::String> for serde_json::Value;
            - impl From<std::string::String> for std::path::PathBuf;
            - impl From<std::string::String> for std::sync::Arc<str>;
            - impl From<std::string::String> for std::thread::thread::thread_name_string::ThreadNameString;
help: try using a fully qualified path to specify the expected types
    |
677 -                 return Err("native initial base query geometry differs".into());
677 +                 return Err(<&str as Into<T>>::into("native initial base query geometry differs"));
    |

error[E0283]: type annotations needed
   --> volta-pcs/src/c71_matrix/b12/replay.rs:677:73
    |
677 |                 return Err("native initial base query geometry differs".into());
    |                                                                         ^^^^
...
807 |                     "root_blocks":root_blocks,"pad_blocks":pad_blocks,"native":runtime.stats().ok()}))?;
    |                                                                                                       - type must be known at this point
    |
    = note: multiple `impl`s satisfying `_: From<std::string::String>` found in the following crates: `alloc`, `serde_json`, `std`:
            - impl From<std::string::String> for Box<str>;
            - impl From<std::string::String> for OsString;
            - impl From<std::string::String> for Rc<str>;
            - impl From<std::string::String> for Vec<u8>;
            - impl From<std::string::String> for serde_json::Value;
            - impl From<std::string::String> for std::path::PathBuf;
            - impl From<std::string::String> for std::sync::Arc<str>;
            - impl From<std::string::String> for std::thread::thread::thread_name_string::ThreadNameString;
help: try using a fully qualified path to specify the expected types
    |
677 -                 return Err("native initial base query geometry differs".into());
677 +                 return Err(<&str as Into<T>>::into("native initial base query geometry differs"));
    |

error[E0283]: type annotations needed
   --> volta-pcs/src/c71_matrix/b12/replay.rs:677:73
    |
677 |                 return Err("native initial base query geometry differs".into());
    |                                                                         ^^^^
...
809 |             if let Some(window)=window { runtime.release_buffer(window)?; }
    |                                                                        - type must be known at this point
    |
    = note: multiple `impl`s satisfying `_: From<std::string::String>` found in the following crates: `alloc`, `serde_json`, `std`:
            - impl From<std::string::String> for Box<str>;
            - impl From<std::string::String> for OsString;
            - impl From<std::string::String> for Rc<str>;
            - impl From<std::string::String> for Vec<u8>;
            - impl From<std::string::String> for serde_json::Value;
            - impl From<std::string::String> for std::path::PathBuf;
            - impl From<std::string::String> for std::sync::Arc<str>;
            - impl From<std::string::String> for std::thread::thread::thread_name_string::ThreadNameString;
help: try using a fully qualified path to specify the expected types
    |
677 -                 return Err("native initial base query geometry differs".into());
677 +                 return Err(<&str as Into<T>>::into("native initial base query geometry differs"));
    |

error[E0283]: type annotations needed
   --> volta-pcs/src/c71_matrix/b12/replay.rs:677:73
    |
677 |                 return Err("native initial base query geometry differs".into());
    |                                                                         ^^^^
...
811 |                 for buffer in [level.inverse,level.modulus,level.forward,level.backward] { runtime.release_buffer(buffer)?; }
    |                                                                                                                          - type must be known at this point
    |
    = note: multiple `impl`s satisfying `_: From<std::string::String>` found in the following crates: `alloc`, `serde_json`, `std`:
            - impl From<std::string::String> for Box<str>;
            - impl From<std::string::String> for OsString;
            - impl From<std::string::String> for Rc<str>;
            - impl From<std::string::String> for Vec<u8>;
            - impl From<std::string::String> for serde_json::Value;
            - impl From<std::string::String> for std::path::PathBuf;
            - impl From<std::string::String> for std::sync::Arc<str>;
            - impl From<std::string::String> for std::thread::thread::thread_name_string::ThreadNameString;
help: try using a fully qualified path to specify the expected types
    |
677 -                 return Err("native initial base query geometry differs".into());
677 +                 return Err(<&str as Into<T>>::into("native initial base query geometry differs"));
    |

error[E0283]: type annotations needed
   --> volta-pcs/src/c71_matrix/b12/replay.rs:677:73
    |
677 |                 return Err("native initial base query geometry differs".into());
    |                                                                         ^^^^
...
813 |             if let Some(shift)=shift { runtime.release_buffer(shift)?; }
    |                                                                     - type must be known at this point
    |
    = note: multiple `impl`s satisfying `_: From<std::string::String>` found in the following crates: `alloc`, `serde_json`, `std`:
            - impl From<std::string::String> for Box<str>;
            - impl From<std::string::String> for OsString;
            - impl From<std::string::String> for Rc<str>;
            - impl From<std::string::String> for Vec<u8>;
            - impl From<std::string::String> for serde_json::Value;
            - impl From<std::string::String> for std::path::PathBuf;
            - impl From<std::string::String> for std::sync::Arc<str>;
            - impl From<std::string::String> for std::thread::thread::thread_name_string::ThreadNameString;
help: try using a fully qualified path to specify the expected types
    |
677 -                 return Err("native initial base query geometry differs".into());
677 +                 return Err(<&str as Into<T>>::into("native initial base query geometry differs"));
    |

error[E0283]: type annotations needed
   --> volta-pcs/src/c71_matrix/b12/replay.rs:677:73
    |
677 |                 return Err("native initial base query geometry differs".into());
    |                                                                         ^^^^
...
814 |             for buffer in [pads,work,scratch,low,pad] { runtime.release_buffer(buffer)?; }
    |                                                                                       - type must be known at this point
    |
    = note: multiple `impl`s satisfying `_: From<std::string::String>` found in the following crates: `alloc`, `serde_json`, `std`:
            - impl From<std::string::String> for Box<str>;
            - impl From<std::string::String> for OsString;
            - impl From<std::string::String> for Rc<str>;
            - impl From<std::string::String> for Vec<u8>;
            - impl From<std::string::String> for serde_json::Value;
            - impl From<std::string::String> for std::path::PathBuf;
            - impl From<std::string::String> for std::sync::Arc<str>;
            - impl From<std::string::String> for std::thread::thread::thread_name_string::ThreadNameString;
help: try using a fully qualified path to specify the expected types
    |
677 -                 return Err("native initial base query geometry differs".into());
677 +                 return Err(<&str as Into<T>>::into("native initial base query geometry differs"));
    |

error[E0283]: type annotations needed
   --> volta-pcs/src/c71_matrix/b12/replay.rs:677:73
    |
677 |                 return Err("native initial base query geometry differs".into());
    |                                                                         ^^^^
...
815 |             for buffer in remainders { runtime.release_buffer(buffer)?; }
    |                                                                      - type must be known at this point
    |
    = note: multiple `impl`s satisfying `_: From<std::string::String>` found in the following crates: `alloc`, `serde_json`, `std`:
            - impl From<std::string::String> for Box<str>;
            - impl From<std::string::String> for OsString;
            - impl From<std::string::String> for Rc<str>;
            - impl From<std::string::String> for Vec<u8>;
            - impl From<std::string::String> for serde_json::Value;
            - impl From<std::string::String> for std::path::PathBuf;
            - impl From<std::string::String> for std::sync::Arc<str>;
            - impl From<std::string::String> for std::thread::thread::thread_name_string::ThreadNameString;
help: try using a fully qualified path to specify the expected types
    |
677 -                 return Err("native initial base query geometry differs".into());
677 +                 return Err(<&str as Into<T>>::into("native initial base query geometry differs"));
    |

error[E0283]: type annotations needed
   --> volta-pcs/src/c71_matrix/b12/replay.rs:677:73
    |
677 |                 return Err("native initial base query geometry differs".into());
    |                                                                         ^^^^
...
816 |             let after=runtime.stats()?;
    |                                      - type must be known at this point
    |
    = note: multiple `impl`s satisfying `_: From<std::string::String>` found in the following crates: `alloc`, `serde_json`, `std`:
            - impl From<std::string::String> for Box<str>;
            - impl From<std::string::String> for OsString;
            - impl From<std::string::String> for Rc<str>;
            - impl From<std::string::String> for Vec<u8>;
            - impl From<std::string::String> for serde_json::Value;
            - impl From<std::string::String> for std::path::PathBuf;
            - impl From<std::string::String> for std::sync::Arc<str>;
            - impl From<std::string::String> for std::thread::thread::thread_name_string::ThreadNameString;
help: try using a fully qualified path to specify the expected types
    |
677 -                 return Err("native initial base query geometry differs".into());
677 +                 return Err(<&str as Into<T>>::into("native initial base query geometry differs"));
    |

error[E0283]: type annotations needed
   --> volta-pcs/src/c71_matrix/b12/replay.rs:677:73
    |
677 |                 return Err("native initial base query geometry differs".into());
    |                                                                         ^^^^
...
826 |                 "host_column_capacity_bytes":column_words.capacity()*size_of::<u64>(),"native":after}))?;
    |                                                                                                        - type must be known at this point
    |
    = note: multiple `impl`s satisfying `_: From<std::string::String>` found in the following crates: `alloc`, `serde_json`, `std`:
            - impl From<std::string::String> for Box<str>;
            - impl From<std::string::String> for OsString;
            - impl From<std::string::String> for Rc<str>;
            - impl From<std::string::String> for Vec<u8>;
            - impl From<std::string::String> for serde_json::Value;
            - impl From<std::string::String> for std::path::PathBuf;
            - impl From<std::string::String> for std::sync::Arc<str>;
            - impl From<std::string::String> for std::thread::thread::thread_name_string::ThreadNameString;
help: try using a fully qualified path to specify the expected types
    |
677 -                 return Err("native initial base query geometry differs".into());
677 +                 return Err(<&str as Into<T>>::into("native initial base query geometry differs"));
    |

warning: variable does not need to be mutable
   --> volta-pcs/src/c71_matrix/gemma/native/canonical_device.rs:192:15
    |
192 |     fn finish(mut self) -> Result<BTreeMap<usize, Rows>, String> {
    |               ----^^^^
    |               |
    |               help: remove this `mut`
    |
    = note: `#[warn(unused_mut)]` (part of `#[warn(unused)]`) on by default

For more information about this error, try `rustc --explain E0283`.
warning: `volta-pcs` (lib test) generated 3 warnings
error: could not compile `volta-pcs` (lib test) due to 34 previous errors; 3 warnings emitted
