{
  "added_host_owner_bytes": 8,
  "analytic_only": true,
  "contexts": [
    {
      "all_targets_replay_explicit_pointwise_kernel_launches_removed": 3840,
      "all_targets_replay_histogram_seals": 121,
      "all_targets_replay_numeric_calls_by_kind": {
        "affine": 181,
        "argmax": 1,
        "gate": 60,
        "gelu": 60,
        "matrix": 411,
        "norm": 421,
        "pv": 60,
        "qk": 1920,
        "rne": 2631,
        "rope": 120,
        "softcap": 1,
        "softmax": 1920
      },
      "all_targets_replay_numeric_flag_uses": 13667,
      "all_targets_replay_public_padding_numeric_calls": 5760,
      "all_targets_replay_public_zero_i64_memset_calls": 3840,
      "all_targets_replay_removed_flag_allocations_after_warmup": 13667,
      "frozen_sources": 302,
      "inference_flag_and_token_d2h_bytes": 4743280,
      "inference_histogram_seals": 121,
      "inference_numeric_calls_by_kind": {
        "affine": 27150,
        "argmax": 50,
        "gate": 9000,
        "gelu": 9000,
        "matrix": 61550,
        "norm": 63149,
        "pv": 9000,
        "qk": 288000,
        "rne": 412700,
        "rope": 18000,
        "softcap": 50,
        "softmax": 288000
      },
      "inference_numeric_flag_uses": 1185770,
      "inference_numeric_launches": 1185820,
      "initial_a_all_targets_replay_explicit_pointwise_kernel_launches_removed": 1966080,
      "initial_a_all_targets_replay_flag_uses": 6997504,
      "initial_a_reconstructions": 512,
      "old_tokens": 0
    },
    {
      "all_targets_replay_explicit_pointwise_kernel_launches_removed": 3840,
      "all_targets_replay_histogram_seals": 121,
      "all_targets_replay_numeric_calls_by_kind": {
        "affine": 181,
        "argmax": 1,
        "gate": 60,
        "gelu": 60,
        "matrix": 411,
        "norm": 421,
        "pv": 60,
        "qk": 1920,
        "rne": 2631,
        "rope": 120,
        "softcap": 1,
        "softmax": 1920
      },
      "all_targets_replay_numeric_flag_uses": 13667,
      "all_targets_replay_public_padding_numeric_calls": 5760,
      "all_targets_replay_public_zero_i64_memset_calls": 3840,
      "all_targets_replay_removed_flag_allocations_after_warmup": 13667,
      "frozen_sources": 302,
      "inference_flag_and_token_d2h_bytes": 4743280,
      "inference_histogram_seals": 121,
      "inference_numeric_calls_by_kind": {
        "affine": 27150,
        "argmax": 50,
        "gate": 9000,
        "gelu": 9000,
        "matrix": 61550,
        "norm": 63149,
        "pv": 9000,
        "qk": 288000,
        "rne": 412700,
        "rope": 18000,
        "softcap": 50,
        "softmax": 288000
      },
      "inference_numeric_flag_uses": 1185770,
      "inference_numeric_launches": 1185820,
      "initial_a_all_targets_replay_explicit_pointwise_kernel_launches_removed": 1966080,
      "initial_a_all_targets_replay_flag_uses": 6997504,
      "initial_a_reconstructions": 512,
      "old_tokens": 150
    },
    {
      "all_targets_replay_explicit_pointwise_kernel_launches_removed": 3840,
      "all_targets_replay_histogram_seals": 121,
      "all_targets_replay_numeric_calls_by_kind": {
        "affine": 181,
        "argmax": 1,
        "gate": 60,
        "gelu": 60,
        "matrix": 411,
        "norm": 421,
        "pv": 60,
        "qk": 1920,
        "rne": 2631,
        "rope": 120,
        "softcap": 1,
        "softmax": 1920
      },
      "all_targets_replay_numeric_flag_uses": 13667,
      "all_targets_replay_public_padding_numeric_calls": 5760,
      "all_targets_replay_public_zero_i64_memset_calls": 3840,
      "all_targets_replay_removed_flag_allocations_after_warmup": 13667,
      "frozen_sources": 302,
      "inference_flag_and_token_d2h_bytes": 4743280,
      "inference_histogram_seals": 121,
      "inference_numeric_calls_by_kind": {
        "affine": 27150,
        "argmax": 50,
        "gate": 9000,
        "gelu": 9000,
        "matrix": 61550,
        "norm": 63149,
        "pv": 9000,
        "qk": 288000,
        "rne": 412700,
        "rope": 18000,
        "softcap": 50,
        "softmax": 288000
      },
      "inference_numeric_flag_uses": 1185770,
      "inference_numeric_launches": 1185820,
      "initial_a_all_targets_replay_explicit_pointwise_kernel_launches_removed": 1966080,
      "initial_a_all_targets_replay_flag_uses": 6997504,
      "initial_a_reconstructions": 512,
      "old_tokens": 300
    }
  ],
  "credit": false,
  "gpu_execution": false,
  "inference_removed_flag_allocations_from_fresh_owner": 1185769,
  "numeric_flag_registry_slots": 1,
  "oracle_plan_sha256": "a26a68972307e17b85086791a1c4870ae66b90a905922472a391267574a8fdf5",
  "required_numeric_completion_fences_and_flag_downloads_unchanged": true,
  "retained_numeric_flag_capacity_bytes": 256,
  "schema": "c71-executor-operation-census-v1",
  "scope": "Admitted-Gamma scalar generation and a scan requesting all A sources; partial consumers have their own pruned DAG. Counts are not CUDA timings or a complete proof measure.",
  "zero_padding_output_write_bytes_and_lifetimes_unchanged": true,
  "zero_padding_scope": "Only raw score/Z public i64 zero padding uses stream-ordered memset. EXP30 E remains 2^30; CUDA internal memset work is not counted as an eliminated GPU kernel or a time gain."
}
