warning: variant `Shape` is never constructed
   --> volta-pcg/src/c71_seed6.rs:123:5
    |
120 | enum Seed6Error {
    |      ---------- variant in this enum
...
123 |     Shape,
    |     ^^^^^
    |
    = note: `Seed6Error` has derived impls for the traits `Debug` and `Clone`, but these are intentionally ignored during dead code analysis
    = note: `#[warn(dead_code)]` (part of `#[warn(unused)]`) on by default

warning: struct `ProverRows` is never constructed
   --> volta-pcg/src/c71_seed6.rs:128:8
    |
128 | struct ProverRows<'a> {
    |        ^^^^^^^^^^

warning: struct `VerifierRows` is never constructed
   --> volta-pcg/src/c71_seed6.rs:136:8
    |
136 | struct VerifierRows<'a> {
    |        ^^^^^^^^^^^^

warning: struct `CompressedRows` is never constructed
   --> volta-pcg/src/c71_seed6.rs:191:8
    |
191 | struct CompressedRows {
    |        ^^^^^^^^^^^^^^

warning: function `buffer_report` is never used
   --> volta-pcg/src/c71_seed6.rs:228:4
    |
228 | fn buffer_report(output: &CompressedRows) -> Seed6Buffers {
    |    ^^^^^^^^^^^^^

warning: struct `Seed6Buffers` is never constructed
   --> volta-pcg/src/c71_seed6.rs:243:8
    |
243 | struct Seed6Buffers {
    |        ^^^^^^^^^^^^

warning: function `prover_accumulators` is never used
   --> volta-pcg/src/c71_seed6.rs:256:4
    |
256 | fn prover_accumulators(rows: ProverRows<'_>) -> Result<ProverCheck, Seed6Error> {
    |    ^^^^^^^^^^^^^^^^^^^

warning: function `verifier_accumulator` is never used
   --> volta-pcg/src/c71_seed6.rs:271:4
    |
271 | fn verifier_accumulator(rows: VerifierRows<'_>) -> Result<VerifierCheck, Seed6Error> {
    |    ^^^^^^^^^^^^^^^^^^^^

warning: function `check_then_compress` is never used
   --> volta-pcg/src/c71_seed6.rs:318:4
    |
318 | fn check_then_compress(
    |    ^^^^^^^^^^^^^^^^^^^

warning: method `heap_bytes` is never used
   --> volta-pcg/src/c71_seed6/equality.rs:156:8
    |
 86 | impl<State> Prepared<State> {
    | --------------------------- method in this implementation
...
156 |     fn heap_bytes(&self) -> usize {
    |        ^^^^^^^^^^

warning: function `check_remaining` is never used
   --> volta-pcg/src/c71_seed6/guard.rs:285:4
    |
285 | fn check_remaining(p: &ProverFinished, v: &GuardAccepted) {
    |    ^^^^^^^^^^^^^^^

warning: fields `work` and `random_candidates` are never read
  --> volta-pcg/src/c71_seed6/cggm.rs:24:5
   |
19 | struct SenderPending {
   |        ------------- fields in this struct
...
24 |     work: Work,
   |     ^^^^
25 |     random_candidates: u64,
   |     ^^^^^^^^^^^^^^^^^

warning: field `work` is never read
  --> volta-pcg/src/c71_seed6/cggm.rs:34:5
   |
28 | struct ReceiverPending {
   |        --------------- field in this struct
...
34 |     work: Work,
   |     ^^^^

warning: field `work` is never read
  --> volta-pcg/src/c71_seed6/cggm.rs:40:5
   |
37 | struct SplitPending<State> {
   |        ------------ field in this struct
...
40 |     work: Work,
   |     ^^^^

warning: method `terms` is never used
  --> volta-pcg/src/c71_seed6/expand.rs:43:8
   |
25 | impl Stream {
   | ----------- method in this implementation
...
43 |     fn terms(&mut self) -> Result<(Vec<EaTerm>, Work), Error> {
   |        ^^^^^

warning: methods `next_row` and `heap_bytes` are never used
   --> volta-pcg/src/c71_seed6/expand.rs:122:19
    |
102 | impl Sender {
    | ----------- methods in this implementation
...
122 |     pub(super) fn next_row(&mut self) -> Result<[u64; 3], Error> {
    |                   ^^^^^^^^
...
217 |     pub(super) fn heap_bytes(&self) -> usize {
    |                   ^^^^^^^^^^

warning: methods `next_row` and `heap_bytes` are never used
   --> volta-pcg/src/c71_seed6/expand.rs:254:19
    |
222 | impl Receiver {
    | ------------- methods in this implementation
...
254 |     pub(super) fn next_row(&mut self) -> Result<[u64; 4], Error> {
    |                   ^^^^^^^^
...
303 |     pub(super) fn heap_bytes(&self) -> usize {
    |                   ^^^^^^^^^^

warning: field `seed6_work` is never read
  --> volta-pcg/src/c71_seed6/real.rs:91:9
   |
86 | pub(super) struct RealProverOutput {
   |                   ---------------- field in this struct
...
91 |     pub seed6_work: Seed6Work,
   |         ^^^^^^^^^^

warning: field `seed6_work` is never read
   --> volta-pcg/src/c71_seed6/real.rs:101:9
    |
 96 | pub(super) struct RealVerifierOutput {
    |                   ------------------ field in this struct
...
101 |     pub seed6_work: Seed6Work,
    |         ^^^^^^^^^^

warning: field `work` is never read
   --> volta-pcg/src/c71_seed6/real.rs:117:9
    |
114 | pub(super) struct ProverReservation {
    |                   ----------------- field in this struct
...
117 |     pub work: ReservationWork,
    |         ^^^^

warning: field `work` is never read
   --> volta-pcg/src/c71_seed6/real.rs:123:9
    |
120 | pub(super) struct VerifierReservation {
    |                   ------------------- field in this struct
...
123 |     pub work: ReservationWork,
    |         ^^^^

warning: `volta-pcg` (lib) generated 21 warnings
warning: function `cache_fold_rows_values` is never used
    --> volta-proto/src/block_proof.rs:2209:4
     |
2209 | fn cache_fold_rows_values(segs: &[CacheSegP], wr: &[Fp2], c0: usize, w: usize) -> Vec<Fp2> {
     |    ^^^^^^^^^^^^^^^^^^^^^^
     |
     = note: `#[warn(dead_code)]` (part of `#[warn(unused)]`) on by default

warning: function `cache_fold_cols_values` is never used
    --> volta-proto/src/block_proof.rs:2264:4
     |
2264 | fn cache_fold_cols_values(segs: &[CacheSegP], wc: &[Fp2], c0: usize, w: usize) -> Vec<Fp2> {
     |    ^^^^^^^^^^^^^^^^^^^^^^

warning: `volta-proto` (lib) generated 2 warnings
   Compiling volta-pcs v0.0.0 (/home/okrame/projects/volta-zk/rust/volta-pcs)
warning: unused import: `volta_mac::CorrelationStream`
    --> volta-pcs/src/c63_authenticated_sketch.rs:2169:9
     |
2169 |     use volta_mac::CorrelationStream;
     |         ^^^^^^^^^^^^^^^^^^^^^^^^^^^^
     |
     = note: `#[warn(unused_imports)]` (part of `#[warn(unused)]`) on by default

warning: unused imports: `C6_PERSISTENT_CACHE_CAPACITY_TOKENS`, `C6_PERSISTENT_CACHE_LAYERS`, `C6_PERSISTENT_CACHE_PADDED_LAYERS`, `C6_PERSISTENT_CACHE_PADDED_WIDTH`, `C6_PERSISTENT_CACHE_SLOT_CAPACITY`, and `C6_PERSISTENT_CACHE_WIDTH`
  --> volta-pcs/src/c6_persistent_cache_blind.rs:32:5
   |
32 |     C6_PERSISTENT_CACHE_CAPACITY_TOKENS, C6_PERSISTENT_CACHE_FOLD_CAPACITY,
   |     ^^^^^^^^^^^^^^^^^^^^^^^^^^^^^^^^^^^
33 |     C6_PERSISTENT_CACHE_LAYERS, C6_PERSISTENT_CACHE_PADDED_LAYERS,
   |     ^^^^^^^^^^^^^^^^^^^^^^^^^^  ^^^^^^^^^^^^^^^^^^^^^^^^^^^^^^^^^
34 |     C6_PERSISTENT_CACHE_PADDED_WIDTH, C6_PERSISTENT_CACHE_SLOT_CAPACITY, C6_PERSISTENT_CACHE_WIDTH,
   |     ^^^^^^^^^^^^^^^^^^^^^^^^^^^^^^^^  ^^^^^^^^^^^^^^^^^^^^^^^^^^^^^^^^^  ^^^^^^^^^^^^^^^^^^^^^^^^^

warning: variable does not need to be mutable
   --> volta-pcs/src/c71_matrix/gemma/native/canonical_device.rs:192:15
    |
192 |     fn finish(mut self) -> Result<BTreeMap<usize, Rows>, String> {
    |               ----^^^^
    |               |
    |               help: remove this `mut`
    |
    = note: `#[warn(unused_mut)]` (part of `#[warn(unused)]`) on by default

warning: method `source` is never used
   --> volta-pcs/src/c71_matrix/b12/replay.rs:994:34
    |
794 | impl ReplayModel {
    | ---------------- method in this implementation
...
994 |     pub(in crate::c71_matrix) fn source(&self) -> Getter {
    |                                  ^^^^^^
    |
    = note: `#[warn(dead_code)]` (part of `#[warn(unused)]`) on by default

warning: function `c63_direct_source_domain_offsets` is never used
   --> volta-pcs/src/c63_authenticated_sketch.rs:568:15
    |
568 | pub(crate) fn c63_direct_source_domain_offsets(
    |               ^^^^^^^^^^^^^^^^^^^^^^^^^^^^^^^^

warning: function `c63_correction_rows_opening_from_resident_parts` is never used
    --> volta-pcs/src/c63_authenticated_sketch.rs:1336:15
     |
1336 | pub(crate) fn c63_correction_rows_opening_from_resident_parts(
     |               ^^^^^^^^^^^^^^^^^^^^^^^^^^^^^^^^^^^^^^^^^^^^^^^

warning: function `fold_c64_terminal_pending_prover` is never used
  --> volta-pcs/src/c64_joint_residual_sketch.rs:40:15
   |
40 | pub(crate) fn fold_c64_terminal_pending_prover(
   |               ^^^^^^^^^^^^^^^^^^^^^^^^^^^^^^^^

warning: function `fold_c64_terminal_pending_verifier` is never used
  --> volta-pcs/src/c64_joint_residual_sketch.rs:64:15
   |
64 | pub(crate) fn fold_c64_terminal_pending_verifier(
   |               ^^^^^^^^^^^^^^^^^^^^^^^^^^^^^^^^^^

warning: function `fold_c64_projected_pending_prover` is never used
  --> volta-pcs/src/c64_joint_residual_sketch.rs:88:15
   |
88 | pub(crate) fn fold_c64_projected_pending_prover(
   |               ^^^^^^^^^^^^^^^^^^^^^^^^^^^^^^^^^

warning: function `fold_c64_projected_pending_verifier` is never used
   --> volta-pcs/src/c64_joint_residual_sketch.rs:119:15
    |
119 | pub(crate) fn fold_c64_projected_pending_verifier(
    |               ^^^^^^^^^^^^^^^^^^^^^^^^^^^^^^^^^^^

warning: function `c64_correction_pending_prover` is never used
   --> volta-pcs/src/c64_joint_residual_sketch.rs:150:15
    |
150 | pub(crate) fn c64_correction_pending_prover(
    |               ^^^^^^^^^^^^^^^^^^^^^^^^^^^^^

warning: function `c64_correction_pending_verifier` is never used
   --> volta-pcs/src/c64_joint_residual_sketch.rs:160:15
    |
160 | pub(crate) fn c64_correction_pending_verifier(
    |               ^^^^^^^^^^^^^^^^^^^^^^^^^^^^^^^

warning: function `c64_projected_pending_digest` is never used
   --> volta-pcs/src/c64_joint_residual_sketch.rs:170:15
    |
170 | pub(crate) fn c64_projected_pending_digest(
    |               ^^^^^^^^^^^^^^^^^^^^^^^^^^^^

warning: function `c64_projected_pending_digest_verifier` is never used
   --> volta-pcs/src/c64_joint_residual_sketch.rs:189:15
    |
189 | pub(crate) fn c64_projected_pending_digest_verifier(
    |               ^^^^^^^^^^^^^^^^^^^^^^^^^^^^^^^^^^^^^

warning: function `validate_projected_terminal_entries` is never used
   --> volta-pcs/src/c64_joint_residual_sketch.rs:208:4
    |
208 | fn validate_projected_terminal_entries<'a>(
    |    ^^^^^^^^^^^^^^^^^^^^^^^^^^^^^^^^^^^

warning: function `validate_and_digest_terminal_entries` is never used
   --> volta-pcs/src/c64_joint_residual_sketch.rs:237:4
    |
237 | fn validate_and_digest_terminal_entries<'a>(
    |    ^^^^^^^^^^^^^^^^^^^^^^^^^^^^^^^^^^^^

warning: function `draw_c64_projected_residual_postclaim_challenges` is never used
   --> volta-pcs/src/c64_projected_residual_suffix.rs:301:15
    |
301 | pub(crate) fn draw_c64_projected_residual_postclaim_challenges(
    |               ^^^^^^^^^^^^^^^^^^^^^^^^^^^^^^^^^^^^^^^^^^^^^^^^

warning: function `c64_residual_auth_context` is never used
   --> volta-pcs/src/c64_projected_residual_suffix.rs:679:4
    |
679 | fn c64_residual_auth_context(
    |    ^^^^^^^^^^^^^^^^^^^^^^^^^

warning: function `c64_residual_limb_context` is never used
   --> volta-pcs/src/c64_projected_residual_suffix.rs:878:4
    |
878 | fn c64_residual_limb_context(
    |    ^^^^^^^^^^^^^^^^^^^^^^^^^

warning: method `finish_c62` is never used
   --> volta-pcs/src/c61_whir_reference.rs:250:19
    |
139 | impl<'a> C61InteractiveChallenger<'a> {
    | ------------------------------------- method in this implementation
...
250 |     pub(crate) fn finish_c62(&self, payload: &[u8]) -> ReferenceResult<C61WhirInteractionStats> {
    |                   ^^^^^^^^^^

warning: associated function `for_test` is never used
   --> volta-pcs/src/c6_authenticated_output_link.rs:309:19
    |
299 | impl C63ResidualSourceFunctionalsVerifiedLink {
    | --------------------------------------------- associated function in this implementation
...
309 |     pub(crate) fn for_test(
    |                   ^^^^^^^^

warning: methods `absorb_residual` and `absorb_persistent_cache` are never used
    --> volta-pcs/src/c6_authenticated_output_link.rs:1342:19
     |
1332 | impl C61NativePendingSlotRegistryProverBuilder {
     | ---------------------------------------------- methods in this implementation
...
1342 |     pub(crate) fn absorb_residual(
     |                   ^^^^^^^^^^^^^^^
...
1349 |     pub(crate) fn absorb_persistent_cache(
     |                   ^^^^^^^^^^^^^^^^^^^^^^^

warning: methods `absorb_residual` and `absorb_persistent_cache` are never used
    --> volta-pcs/src/c6_authenticated_output_link.rs:1371:19
     |
1361 | impl C61NativePendingSlotRegistryVerifierBuilder {
     | ------------------------------------------------ methods in this implementation
...
1371 |     pub(crate) fn absorb_residual(
     |                   ^^^^^^^^^^^^^^^
...
1378 |     pub(crate) fn absorb_persistent_cache(
     |                   ^^^^^^^^^^^^^^^^^^^^^^^

warning: method `absorb_residual` is never used
    --> volta-pcs/src/c6_authenticated_output_link.rs:1400:19
     |
1390 | impl C63AuthenticatedSketchPendingSlotRegistryProverBuilder {
     | ----------------------------------------------------------- method in this implementation
...
1400 |     pub(crate) fn absorb_residual(
     |                   ^^^^^^^^^^^^^^^

warning: method `absorb_residual` is never used
    --> volta-pcs/src/c6_authenticated_output_link.rs:1422:19
     |
1412 | impl C63AuthenticatedSketchPendingSlotRegistryVerifierBuilder {
     | ------------------------------------------------------------- method in this implementation
...
1422 |     pub(crate) fn absorb_residual(
     |                   ^^^^^^^^^^^^^^^

warning: associated function `scaled` is never used
   --> volta-pcs/src/c6_live_wrapper.rs:175:8
    |
131 | impl<'a> C6LiveWrapperSources<'a> {
    | --------------------------------- associated function in this implementation
...
175 |     fn scaled(
    |        ^^^^^^

rustc-LLVM ERROR: out of memory
Allocation failed
warning: `volta-pcs` (lib test) generated 26 warnings (run `cargo fix --lib -p volta-pcs --tests` to apply 3 suggestions)
error: could not compile `volta-pcs` (lib test); 26 warnings emitted

Caused by:
  process didn't exit successfully: `/home/okrame/.rustup/toolchains/stable-aarch64-unknown-linux-gnu/bin/rustc --crate-name volta_pcs --edition=2021 volta-pcs/src/lib.rs --error-format=json --json=diagnostic-rendered-ansi,artifacts,future-incompat --emit=dep-info,link -C opt-level=1 -C embed-bitcode=no -C debug-assertions=on --test --cfg 'feature="c61-p3-reference"' --cfg 'feature="c71-b12-pcs"' --cfg 'feature="c71-cpu-matrix-reference"' --cfg 'feature="c71-seed6-reference"' --cfg 'feature="default"' --check-cfg 'cfg(docsrs,test)' --check-cfg 'cfg(feature, values("c6-trace", "c61-p3-authenticated-reference", "c61-p3-reference", "c7-policy3-reference", "c71-b12-pcs", "c71-cpu-matrix-reference", "c71-seed6-reference", "c71-work-census", "cuda", "default"))' -C metadata=4b8b16c32f0ba877 -C extra-filename=-86331ddec4dd57a5 --out-dir /home/okrame/projects/volta-zk/rust/target/debug/deps -C strip=debuginfo -L dependency=/home/okrame/projects/volta-zk/rust/target/debug/deps --extern blake3=/home/okrame/projects/volta-zk/rust/target/debug/deps/libblake3-5bf57e68e9891847.rlib --extern p3_blake3=/home/okrame/projects/volta-zk/rust/target/debug/deps/libp3_blake3-700648fe8ed43537.rlib --extern p3_challenger=/home/okrame/projects/volta-zk/rust/target/debug/deps/libp3_challenger-50ef3684f7fc58f7.rlib --extern p3_commit=/home/okrame/projects/volta-zk/rust/target/debug/deps/libp3_commit-716f04992b39d5ad.rlib --extern p3_dft=/home/okrame/projects/volta-zk/rust/target/debug/deps/libp3_dft-3214f40643699b9f.rlib --extern p3_field=/home/okrame/projects/volta-zk/rust/target/debug/deps/libp3_field-b00bdd093a81ddf1.rlib --extern p3_goldilocks=/home/okrame/projects/volta-zk/rust/target/debug/deps/libp3_goldilocks-db67288c73349533.rlib --extern p3_matrix=/home/okrame/projects/volta-zk/rust/target/debug/deps/libp3_matrix-e24fa947c60b837e.rlib --extern p3_merkle_tree=/home/okrame/projects/volta-zk/rust/target/debug/deps/libp3_merkle_tree-f9a6170784ef2873.rlib --extern p3_multilinear_util=/home/okrame/projects/volta-zk/rust/target/debug/deps/libp3_multilinear_util-6585b20c42bbfdde.rlib --extern p3_sumcheck=/home/okrame/projects/volta-zk/rust/target/debug/deps/libp3_sumcheck-f4e8f29f097f8a22.rlib --extern p3_sumcheck_c61=/home/okrame/projects/volta-zk/rust/target/debug/deps/libp3_sumcheck_c61-487759562a6ac9f8.rlib --extern p3_symmetric=/home/okrame/projects/volta-zk/rust/target/debug/deps/libp3_symmetric-59a2ff7b29a32bdf.rlib --extern p3_whir=/home/okrame/projects/volta-zk/rust/target/debug/deps/libp3_whir-d030fce7234bb929.rlib --extern p3_whir_c61=/home/okrame/projects/volta-zk/rust/target/debug/deps/libp3_whir_c61-fad221a26054c236.rlib --extern rand=/home/okrame/projects/volta-zk/rust/target/debug/deps/librand-8fa6116a8f2f5124.rlib --extern rand_010=/home/okrame/projects/volta-zk/rust/target/debug/deps/librand-abccc3cb1b634f65.rlib --extern rayon=/home/okrame/projects/volta-zk/rust/target/debug/deps/librayon-6ebe8ce9d9c410f0.rlib --extern serde=/home/okrame/projects/volta-zk/rust/target/debug/deps/libserde-393594d4fc11131d.rlib --extern serde_json=/home/okrame/projects/volta-zk/rust/target/debug/deps/libserde_json-7539b92a659307d5.rlib --extern volta_accel=/home/okrame/projects/volta-zk/rust/target/debug/deps/libvolta_accel-b1fe96ca2f05c4ea.rlib --extern volta_field=/home/okrame/projects/volta-zk/rust/target/debug/deps/libvolta_field-c88818c18653bc31.rlib --extern volta_mac=/home/okrame/projects/volta-zk/rust/target/debug/deps/libvolta_mac-b02227e4c27d8cc0.rlib --extern volta_pcg=/home/okrame/projects/volta-zk/rust/target/debug/deps/libvolta_pcg-ae4d13dcf1ca5a0b.rlib --extern volta_proto=/home/okrame/projects/volta-zk/rust/target/debug/deps/libvolta_proto-385d340e4a875c4e.rlib -C target-cpu=native -L native=/home/okrame/projects/volta-zk/rust/target/debug/build/blake3-da7d8be4a0c38e48/out` (signal: 6, SIGABRT: process abort signal)
