{
  "all_other_source_files_byte_identical": true,
  "allowed_modified_source_file_count": 26,
  "allowed_modified_source_files": [
    "merkle-tree/src/hiding_mmcs.rs",
    "merkle-tree/src/merkle_tree.rs",
    "sumcheck/src/strategy.rs",
    "sumcheck/src/zk/data.rs",
    "sumcheck/src/zk/mod.rs",
    "sumcheck/src/zk/prover/mod.rs",
    "sumcheck/src/zk/prover/residual.rs",
    "sumcheck/src/zk/prover/zk_prover.rs",
    "sumcheck/src/zk/verifier.rs",
    "whir/src/fiat_shamir/domain_separator.rs",
    "whir/src/fiat_shamir/pattern.rs",
    "whir/src/lib.rs",
    "whir/src/parameters/whir.rs",
    "whir/src/pcs/zk/base_case/mod.rs",
    "whir/src/pcs/zk/base_case/prover.rs",
    "whir/src/pcs/zk/base_case/verifier.rs",
    "whir/src/pcs/zk/code_switch.rs",
    "whir/src/pcs/zk/committer.rs",
    "whir/src/pcs/zk/config.rs",
    "whir/src/pcs/zk/mod.rs",
    "whir/src/pcs/zk/proof.rs",
    "whir/src/pcs/zk/prover/data.rs",
    "whir/src/pcs/zk/prover/masks.rs",
    "whir/src/pcs/zk/prover/mod.rs",
    "whir/src/pcs/zk/verifier/masks.rs",
    "whir/src/pcs/zk/verifier/mod.rs"
  ],
  "claimless_adapter_statement_guards": true,
  "claimless_source_guards": true,
  "claimless_strict_codec_guards": true,
  "crate_local_target_directories_absent": true,
  "credit": false,
  "durable_private_entropy_journal_source_guards": true,
  "generated_library_lockfiles_absent": true,
  "historical_manifest_source_files": 87,
  "initial_reviewed_runtime_commit": "2d949dc",
  "live_salt_stream_single_caller_guard": true,
  "merkle_dependency_source_files": 9,
  "private_entropy_driver_source_guards": true,
  "profile": "C7.1-p3-fork-provenance-v3",
  "reviewed_delta_content_pinned": true,
  "scope": "pinned source provenance and textual guards; not protocol security or native execution",
  "sourcewise_replay_lifecycle_guards": true,
  "subsequent_review": "B12 common switch-mask pad and live salt-stream replay; exact hashes in REVIEWED_DELTAS",
  "upstream_revision": "66e290615de1858f2f2f6a804158064c406cda1c",
  "upstream_source_files": 96,
  "verdict": "C71_PINNED_FORK_PROVENANCE_PASS"
}
