   Compiling libc v0.2.186
   Compiling cfg-if v1.0.4
   Compiling proc-macro2 v1.0.106
   Compiling quote v1.0.46
   Compiling unicode-ident v1.0.24
   Compiling syn v2.0.118
   Compiling serde_core v1.0.228
   Compiling serde v1.0.228
   Compiling either v1.16.0
   Compiling serde_derive v1.0.228
   Compiling autocfg v1.5.1
   Compiling num-traits v0.2.19
   Compiling getrandom v0.4.3
   Compiling rand_core v0.10.1
   Compiling paste v1.0.15
   Compiling num-integer v0.1.46
   Compiling chacha20 v0.10.2
   Compiling tracing-attributes v0.1.31
   Compiling tracing-core v0.1.36
   Compiling p3-maybe-rayon v0.6.0 (https://github.com/Plonky3/Plonky3.git?rev=66e290615de1858f2f2f6a804158064c406cda1c#66e29061)
   Compiling pin-project-lite v0.2.17
   Compiling tracing v0.1.44
   Compiling p3-util v0.6.0 (https://github.com/Plonky3/Plonky3.git?rev=66e290615de1858f2f2f6a804158064c406cda1c#66e29061)
   Compiling rand v0.10.2
   Compiling num-bigint v0.5.1
   Compiling itertools v0.15.0
   Compiling p3-field v0.6.0 (https://github.com/Plonky3/Plonky3.git?rev=66e290615de1858f2f2f6a804158064c406cda1c#66e29061)
   Compiling version_check v0.9.5
   Compiling zeroize v1.9.0
   Compiling generic-array v0.14.9
   Compiling p3-matrix v0.6.0 (https://github.com/Plonky3/Plonky3.git?rev=66e290615de1858f2f2f6a804158064c406cda1c#66e29061)
   Compiling typenum v1.20.1
   Compiling getrandom v0.2.17
   Compiling rand_core v0.6.4
   Compiling scopeguard v1.2.0
   Compiling lock_api v0.4.14
   Compiling spin v0.12.2
   Compiling p3-symmetric v0.6.0 (https://github.com/Plonky3/Plonky3.git?rev=66e290615de1858f2f2f6a804158064c406cda1c#66e29061)
   Compiling zerocopy v0.8.52
   Compiling subtle v2.6.1
   Compiling crossbeam-utils v0.8.21
   Compiling p3-dft v0.6.0 (https://github.com/Plonky3/Plonky3.git?rev=66e290615de1858f2f2f6a804158064c406cda1c#66e29061)
   Compiling shlex v2.0.1
   Compiling find-msvc-tools v0.1.9
   Compiling crossbeam-epoch v0.9.20
   Compiling cc v1.2.65
   Compiling ppv-lite86 v0.2.21
   Compiling syn v3.0.3
   Compiling const-oid v0.9.6
   Compiling thiserror v2.0.19
   Compiling der v0.7.10
   Compiling thiserror-impl v2.0.19
   Compiling rand_chacha v0.3.1
   Compiling blake3 v1.8.5
   Compiling ff v0.13.1
   Compiling crypto-common v0.1.6
   Compiling p3-multilinear-util v0.6.0 (https://github.com/Plonky3/Plonky3.git?rev=66e290615de1858f2f2f6a804158064c406cda1c#66e29061)
   Compiling rayon-core v1.13.0
   Compiling base16ct v0.2.0
   Compiling semver v1.0.28
   Compiling rustc_version v0.4.1
   Compiling sec1 v0.7.3
   Compiling p3-commit v0.6.0 (https://github.com/Plonky3/Plonky3.git?rev=66e290615de1858f2f2f6a804158064c406cda1c#66e29061)
   Compiling group v0.13.0
   Compiling rand v0.8.6
   Compiling crossbeam-deque v0.8.6
   Compiling crypto-bigint v0.5.5
   Compiling cpufeatures v0.2.17
   Compiling constant_time_eq v0.4.2
   Compiling arrayvec v0.7.8
   Compiling arrayref v0.3.9
   Compiling elliptic-curve v0.13.8
   Compiling volta-field v0.0.0 (/home/okrame/projects/volta-zk/rust/volta-field)
   Compiling curve25519-dalek v4.1.3
   Compiling inout v0.1.4
   Compiling block-buffer v0.10.4
   Compiling libm v0.2.16
   Compiling digest v0.10.7
   Compiling cipher v0.4.4
   Compiling rayon v1.12.0
   Compiling primeorder v0.13.6
   Compiling keccak v0.1.6
   Compiling p3-zk-codes v0.6.0 (https://github.com/Plonky3/Plonky3.git?rev=66e290615de1858f2f2f6a804158064c406cda1c#66e29061)
   Compiling p3-challenger v0.6.0 (https://github.com/Plonky3/Plonky3.git?rev=66e290615de1858f2f2f6a804158064c406cda1c#66e29061)
   Compiling sha3 v0.10.8
   Compiling p521 v0.13.3
   Compiling aes v0.8.4
   Compiling p3-mds v0.6.0 (https://github.com/Plonky3/Plonky3.git?rev=66e290615de1858f2f2f6a804158064c406cda1c#66e29061)
   Compiling p3-air v0.6.0 (https://github.com/Plonky3/Plonky3.git?rev=66e290615de1858f2f2f6a804158064c406cda1c#66e29061)
   Compiling zmij v1.0.21
   Compiling foldhash v0.2.0
   Compiling allocator-api2 v0.2.21
   Compiling equivalent v1.0.2
   Compiling hashbrown v0.17.1
   Compiling p3-security v0.6.0 (https://github.com/Plonky3/Plonky3.git?rev=66e290615de1858f2f2f6a804158064c406cda1c#66e29061)
   Compiling volta-pcg v0.0.0 (/home/okrame/projects/volta-zk/rust/volta-pcg)
warning: variant `Shape` is never constructed
   --> volta-pcg/src/c71_seed6.rs:123:5
    |
120 | enum Seed6Error {
    |      ---------- variant in this enum
...
123 |     Shape,
    |     ^^^^^
    |
    = note: `Seed6Error` has derived impls for the traits `Debug` and `Clone`, but these are intentionally ignored during dead code analysis
    = note: `#[warn(dead_code)]` (part of `#[warn(unused)]`) on by default

warning: struct `ProverRows` is never constructed
   --> volta-pcg/src/c71_seed6.rs:128:8
    |
128 | struct ProverRows<'a> {
    |        ^^^^^^^^^^

warning: struct `VerifierRows` is never constructed
   --> volta-pcg/src/c71_seed6.rs:136:8
    |
136 | struct VerifierRows<'a> {
    |        ^^^^^^^^^^^^

warning: struct `CompressedRows` is never constructed
   --> volta-pcg/src/c71_seed6.rs:191:8
    |
191 | struct CompressedRows {
    |        ^^^^^^^^^^^^^^

warning: function `buffer_report` is never used
   --> volta-pcg/src/c71_seed6.rs:228:4
    |
228 | fn buffer_report(output: &CompressedRows) -> Seed6Buffers {
    |    ^^^^^^^^^^^^^

warning: struct `Seed6Buffers` is never constructed
   --> volta-pcg/src/c71_seed6.rs:243:8
    |
243 | struct Seed6Buffers {
    |        ^^^^^^^^^^^^

warning: function `prover_accumulators` is never used
   --> volta-pcg/src/c71_seed6.rs:256:4
    |
256 | fn prover_accumulators(rows: ProverRows<'_>) -> Result<ProverCheck, Seed6Error> {
    |    ^^^^^^^^^^^^^^^^^^^

warning: function `verifier_accumulator` is never used
   --> volta-pcg/src/c71_seed6.rs:271:4
    |
271 | fn verifier_accumulator(rows: VerifierRows<'_>) -> Result<VerifierCheck, Seed6Error> {
    |    ^^^^^^^^^^^^^^^^^^^^

warning: function `check_then_compress` is never used
   --> volta-pcg/src/c71_seed6.rs:318:4
    |
318 | fn check_then_compress(
    |    ^^^^^^^^^^^^^^^^^^^

warning: method `heap_bytes` is never used
   --> volta-pcg/src/c71_seed6/equality.rs:156:8
    |
 86 | impl<State> Prepared<State> {
    | --------------------------- method in this implementation
...
156 |     fn heap_bytes(&self) -> usize {
    |        ^^^^^^^^^^

warning: function `check_remaining` is never used
   --> volta-pcg/src/c71_seed6/guard.rs:285:4
    |
285 | fn check_remaining(p: &ProverFinished, v: &GuardAccepted) {
    |    ^^^^^^^^^^^^^^^

warning: fields `work` and `random_candidates` are never read
  --> volta-pcg/src/c71_seed6/cggm.rs:24:5
   |
19 | struct SenderPending {
   |        ------------- fields in this struct
...
24 |     work: Work,
   |     ^^^^
25 |     random_candidates: u64,
   |     ^^^^^^^^^^^^^^^^^

warning: field `work` is never read
  --> volta-pcg/src/c71_seed6/cggm.rs:34:5
   |
28 | struct ReceiverPending {
   |        --------------- field in this struct
...
34 |     work: Work,
   |     ^^^^

warning: field `work` is never read
  --> volta-pcg/src/c71_seed6/cggm.rs:40:5
   |
37 | struct SplitPending<State> {
   |        ------------ field in this struct
...
40 |     work: Work,
   |     ^^^^

warning: method `terms` is never used
  --> volta-pcg/src/c71_seed6/expand.rs:43:8
   |
25 | impl Stream {
   | ----------- method in this implementation
...
43 |     fn terms(&mut self) -> Result<(Vec<EaTerm>, Work), Error> {
   |        ^^^^^

warning: methods `next_row` and `heap_bytes` are never used
   --> volta-pcg/src/c71_seed6/expand.rs:122:19
    |
102 | impl Sender {
    | ----------- methods in this implementation
...
122 |     pub(super) fn next_row(&mut self) -> Result<[u64; 3], Error> {
    |                   ^^^^^^^^
...
217 |     pub(super) fn heap_bytes(&self) -> usize {
    |                   ^^^^^^^^^^

warning: methods `next_row` and `heap_bytes` are never used
   --> volta-pcg/src/c71_seed6/expand.rs:254:19
    |
222 | impl Receiver {
    | ------------- methods in this implementation
...
254 |     pub(super) fn next_row(&mut self) -> Result<[u64; 4], Error> {
    |                   ^^^^^^^^
...
303 |     pub(super) fn heap_bytes(&self) -> usize {
    |                   ^^^^^^^^^^

warning: field `seed6_work` is never read
  --> volta-pcg/src/c71_seed6/real.rs:91:9
   |
86 | pub(super) struct RealProverOutput {
   |                   ---------------- field in this struct
...
91 |     pub seed6_work: Seed6Work,
   |         ^^^^^^^^^^

warning: field `seed6_work` is never read
   --> volta-pcg/src/c71_seed6/real.rs:101:9
    |
 96 | pub(super) struct RealVerifierOutput {
    |                   ------------------ field in this struct
...
101 |     pub seed6_work: Seed6Work,
    |         ^^^^^^^^^^

warning: field `work` is never read
   --> volta-pcg/src/c71_seed6/real.rs:117:9
    |
114 | pub(super) struct ProverReservation {
    |                   ----------------- field in this struct
...
117 |     pub work: ReservationWork,
    |         ^^^^

warning: field `work` is never read
   --> volta-pcg/src/c71_seed6/real.rs:123:9
    |
120 | pub(super) struct VerifierReservation {
    |                   ------------------- field in this struct
...
123 |     pub work: ReservationWork,
    |         ^^^^

warning: `volta-pcg` (lib) generated 21 warnings
   Compiling volta-accel v0.0.0 (/home/okrame/projects/volta-zk/rust/volta-accel)
   Compiling serde_json v1.0.150
   Compiling volta-gpt2 v0.0.0 (/home/okrame/projects/volta-zk/rust/volta-gpt2)
   Compiling volta-mac v0.0.0 (/home/okrame/projects/volta-zk/rust/volta-mac)
   Compiling p3-poseidon1 v0.6.0 (https://github.com/Plonky3/Plonky3.git?rev=66e290615de1858f2f2f6a804158064c406cda1c#66e29061)
   Compiling p3-poseidon2 v0.6.0 (https://github.com/Plonky3/Plonky3.git?rev=66e290615de1858f2f2f6a804158064c406cda1c#66e29061)
   Compiling p3-sumcheck-c61 v0.6.0-c61.1 (/home/okrame/projects/volta-zk/rust/third_party/p3-sumcheck-c61)
   Compiling p3-sumcheck v0.6.0 (https://github.com/Plonky3/Plonky3.git?rev=66e290615de1858f2f2f6a804158064c406cda1c#66e29061)
   Compiling p3-merkle-tree v0.6.0 (https://github.com/Plonky3/Plonky3.git?rev=66e290615de1858f2f2f6a804158064c406cda1c#66e29061)
   Compiling p3-merkle-tree v0.6.0 (/home/okrame/projects/volta-zk/rust/third_party/p3-merkle-tree-c61)
   Compiling memchr v2.8.2
   Compiling itoa v1.0.18
   Compiling p3-whir-c61 v0.6.0-c61.1 (/home/okrame/projects/volta-zk/rust/third_party/p3-whir-c61)
   Compiling p3-whir v0.6.0 (https://github.com/Plonky3/Plonky3.git?rev=66e290615de1858f2f2f6a804158064c406cda1c#66e29061)
   Compiling p3-goldilocks v0.6.0 (https://github.com/Plonky3/Plonky3.git?rev=66e290615de1858f2f2f6a804158064c406cda1c#66e29061)
   Compiling volta-proto v0.0.0 (/home/okrame/projects/volta-zk/rust/volta-proto)
warning: function `cache_fold_rows_values` is never used
    --> volta-proto/src/block_proof.rs:2209:4
     |
2209 | fn cache_fold_rows_values(segs: &[CacheSegP], wr: &[Fp2], c0: usize, w: usize) -> Vec<Fp2> {
     |    ^^^^^^^^^^^^^^^^^^^^^^
     |
     = note: `#[warn(dead_code)]` (part of `#[warn(unused)]`) on by default

warning: function `cache_fold_cols_values` is never used
    --> volta-proto/src/block_proof.rs:2264:4
     |
2264 | fn cache_fold_cols_values(segs: &[CacheSegP], wc: &[Fp2], c0: usize, w: usize) -> Vec<Fp2> {
     |    ^^^^^^^^^^^^^^^^^^^^^^

warning: `volta-proto` (lib) generated 2 warnings
   Compiling p3-blake3 v0.6.0 (https://github.com/Plonky3/Plonky3.git?rev=66e290615de1858f2f2f6a804158064c406cda1c#66e29061)
   Compiling volta-pcs v0.0.0 (/home/okrame/projects/volta-zk/rust/volta-pcs)
warning: unused import: `volta_mac::CorrelationStream`
    --> volta-pcs/src/c63_authenticated_sketch.rs:2169:9
     |
2169 |     use volta_mac::CorrelationStream;
     |         ^^^^^^^^^^^^^^^^^^^^^^^^^^^^
     |
     = note: `#[warn(unused_imports)]` (part of `#[warn(unused)]`) on by default

warning: unused imports: `C6_PERSISTENT_CACHE_CAPACITY_TOKENS`, `C6_PERSISTENT_CACHE_LAYERS`, `C6_PERSISTENT_CACHE_PADDED_LAYERS`, `C6_PERSISTENT_CACHE_PADDED_WIDTH`, `C6_PERSISTENT_CACHE_SLOT_CAPACITY`, and `C6_PERSISTENT_CACHE_WIDTH`
  --> volta-pcs/src/c6_persistent_cache_blind.rs:32:5
   |
32 |     C6_PERSISTENT_CACHE_CAPACITY_TOKENS, C6_PERSISTENT_CACHE_FOLD_CAPACITY,
   |     ^^^^^^^^^^^^^^^^^^^^^^^^^^^^^^^^^^^
33 |     C6_PERSISTENT_CACHE_LAYERS, C6_PERSISTENT_CACHE_PADDED_LAYERS,
   |     ^^^^^^^^^^^^^^^^^^^^^^^^^^  ^^^^^^^^^^^^^^^^^^^^^^^^^^^^^^^^^
34 |     C6_PERSISTENT_CACHE_PADDED_WIDTH, C6_PERSISTENT_CACHE_SLOT_CAPACITY, C6_PERSISTENT_CACHE_WIDTH,
   |     ^^^^^^^^^^^^^^^^^^^^^^^^^^^^^^^^  ^^^^^^^^^^^^^^^^^^^^^^^^^^^^^^^^^  ^^^^^^^^^^^^^^^^^^^^^^^^^

warning: variable does not need to be mutable
   --> volta-pcs/src/c71_matrix/gemma/native/canonical_device.rs:192:15
    |
192 |     fn finish(mut self) -> Result<BTreeMap<usize, Rows>, String> {
    |               ----^^^^
    |               |
    |               help: remove this `mut`
    |
    = note: `#[warn(unused_mut)]` (part of `#[warn(unused)]`) on by default

warning: method `source` is never used
   --> volta-pcs/src/c71_matrix/b12/replay.rs:829:34
    |
647 | impl ReplayModel {
    | ---------------- method in this implementation
...
829 |     pub(in crate::c71_matrix) fn source(&self) -> Getter {
    |                                  ^^^^^^
    |
    = note: `#[warn(dead_code)]` (part of `#[warn(unused)]`) on by default

warning: function `c63_direct_source_domain_offsets` is never used
   --> volta-pcs/src/c63_authenticated_sketch.rs:568:15
    |
568 | pub(crate) fn c63_direct_source_domain_offsets(
    |               ^^^^^^^^^^^^^^^^^^^^^^^^^^^^^^^^

warning: function `c63_correction_rows_opening_from_resident_parts` is never used
    --> volta-pcs/src/c63_authenticated_sketch.rs:1336:15
     |
1336 | pub(crate) fn c63_correction_rows_opening_from_resident_parts(
     |               ^^^^^^^^^^^^^^^^^^^^^^^^^^^^^^^^^^^^^^^^^^^^^^^

warning: function `fold_c64_terminal_pending_prover` is never used
  --> volta-pcs/src/c64_joint_residual_sketch.rs:40:15
   |
40 | pub(crate) fn fold_c64_terminal_pending_prover(
   |               ^^^^^^^^^^^^^^^^^^^^^^^^^^^^^^^^

warning: function `fold_c64_terminal_pending_verifier` is never used
  --> volta-pcs/src/c64_joint_residual_sketch.rs:64:15
   |
64 | pub(crate) fn fold_c64_terminal_pending_verifier(
   |               ^^^^^^^^^^^^^^^^^^^^^^^^^^^^^^^^^^

warning: function `fold_c64_projected_pending_prover` is never used
  --> volta-pcs/src/c64_joint_residual_sketch.rs:88:15
   |
88 | pub(crate) fn fold_c64_projected_pending_prover(
   |               ^^^^^^^^^^^^^^^^^^^^^^^^^^^^^^^^^

warning: function `fold_c64_projected_pending_verifier` is never used
   --> volta-pcs/src/c64_joint_residual_sketch.rs:119:15
    |
119 | pub(crate) fn fold_c64_projected_pending_verifier(
    |               ^^^^^^^^^^^^^^^^^^^^^^^^^^^^^^^^^^^

warning: function `c64_correction_pending_prover` is never used
   --> volta-pcs/src/c64_joint_residual_sketch.rs:150:15
    |
150 | pub(crate) fn c64_correction_pending_prover(
    |               ^^^^^^^^^^^^^^^^^^^^^^^^^^^^^

warning: function `c64_correction_pending_verifier` is never used
   --> volta-pcs/src/c64_joint_residual_sketch.rs:160:15
    |
160 | pub(crate) fn c64_correction_pending_verifier(
    |               ^^^^^^^^^^^^^^^^^^^^^^^^^^^^^^^

warning: function `c64_projected_pending_digest` is never used
   --> volta-pcs/src/c64_joint_residual_sketch.rs:170:15
    |
170 | pub(crate) fn c64_projected_pending_digest(
    |               ^^^^^^^^^^^^^^^^^^^^^^^^^^^^

warning: function `c64_projected_pending_digest_verifier` is never used
   --> volta-pcs/src/c64_joint_residual_sketch.rs:189:15
    |
189 | pub(crate) fn c64_projected_pending_digest_verifier(
    |               ^^^^^^^^^^^^^^^^^^^^^^^^^^^^^^^^^^^^^

warning: function `validate_projected_terminal_entries` is never used
   --> volta-pcs/src/c64_joint_residual_sketch.rs:208:4
    |
208 | fn validate_projected_terminal_entries<'a>(
    |    ^^^^^^^^^^^^^^^^^^^^^^^^^^^^^^^^^^^

warning: function `validate_and_digest_terminal_entries` is never used
   --> volta-pcs/src/c64_joint_residual_sketch.rs:237:4
    |
237 | fn validate_and_digest_terminal_entries<'a>(
    |    ^^^^^^^^^^^^^^^^^^^^^^^^^^^^^^^^^^^^

warning: function `draw_c64_projected_residual_postclaim_challenges` is never used
   --> volta-pcs/src/c64_projected_residual_suffix.rs:301:15
    |
301 | pub(crate) fn draw_c64_projected_residual_postclaim_challenges(
    |               ^^^^^^^^^^^^^^^^^^^^^^^^^^^^^^^^^^^^^^^^^^^^^^^^

warning: function `c64_residual_auth_context` is never used
   --> volta-pcs/src/c64_projected_residual_suffix.rs:679:4
    |
679 | fn c64_residual_auth_context(
    |    ^^^^^^^^^^^^^^^^^^^^^^^^^

warning: function `c64_residual_limb_context` is never used
   --> volta-pcs/src/c64_projected_residual_suffix.rs:878:4
    |
878 | fn c64_residual_limb_context(
    |    ^^^^^^^^^^^^^^^^^^^^^^^^^

warning: method `finish_c62` is never used
   --> volta-pcs/src/c61_whir_reference.rs:250:19
    |
139 | impl<'a> C61InteractiveChallenger<'a> {
    | ------------------------------------- method in this implementation
...
250 |     pub(crate) fn finish_c62(&self, payload: &[u8]) -> ReferenceResult<C61WhirInteractionStats> {
    |                   ^^^^^^^^^^

warning: associated function `for_test` is never used
   --> volta-pcs/src/c6_authenticated_output_link.rs:309:19
    |
299 | impl C63ResidualSourceFunctionalsVerifiedLink {
    | --------------------------------------------- associated function in this implementation
...
309 |     pub(crate) fn for_test(
    |                   ^^^^^^^^

warning: methods `absorb_residual` and `absorb_persistent_cache` are never used
    --> volta-pcs/src/c6_authenticated_output_link.rs:1342:19
     |
1332 | impl C61NativePendingSlotRegistryProverBuilder {
     | ---------------------------------------------- methods in this implementation
...
1342 |     pub(crate) fn absorb_residual(
     |                   ^^^^^^^^^^^^^^^
...
1349 |     pub(crate) fn absorb_persistent_cache(
     |                   ^^^^^^^^^^^^^^^^^^^^^^^

warning: methods `absorb_residual` and `absorb_persistent_cache` are never used
    --> volta-pcs/src/c6_authenticated_output_link.rs:1371:19
     |
1361 | impl C61NativePendingSlotRegistryVerifierBuilder {
     | ------------------------------------------------ methods in this implementation
...
1371 |     pub(crate) fn absorb_residual(
     |                   ^^^^^^^^^^^^^^^
...
1378 |     pub(crate) fn absorb_persistent_cache(
     |                   ^^^^^^^^^^^^^^^^^^^^^^^

warning: method `absorb_residual` is never used
    --> volta-pcs/src/c6_authenticated_output_link.rs:1400:19
     |
1390 | impl C63AuthenticatedSketchPendingSlotRegistryProverBuilder {
     | ----------------------------------------------------------- method in this implementation
...
1400 |     pub(crate) fn absorb_residual(
     |                   ^^^^^^^^^^^^^^^

warning: method `absorb_residual` is never used
    --> volta-pcs/src/c6_authenticated_output_link.rs:1422:19
     |
1412 | impl C63AuthenticatedSketchPendingSlotRegistryVerifierBuilder {
     | ------------------------------------------------------------- method in this implementation
...
1422 |     pub(crate) fn absorb_residual(
     |                   ^^^^^^^^^^^^^^^

warning: associated function `scaled` is never used
   --> volta-pcs/src/c6_live_wrapper.rs:175:8
    |
131 | impl<'a> C6LiveWrapperSources<'a> {
    | --------------------------------- associated function in this implementation
...
175 |     fn scaled(
    |        ^^^^^^

